Archive member included to satisfy reference by file (symbol)

C:/ST/STM32CubeIDE_1.16.1/STM32CubeIDE/plugins/com.st.stm32cube.ide.mcu.externaltools.gnu-tools-for-stm32.12.3.rel1.win32_1.0.200.202406191623/tools/bin/../lib/gcc/arm-none-eabi/12.3.1/../../../../arm-none-eabi/lib/thumb/v7-m/nofp\libc_nano.a(libc_a-exit.o)
                              C:/ST/STM32CubeIDE_1.16.1/STM32CubeIDE/plugins/com.st.stm32cube.ide.mcu.externaltools.gnu-tools-for-stm32.12.3.rel1.win32_1.0.200.202406191623/tools/bin/../lib/gcc/arm-none-eabi/12.3.1/../../../../arm-none-eabi/lib/thumb/v7-m/nofp/crt0.o (exit)
C:/ST/STM32CubeIDE_1.16.1/STM32CubeIDE/plugins/com.st.stm32cube.ide.mcu.externaltools.gnu-tools-for-stm32.12.3.rel1.win32_1.0.200.202406191623/tools/bin/../lib/gcc/arm-none-eabi/12.3.1/../../../../arm-none-eabi/lib/thumb/v7-m/nofp\libc_nano.a(libc_a-findfp.o)
                              C:/ST/STM32CubeIDE_1.16.1/STM32CubeIDE/plugins/com.st.stm32cube.ide.mcu.externaltools.gnu-tools-for-stm32.12.3.rel1.win32_1.0.200.202406191623/tools/bin/../lib/gcc/arm-none-eabi/12.3.1/../../../../arm-none-eabi/lib/thumb/v7-m/nofp\libc_nano.a(libc_a-exit.o) (__stdio_exit_handler)
C:/ST/STM32CubeIDE_1.16.1/STM32CubeIDE/plugins/com.st.stm32cube.ide.mcu.externaltools.gnu-tools-for-stm32.12.3.rel1.win32_1.0.200.202406191623/tools/bin/../lib/gcc/arm-none-eabi/12.3.1/../../../../arm-none-eabi/lib/thumb/v7-m/nofp\libc_nano.a(libc_a-fwalk.o)
                              C:/ST/STM32CubeIDE_1.16.1/STM32CubeIDE/plugins/com.st.stm32cube.ide.mcu.externaltools.gnu-tools-for-stm32.12.3.rel1.win32_1.0.200.202406191623/tools/bin/../lib/gcc/arm-none-eabi/12.3.1/../../../../arm-none-eabi/lib/thumb/v7-m/nofp\libc_nano.a(libc_a-findfp.o) (_fwalk_sglue)
C:/ST/STM32CubeIDE_1.16.1/STM32CubeIDE/plugins/com.st.stm32cube.ide.mcu.externaltools.gnu-tools-for-stm32.12.3.rel1.win32_1.0.200.202406191623/tools/bin/../lib/gcc/arm-none-eabi/12.3.1/../../../../arm-none-eabi/lib/thumb/v7-m/nofp\libc_nano.a(libc_a-stdio.o)
                              C:/ST/STM32CubeIDE_1.16.1/STM32CubeIDE/plugins/com.st.stm32cube.ide.mcu.externaltools.gnu-tools-for-stm32.12.3.rel1.win32_1.0.200.202406191623/tools/bin/../lib/gcc/arm-none-eabi/12.3.1/../../../../arm-none-eabi/lib/thumb/v7-m/nofp\libc_nano.a(libc_a-findfp.o) (__sread)
C:/ST/STM32CubeIDE_1.16.1/STM32CubeIDE/plugins/com.st.stm32cube.ide.mcu.externaltools.gnu-tools-for-stm32.12.3.rel1.win32_1.0.200.202406191623/tools/bin/../lib/gcc/arm-none-eabi/12.3.1/../../../../arm-none-eabi/lib/thumb/v7-m/nofp\libc_nano.a(libc_a-memset.o)
                              C:/ST/STM32CubeIDE_1.16.1/STM32CubeIDE/plugins/com.st.stm32cube.ide.mcu.externaltools.gnu-tools-for-stm32.12.3.rel1.win32_1.0.200.202406191623/tools/bin/../lib/gcc/arm-none-eabi/12.3.1/../../../../arm-none-eabi/lib/thumb/v7-m/nofp/crt0.o (memset)
C:/ST/STM32CubeIDE_1.16.1/STM32CubeIDE/plugins/com.st.stm32cube.ide.mcu.externaltools.gnu-tools-for-stm32.12.3.rel1.win32_1.0.200.202406191623/tools/bin/../lib/gcc/arm-none-eabi/12.3.1/../../../../arm-none-eabi/lib/thumb/v7-m/nofp\libc_nano.a(libc_a-closer.o)
                              C:/ST/STM32CubeIDE_1.16.1/STM32CubeIDE/plugins/com.st.stm32cube.ide.mcu.externaltools.gnu-tools-for-stm32.12.3.rel1.win32_1.0.200.202406191623/tools/bin/../lib/gcc/arm-none-eabi/12.3.1/../../../../arm-none-eabi/lib/thumb/v7-m/nofp\libc_nano.a(libc_a-stdio.o) (_close_r)
C:/ST/STM32CubeIDE_1.16.1/STM32CubeIDE/plugins/com.st.stm32cube.ide.mcu.externaltools.gnu-tools-for-stm32.12.3.rel1.win32_1.0.200.202406191623/tools/bin/../lib/gcc/arm-none-eabi/12.3.1/../../../../arm-none-eabi/lib/thumb/v7-m/nofp\libc_nano.a(libc_a-reent.o)
                              C:/ST/STM32CubeIDE_1.16.1/STM32CubeIDE/plugins/com.st.stm32cube.ide.mcu.externaltools.gnu-tools-for-stm32.12.3.rel1.win32_1.0.200.202406191623/tools/bin/../lib/gcc/arm-none-eabi/12.3.1/../../../../arm-none-eabi/lib/thumb/v7-m/nofp\libc_nano.a(libc_a-closer.o) (errno)
C:/ST/STM32CubeIDE_1.16.1/STM32CubeIDE/plugins/com.st.stm32cube.ide.mcu.externaltools.gnu-tools-for-stm32.12.3.rel1.win32_1.0.200.202406191623/tools/bin/../lib/gcc/arm-none-eabi/12.3.1/../../../../arm-none-eabi/lib/thumb/v7-m/nofp\libc_nano.a(libc_a-impure.o)
                              C:/ST/STM32CubeIDE_1.16.1/STM32CubeIDE/plugins/com.st.stm32cube.ide.mcu.externaltools.gnu-tools-for-stm32.12.3.rel1.win32_1.0.200.202406191623/tools/bin/../lib/gcc/arm-none-eabi/12.3.1/../../../../arm-none-eabi/lib/thumb/v7-m/nofp\libc_nano.a(libc_a-reent.o) (_impure_ptr)
C:/ST/STM32CubeIDE_1.16.1/STM32CubeIDE/plugins/com.st.stm32cube.ide.mcu.externaltools.gnu-tools-for-stm32.12.3.rel1.win32_1.0.200.202406191623/tools/bin/../lib/gcc/arm-none-eabi/12.3.1/../../../../arm-none-eabi/lib/thumb/v7-m/nofp\libc_nano.a(libc_a-lseekr.o)
[...]
Memory Configuration

Name             Origin             Length             Attributes
RAM              0x20000000         0x00005000         xrw
FLASH            0x08000000         0x00010000         xr
*default*        0x00000000         0xffffffff

Linker script and memory map

LOAD C:/ST/STM32CubeIDE_1.16.1/STM32CubeIDE/plugins/com.st.stm32cube.ide.mcu.externaltools.gnu-tools-for-stm32.12.3.rel1.win32_1.0.200.202406191623/tools/bin/../lib/gcc/arm-none-eabi/12.3.1/thumb/v7-m/nofp/crti.o
LOAD C:/ST/STM32CubeIDE_1.16.1/STM32CubeIDE/plugins/com.st.stm32cube.ide.mcu.externaltools.gnu-tools-for-stm32.12.3.rel1.win32_1.0.200.202406191623/tools/bin/../lib/gcc/arm-none-eabi/12.3.1/thumb/v7-m/nofp/crtbegin.o
LOAD C:/ST/STM32CubeIDE_1.16.1/STM32CubeIDE/plugins/com.st.stm32cube.ide.mcu.externaltools.gnu-tools-for-stm32.12.3.rel1.win32_1.0.200.202406191623/tools/bin/../lib/gcc/arm-none-eabi/12.3.1/../../../../arm-none-eabi/lib/thumb/v7-m/nofp/crt0.o
LOAD ./Core/Src/gpio.o
LOAD ./Core/Src/main.o
LOAD ./Core/Src/motor.o
LOAD ./Core/Src/servo.o
LOAD ./Core/Src/stm32f1xx_hal_msp.o
LOAD ./Core/Src/stm32f1xx_it.o
LOAD ./Core/Src/syscalls.o
LOAD ./Core/Src/sysmem.o
LOAD ./Core/Src/system_stm32f1xx.o
LOAD ./Core/Src/tim.o
LOAD ./Core/Startup/startup_stm32f103c8tx.o
LOAD ./Drivers/STM32F1xx_HAL_Driver/Src/stm32f1xx_hal.o
LOAD ./Drivers/STM32F1xx_HAL_Driver/Src/stm32f1xx_hal_cortex.o
LOAD ./Drivers/STM32F1xx_HAL_Driver/Src/stm32f1xx_hal_dma.o
LOAD ./Drivers/STM32F1xx_HAL_Driver/Src/stm32f1xx_hal_exti.o
LOAD ./Drivers/STM32F1xx_HAL_Driver/Src/stm32f1xx_hal_flash.o
LOAD ./Drivers/STM32F1xx_HAL_Driver/Src/stm32f1xx_hal_flash_ex.o
LOAD ./Drivers/STM32F1xx_HAL_Driver/Src/stm32f1xx_hal_gpio.o
LOAD ./Drivers/STM32F1xx_HAL_Driver/Src/stm32f1xx_hal_gpio_ex.o
LOAD ./Drivers/STM32F1xx_HAL_Driver/Src/stm32f1xx_hal_pwr.o
LOAD ./Drivers/STM32F1xx_HAL_Driver/Src/stm32f1xx_hal_rcc.o
LOAD ./Drivers/STM32F1xx_HAL_Driver/Src/stm32f1xx_hal_rcc_ex.o
LOAD ./Drivers/STM32F1xx_HAL_Driver/Src/stm32f1xx_hal_tim.o
LOAD ./Drivers/STM32F1xx_HAL_Driver/Src/stm32f1xx_hal_tim_ex.o
START GROUP
LOAD C:/ST/STM32CubeIDE_1.16.1/STM32CubeIDE/plugins/com.st.stm32cube.ide.mcu.externaltools.gnu-tools-for-stm32.12.3.rel1.win32_1.0.200.202406191623/tools/bin/../lib/gcc/arm-none-eabi/12.3.1/../../../../arm-none-eabi/lib/thumb/v7-m/nofp\libc_nano.a
LOAD C:/ST/STM32CubeIDE_1.16.1/STM32CubeIDE/plugins/com.st.stm32cube.ide.mcu.externaltools.gnu-tools-for-stm32.12.3.rel1.win32_1.0.200.202406191623/tools/bin/../lib/gcc/arm-none-eabi/12.3.1/../../../../arm-none-eabi/lib/thumb/v7-m/nofp\libm.a
END GROUP
START GROUP
LOAD C:/ST/STM32CubeIDE_1.16.1/STM32CubeIDE/plugins/com.st.stm32cube.ide.mcu.externaltools.gnu-tools-for-stm32.12.3.rel1.win32_1.0.200.202406191623/tools/bin/../lib/gcc/arm-none-eabi/12.3.1/thumb/v7-m/nofp\libgcc.a
LOAD C:/ST/STM32CubeIDE_1.16.1/STM32CubeIDE/plugins/com.st.stm32cube.ide.mcu.externaltools.gnu-tools-for-stm32.12.3.rel1.win32_1.0.200.202406191623/tools/bin/../lib/gcc/arm-none-eabi/12.3.1/../../../../arm-none-eabi/lib/thumb/v7-m/nofp\libc_nano.a
END GROUP
START GROUP
LOAD C:/ST/STM32CubeIDE_1.16.1/STM32CubeIDE/plugins/com.st.stm32cube.ide.mcu.externaltools.gnu-tools-for-stm32.12.3.rel1.win32_1.0.200.202406191623/tools/bin/../lib/gcc/arm-none-eabi/12.3.1/thumb/v7-m/nofp\libgcc.a
LOAD C:/ST/STM32CubeIDE_1.16.1/STM32CubeIDE/plugins/com.st.stm32cube.ide.mcu.externaltools.gnu-tools-for-stm32.12.3.rel1.win32_1.0.200.202406191623/tools/bin/../lib/gcc/arm-none-eabi/12.3.1/../../../../arm-none-eabi/lib/thumb/v7-m/nofp\libc_nano.a
LOAD C:/ST/STM32CubeIDE_1.16.1/STM32CubeIDE/plugins/com.st.stm32cube.ide.mcu.externaltools.gnu-tools-for-stm32.12.3.rel1.win32_1.0.200.202406191623/tools/bin/../lib/gcc/arm-none-eabi/12.3.1/../../../../arm-none-eabi/lib/thumb/v7-m/nofp\libnosys.a
END GROUP
START GROUP
LOAD C:/ST/STM32CubeIDE_1.16.1/STM32CubeIDE/plugins/com.st.stm32cube.ide.mcu.externaltools.gnu-tools-for-stm32.12.3.rel1.win32_1.0.200.202406191623/tools/bin/../lib/gcc/arm-none-eabi/12.3.1/thumb/v7-m/nofp\libgcc.a
LOAD C:/ST/STM32CubeIDE_1.16.1/STM32CubeIDE/plugins/com.st.stm32cube.ide.mcu.externaltools.gnu-tools-for-stm32.12.3.rel1.win32_1.0.200.202406191623/tools/bin/../lib/gcc/arm-none-eabi/12.3.1/../../../../arm-none-eabi/lib/thumb/v7-m/nofp\libc_nano.a
LOAD C:/ST/STM32CubeIDE_1.16.1/STM32CubeIDE/plugins/com.st.stm32cube.ide.mcu.externaltools.gnu-tools-for-stm32.12.3.rel1.win32_1.0.200.202406191623/tools/bin/../lib/gcc/arm-none-eabi/12.3.1/../../../../arm-none-eabi/lib/thumb/v7-m/nofp\libnosys.a
END GROUP
LOAD C:/ST/STM32CubeIDE_1.16.1/STM32CubeIDE/plugins/com.st.stm32cube.ide.mcu.externaltools.gnu-tools-for-stm32.12.3.rel1.win32_1.0.200.202406191623/tools/bin/../lib/gcc/arm-none-eabi/12.3.1/thumb/v7-m/nofp/crtend.o
LOAD C:/ST/STM32CubeIDE_1.16.1/STM32CubeIDE/plugins/com.st.stm32cube.ide.mcu.externaltools.gnu-tools-for-stm32.12.3.rel1.win32_1.0.200.202406191623/tools/bin/../lib/gcc/arm-none-eabi/12.3.1/thumb/v7-m/nofp/crtn.o
                0x20005000                        _estack = (ORIGIN (RAM) + LENGTH (RAM))
                0x00000200                        _Min_Heap_Size = 0x200
                0x00000400                        _Min_Stack_Size = 0x400

.isr_vector     0x08000000      0x10c
                0x08000000                        . = ALIGN (0x4)
 *(.isr_vector)
 .isr_vector    0x08000000      0x10c ./Core/Startup/startup_stm32f103c8tx.o
                0x08000000                g_pfnVectors
                0x0800010c                        . = ALIGN (0x4)

.text           0x08000110     0x3034
                0x08000110                        . = ALIGN (0x4)
 *(.text)
 .text          0x08000110       0x40 C:/ST/STM32CubeIDE_1.16.1/STM32CubeIDE/plugins/com.st.stm32cube.ide.mcu.externaltools.gnu-tools-for-stm32.12.3.rel1.win32_1.0.200.202406191623/tools/bin/../lib/gcc/arm-none-eabi/12.3.1/thumb/v7-m/nofp/crtbegin.o
 .text          0x08000150      0x378 C:/ST/STM32CubeIDE_1.16.1/STM32CubeIDE/plugins/com.st.stm32cube.ide.mcu.externaltools.gnu-tools-for-stm32.12.3.rel1.win32_1.0.200.202406191623/tools/bin/../lib/gcc/arm-none-eabi/12.3.1/thumb/v7-m/nofp\libgcc.a(_arm_addsubdf3.o)
                0x08000150                __aeabi_drsub
                0x08000158                __aeabi_dsub
                0x08000158                __subdf3
                0x0800015c                __aeabi_dadd
                0x0800015c                __adddf3
                0x080003d4                __floatunsidf
                0x080003d4                __aeabi_ui2d
                0x080003f4                __floatsidf
                0x080003f4                __aeabi_i2d
                0x08000418                __aeabi_f2d
                0x08000418                __extendsfdf2
                0x0800045c                __floatundidf
                0x0800045c                __aeabi_ul2d
                0x0800046c                __floatdidf
                0x0800046c                __aeabi_l2d
 .text          0x080004c8       0xa0 C:/ST/STM32CubeIDE_1.16.1/STM32CubeIDE/plugins/com.st.stm32cube.ide.mcu.externaltools.gnu-tools-for-stm32.12.3.rel1.win32_1.0.200.202406191623/tools/bin/../lib/gcc/arm-none-eabi/12.3.1/thumb/v7-m/nofp\libgcc.a(_arm_truncdfsf2.o)
                0x080004c8                __truncdfsf2
                0x080004c8                __aeabi_d2f
 .text          0x08000568      0x21c C:/ST/STM32CubeIDE_1.16.1/STM32CubeIDE/plugins/com.st.stm32cube.ide.mcu.externaltools.gnu-tools-for-stm32.12.3.rel1.win32_1.0.200.202406191623/tools/bin/../lib/gcc/arm-none-eabi/12.3.1/thumb/v7-m/nofp\libgcc.a(_arm_addsubsf3.o)
                0x08000568                __aeabi_frsub
                0x08000570                __subsf3
                0x08000570                __aeabi_fsub
                0x08000574                __aeabi_fadd
                0x08000574                __addsf3
                0x080006d4                __aeabi_ui2f
                0x080006d4                __floatunsisf
                0x080006dc                __aeabi_i2f
                0x080006dc                __floatsisf
                0x080006f8                __aeabi_ul2f
                0x080006f8                __floatundisf
                0x08000708                __aeabi_l2f
                0x08000708                __floatdisf
 .text          0x08000784      0x2a0 C:/ST/STM32CubeIDE_1.16.1/STM32CubeIDE/plugins/com.st.stm32cube.ide.mcu.externaltools.gnu-tools-for-stm32.12.3.rel1.win32_1.0.200.202406191623/tools/bin/../lib/gcc/arm-none-eabi/12.3.1/thumb/v7-m/nofp\libgcc.a(_arm_muldivsf3.o)
                0x08000784                __mulsf3
                0x08000784                __aeabi_fmul
                0x080008ec                __aeabi_fdiv
                0x080008ec                __divsf3
 .text          0x08000a24       0xec C:/ST/STM32CubeIDE_1.16.1/STM32CubeIDE/plugins/com.st.stm32cube.ide.mcu.externaltools.gnu-tools-for-stm32.12.3.rel1.win32_1.0.200.202406191623/tools/bin/../lib/gcc/arm-none-eabi/12.3.1/thumb/v7-m/nofp\libgcc.a(_arm_cmpsf2.o)
                0x08000a24                __gesf2
                0x08000a24                __gtsf2
                0x08000a2c                __lesf2
                0x08000a2c                __ltsf2
                0x08000a34                __nesf2
                0x08000a34                __eqsf2
                0x08000a34                __cmpsf2
                0x08000a94                __aeabi_cfrcmple
                0x08000a9c                __aeabi_cfcmpeq
                0x08000a9c                __aeabi_cfcmple
                0x08000aac                __aeabi_fcmpeq
                0x08000ac0                __aeabi_fcmplt
                0x08000ad4                __aeabi_fcmple
                0x08000ae8                __aeabi_fcmpge
                0x08000afc                __aeabi_fcmpgt
 .text          0x08000b10       0x40 C:/ST/STM32CubeIDE_1.16.1/STM32CubeIDE/plugins/com.st.stm32cube.ide.mcu.externaltools.gnu-tools-for-stm32.12.3.rel1.win32_1.0.200.202406191623/tools/bin/../lib/gcc/arm-none-eabi/12.3.1/thumb/v7-m/nofp\libgcc.a(_arm_fixunssfsi.o)
                0x08000b10                __fixunssfsi
                0x08000b10                __aeabi_f2uiz
 *(.text*)
 .text.MX_GPIO_Init
                0x08000b50       0x98 ./Core/Src/gpio.o
                0x08000b50                MX_GPIO_Init
 .text.HAL_TIM_PeriodElapsedCallback
                0x08000be8       0x12 ./Core/Src/main.o
                0x08000be8                HAL_TIM_PeriodElapsedCallback
 *fill*         0x08000bfa        0x2 
 .text.main     0x08000bfc       0x90 ./Core/Src/main.o
                0x08000bfc                main
 .text.SystemClock_Config
                0x08000c8c       0x8a ./Core/Src/main.o
                0x08000c8c                SystemClock_Config
 .text.Error_Handler
                0x08000d16        0xc ./Core/Src/main.o
                0x08000d16                Error_Handler
 .text.servoInit
                0x08000d22       0x36 ./Core/Src/servo.o
                0x08000d22                servoInit
 .text.servoStart
                0x08000d58       0x22 ./Core/Src/servo.o
                0x08000d58                servoStart
 *fill*         0x08000d7a        0x2 
 .text.calc_DCPR
                0x08000d7c       0x54 ./Core/Src/servo.o
                0x08000d7c                calc_DCPR
 .text.angle2DutyCycle
                0x08000dd0       0x50 ./Core/Src/servo.o
 .text.setServoPWM
                0x08000e20       0xe0 ./Core/Src/servo.o
 .text.setServoAngle
                0x08000f00       0x5e ./Core/Src/servo.o
                0x08000f00                setServoAngle
 *fill*         0x08000f5e        0x2 
 .text.HAL_MspInit
                0x08000f60       0x64 ./Core/Src/stm32f1xx_hal_msp.o
                0x08000f60                HAL_MspInit
 .text.NMI_Handler
                0x08000fc4        0x8 ./Core/Src/stm32f1xx_it.o
                0x08000fc4                NMI_Handler
 .text.HardFault_Handler
                0x08000fcc        0x8 ./Core/Src/stm32f1xx_it.o
                0x08000fcc                HardFault_Handler
 .text.MemManage_Handler
                0x08000fd4        0x8 ./Core/Src/stm32f1xx_it.o
                0x08000fd4                MemManage_Handler
 .text.BusFault_Handler
                0x08000fdc        0x8 ./Core/Src/stm32f1xx_it.o
                0x08000fdc                BusFault_Handler
 .text.UsageFault_Handler
                0x08000fe4        0x8 ./Core/Src/stm32f1xx_it.o
                0x08000fe4                UsageFault_Handler
 .text.SVC_Handler
                0x08000fec        0xc ./Core/Src/stm32f1xx_it.o
                0x08000fec                SVC_Handler
 .text.DebugMon_Handler
                0x08000ff8        0xc ./Core/Src/stm32f1xx_it.o
                0x08000ff8                DebugMon_Handler
 .text.PendSV_Handler
                0x08001004        0xc ./Core/Src/stm32f1xx_it.o
                0x08001004                PendSV_Handler
 .text.SysTick_Handler
                0x08001010        0xc ./Core/Src/stm32f1xx_it.o
                0x08001010                SysTick_Handler
 .text.TIM3_IRQHandler
                0x0800101c       0x14 ./Core/Src/stm32f1xx_it.o
                0x0800101c                TIM3_IRQHandler
 .text.SystemInit
                0x08001030        0xc ./Core/Src/system_stm32f1xx.o
                0x08001030                SystemInit
 .text.MX_TIM1_Init
                0x0800103c      0x120 ./Core/Src/tim.o
                0x0800103c                MX_TIM1_Init
 .text.MX_TIM2_Init
                0x0800115c       0xa8 ./Core/Src/tim.o
                0x0800115c                MX_TIM2_Init
 .text.MX_TIM3_Init
                0x08001204       0xb4 ./Core/Src/tim.o
                0x08001204                MX_TIM3_Init
 .text.MX_TIM4_Init
                0x080012b8       0xb4 ./Core/Src/tim.o
                0x080012b8                MX_TIM4_Init
 .text.HAL_TIM_PWM_MspInit
                0x0800136c       0x9c ./Core/Src/tim.o
                0x0800136c                HAL_TIM_PWM_MspInit
 .text.HAL_TIM_Encoder_MspInit
                0x08001408       0x78 ./Core/Src/tim.o
                0x08001408                HAL_TIM_Encoder_MspInit
 .text.HAL_TIM_MspPostInit
                0x08001480      0x114 ./Core/Src/tim.o
                0x08001480                HAL_TIM_MspPostInit
 .text.getTimerPeriod_ms
                0x08001594       0x4c ./Core/Src/tim.o
                0x08001594                getTimerPeriod_ms
 .text.Reset_Handler
                0x080015e0       0x48 ./Core/Startup/startup_stm32f103c8tx.o
                0x080015e0                Reset_Handler
 .text.Default_Handler
                0x08001628        0x2 ./Core/Startup/startup_stm32f103c8tx.o
                0x08001628                RTC_Alarm_IRQHandler
                0x08001628                EXTI2_IRQHandler
                0x08001628                TIM1_CC_IRQHandler
                0x08001628                PVD_IRQHandler
                0x08001628                EXTI3_IRQHandler
                0x08001628                EXTI0_IRQHandler
                0x08001628                I2C2_EV_IRQHandler
                0x08001628                ADC1_2_IRQHandler
                0x08001628                SPI1_IRQHandler
                0x08001628                TAMPER_IRQHandler
                0x08001628                DMA1_Channel4_IRQHandler
                0x08001628                USART3_IRQHandler
                0x08001628                RTC_IRQHandler
                0x08001628                DMA1_Channel7_IRQHandler
                0x08001628                CAN1_RX1_IRQHandler
                0x08001628                TIM4_IRQHandler
                0x08001628                I2C1_EV_IRQHandler
                0x08001628                DMA1_Channel6_IRQHandler
                0x08001628                RCC_IRQHandler
                0x08001628                TIM1_TRG_COM_IRQHandler
                0x08001628                DMA1_Channel1_IRQHandler
                0x08001628                Default_Handler
                0x08001628                EXTI15_10_IRQHandler
                0x08001628                EXTI9_5_IRQHandler
                0x08001628                SPI2_IRQHandler
                0x08001628                DMA1_Channel5_IRQHandler
                0x08001628                EXTI4_IRQHandler
                0x08001628                USB_LP_CAN1_RX0_IRQHandler
                0x08001628                USB_HP_CAN1_TX_IRQHandler
                0x08001628                DMA1_Channel3_IRQHandler
                0x08001628                TIM1_UP_IRQHandler
                0x08001628                WWDG_IRQHandler
                0x08001628                TIM2_IRQHandler
                0x08001628                TIM1_BRK_IRQHandler
                0x08001628                EXTI1_IRQHandler
                0x08001628                USART2_IRQHandler
                0x08001628                I2C2_ER_IRQHandler
                0x08001628                DMA1_Channel2_IRQHandler
                0x08001628                CAN1_SCE_IRQHandler
                0x08001628                FLASH_IRQHandler
                0x08001628                USART1_IRQHandler
                0x08001628                I2C1_ER_IRQHandler
                0x08001628                USBWakeUp_IRQHandler
 *fill*         0x0800162a        0x2 
 .text.HAL_Init
                0x0800162c       0x2c ./Drivers/STM32F1xx_HAL_Driver/Src/stm32f1xx_hal.o
                0x0800162c                HAL_Init
 .text.HAL_InitTick
                0x08001658       0x60 ./Drivers/STM32F1xx_HAL_Driver/Src/stm32f1xx_hal.o
                0x08001658                HAL_InitTick
 .text.HAL_IncTick
                0x080016b8       0x24 ./Drivers/STM32F1xx_HAL_Driver/Src/stm32f1xx_hal.o
                0x080016b8                HAL_IncTick
 .text.HAL_GetTick
                0x080016dc       0x14 ./Drivers/STM32F1xx_HAL_Driver/Src/stm32f1xx_hal.o
                0x080016dc                HAL_GetTick
 .text.HAL_Delay
                0x080016f0       0x48 ./Drivers/STM32F1xx_HAL_Driver/Src/stm32f1xx_hal.o
                0x080016f0                HAL_Delay
 .text.__NVIC_SetPriorityGrouping
                0x08001738       0x48 ./Drivers/STM32F1xx_HAL_Driver/Src/stm32f1xx_hal_cortex.o
 .text.__NVIC_GetPriorityGrouping
                0x08001780       0x1c ./Drivers/STM32F1xx_HAL_Driver/Src/stm32f1xx_hal_cortex.o
 .text.__NVIC_EnableIRQ
                0x0800179c       0x38 ./Drivers/STM32F1xx_HAL_Driver/Src/stm32f1xx_hal_cortex.o
 .text.__NVIC_SetPriority
                0x080017d4       0x54 ./Drivers/STM32F1xx_HAL_Driver/Src/stm32f1xx_hal_cortex.o
 .text.NVIC_EncodePriority
                0x08001828       0x64 ./Drivers/STM32F1xx_HAL_Driver/Src/stm32f1xx_hal_cortex.o
 .text.SysTick_Config
                0x0800188c       0x44 ./Drivers/STM32F1xx_HAL_Driver/Src/stm32f1xx_hal_cortex.o
 .text.HAL_NVIC_SetPriorityGrouping
                0x080018d0       0x16 ./Drivers/STM32F1xx_HAL_Driver/Src/stm32f1xx_hal_cortex.o
                0x080018d0                HAL_NVIC_SetPriorityGrouping
 .text.HAL_NVIC_SetPriority
                0x080018e6       0x38 ./Drivers/STM32F1xx_HAL_Driver/Src/stm32f1xx_hal_cortex.o
                0x080018e6                HAL_NVIC_SetPriority
 .text.HAL_NVIC_EnableIRQ
                0x0800191e       0x1c ./Drivers/STM32F1xx_HAL_Driver/Src/stm32f1xx_hal_cortex.o
                0x0800191e                HAL_NVIC_EnableIRQ
 .text.HAL_SYSTICK_Config
                0x0800193a       0x18 ./Drivers/STM32F1xx_HAL_Driver/Src/stm32f1xx_hal_cortex.o
                0x0800193a                HAL_SYSTICK_Config
 *fill*         0x08001952        0x2 
 .text.HAL_GPIO_Init
                0x08001954      0x308 ./Drivers/STM32F1xx_HAL_Driver/Src/stm32f1xx_hal_gpio.o
                0x08001954                HAL_GPIO_Init
 .text.HAL_GPIO_WritePin
                0x08001c5c       0x30 ./Drivers/STM32F1xx_HAL_Driver/Src/stm32f1xx_hal_gpio.o
                0x08001c5c                HAL_GPIO_WritePin
 .text.HAL_RCC_OscConfig
                0x08001c8c      0x504 ./Drivers/STM32F1xx_HAL_Driver/Src/stm32f1xx_hal_rcc.o
                0x08001c8c                HAL_RCC_OscConfig
 .text.HAL_RCC_ClockConfig
                0x08002190      0x1d4 ./Drivers/STM32F1xx_HAL_Driver/Src/stm32f1xx_hal_rcc.o
                0x08002190                HAL_RCC_ClockConfig
 .text.HAL_RCC_GetSysClockFreq
                0x08002364       0xa8 ./Drivers/STM32F1xx_HAL_Driver/Src/stm32f1xx_hal_rcc.o
                0x08002364                HAL_RCC_GetSysClockFreq
 .text.RCC_Delay
                0x0800240c       0x3c ./Drivers/STM32F1xx_HAL_Driver/Src/stm32f1xx_hal_rcc.o
 .text.HAL_TIM_PWM_Init
                0x08002448       0x9e ./Drivers/STM32F1xx_HAL_Driver/Src/stm32f1xx_hal_tim.o
                0x08002448                HAL_TIM_PWM_Init
 *fill*         0x080024e6        0x2 
 .text.HAL_TIM_PWM_Start
                0x080024e8      0x144 ./Drivers/STM32F1xx_HAL_Driver/Src/stm32f1xx_hal_tim.o
                0x080024e8                HAL_TIM_PWM_Start
 .text.HAL_TIM_Encoder_Init
                0x0800262c      0x144 ./Drivers/STM32F1xx_HAL_Driver/Src/stm32f1xx_hal_tim.o
                0x0800262c                HAL_TIM_Encoder_Init
 .text.HAL_TIM_IRQHandler
                0x08002770      0x1e0 ./Drivers/STM32F1xx_HAL_Driver/Src/stm32f1xx_hal_tim.o
                0x08002770                HAL_TIM_IRQHandler
 .text.HAL_TIM_PWM_ConfigChannel
                0x08002950      0x184 ./Drivers/STM32F1xx_HAL_Driver/Src/stm32f1xx_hal_tim.o
                0x08002950                HAL_TIM_PWM_ConfigChannel
 .text.HAL_TIM_OC_DelayElapsedCallback
                0x08002ad4       0x12 ./Drivers/STM32F1xx_HAL_Driver/Src/stm32f1xx_hal_tim.o
                0x08002ad4                HAL_TIM_OC_DelayElapsedCallback
 .text.HAL_TIM_IC_CaptureCallback
                0x08002ae6       0x12 ./Drivers/STM32F1xx_HAL_Driver/Src/stm32f1xx_hal_tim.o
                0x08002ae6                HAL_TIM_IC_CaptureCallback
 .text.HAL_TIM_PWM_PulseFinishedCallback
                0x08002af8       0x12 ./Drivers/STM32F1xx_HAL_Driver/Src/stm32f1xx_hal_tim.o
                0x08002af8                HAL_TIM_PWM_PulseFinishedCallback
 .text.HAL_TIM_TriggerCallback
                0x08002b0a       0x12 ./Drivers/STM32F1xx_HAL_Driver/Src/stm32f1xx_hal_tim.o
                0x08002b0a                HAL_TIM_TriggerCallback
 .text.TIM_Base_SetConfig
                0x08002b1c       0xdc ./Drivers/STM32F1xx_HAL_Driver/Src/stm32f1xx_hal_tim.o
                0x08002b1c                TIM_Base_SetConfig
 .text.TIM_OC1_SetConfig
                0x08002bf8       0xcc ./Drivers/STM32F1xx_HAL_Driver/Src/stm32f1xx_hal_tim.o
 .text.TIM_OC2_SetConfig
                0x08002cc4       0xd4 ./Drivers/STM32F1xx_HAL_Driver/Src/stm32f1xx_hal_tim.o
                0x08002cc4                TIM_OC2_SetConfig
 .text.TIM_OC3_SetConfig
                0x08002d98       0xd4 ./Drivers/STM32F1xx_HAL_Driver/Src/stm32f1xx_hal_tim.o
 .text.TIM_OC4_SetConfig
                0x08002e6c       0x9c ./Drivers/STM32F1xx_HAL_Driver/Src/stm32f1xx_hal_tim.o
 .text.TIM_CCxChannelCmd
                0x08002f08       0x48 ./Drivers/STM32F1xx_HAL_Driver/Src/stm32f1xx_hal_tim.o
                0x08002f08                TIM_CCxChannelCmd
 .text.HAL_TIMEx_MasterConfigSynchronization
                0x08002f50       0xbc ./Drivers/STM32F1xx_HAL_Driver/Src/stm32f1xx_hal_tim_ex.o
                0x08002f50                HAL_TIMEx_MasterConfigSynchronization
 .text.HAL_TIMEx_ConfigBreakDeadTime
                0x0800300c       0xa2 ./Drivers/STM32F1xx_HAL_Driver/Src/stm32f1xx_hal_tim_ex.o
                0x0800300c                HAL_TIMEx_ConfigBreakDeadTime
 .text.HAL_TIMEx_CommutCallback
                0x080030ae       0x12 ./Drivers/STM32F1xx_HAL_Driver/Src/stm32f1xx_hal_tim_ex.o
                0x080030ae                HAL_TIMEx_CommutCallback
 .text.HAL_TIMEx_BreakCallback
                0x080030c0       0x12 ./Drivers/STM32F1xx_HAL_Driver/Src/stm32f1xx_hal_tim_ex.o
                0x080030c0                HAL_TIMEx_BreakCallback
 .text.memset   0x080030d2       0x10 C:/ST/STM32CubeIDE_1.16.1/STM32CubeIDE/plugins/com.st.stm32cube.ide.mcu.externaltools.gnu-tools-for-stm32.12.3.rel1.win32_1.0.200.202406191623/tools/bin/../lib/gcc/arm-none-eabi/12.3.1/../../../../arm-none-eabi/lib/thumb/v7-m/nofp\libc_nano.a(libc_a-memset.o)
                0x080030d2                memset
 *fill*         0x080030e2        0x2 
 .text.__libc_init_array
                0x080030e4       0x48 C:/ST/STM32CubeIDE_1.16.1/STM32CubeIDE/plugins/com.st.stm32cube.ide.mcu.externaltools.gnu-tools-for-stm32.12.3.rel1.win32_1.0.200.202406191623/tools/bin/../lib/gcc/arm-none-eabi/12.3.1/../../../../arm-none-eabi/lib/thumb/v7-m/nofp\libc_nano.a(libc_a-init.o)
                0x080030e4                __libc_init_array
 *(.glue_7)
 .glue_7        0x0800312c        0x0 linker stubs
 *(.glue_7t)
 .glue_7t       0x0800312c        0x0 linker stubs
 *(.eh_frame)
 .eh_frame      0x0800312c        0x0 C:/ST/STM32CubeIDE_1.16.1/STM32CubeIDE/plugins/com.st.stm32cube.ide.mcu.externaltools.gnu-tools-for-stm32.12.3.rel1.win32_1.0.200.202406191623/tools/bin/../lib/gcc/arm-none-eabi/12.3.1/thumb/v7-m/nofp/crtbegin.o
 *(.init)
 .init          0x0800312c        0x4 C:/ST/STM32CubeIDE_1.16.1/STM32CubeIDE/plugins/com.st.stm32cube.ide.mcu.externaltools.gnu-tools-for-stm32.12.3.rel1.win32_1.0.200.202406191623/tools/bin/../lib/gcc/arm-none-eabi/12.3.1/thumb/v7-m/nofp/crti.o
                0x0800312c                _init
 .init          0x08003130        0x8 C:/ST/STM32CubeIDE_1.16.1/STM32CubeIDE/plugins/com.st.stm32cube.ide.mcu.externaltools.gnu-tools-for-stm32.12.3.rel1.win32_1.0.200.202406191623/tools/bin/../lib/gcc/arm-none-eabi/12.3.1/thumb/v7-m/nofp/crtn.o
 *(.fini)
 .fini          0x08003138        0x4 C:/ST/STM32CubeIDE_1.16.1/STM32CubeIDE/plugins/com.st.stm32cube.ide.mcu.externaltools.gnu-tools-for-stm32.12.3.rel1.win32_1.0.200.202406191623/tools/bin/../lib/gcc/arm-none-eabi/12.3.1/thumb/v7-m/nofp/crti.o
                0x08003138                _fini
 .fini          0x0800313c        0x8 C:/ST/STM32CubeIDE_1.16.1/STM32CubeIDE/plugins/com.st.stm32cube.ide.mcu.externaltools.gnu-tools-for-stm32.12.3.rel1.win32_1.0.200.202406191623/tools/bin/../lib/gcc/arm-none-eabi/12.3.1/thumb/v7-m/nofp/crtn.o
                0x08003144                        . = ALIGN (0x4)
                0x08003144                        _etext = .

.vfp11_veneer   0x08003144        0x0
 .vfp11_veneer  0x08003144        0x0 linker stubs

.v4_bx          0x08003144        0x0
 .v4_bx         0x08003144        0x0 linker stubs

.iplt           0x08003144        0x0
 .iplt          0x08003144        0x0 C:/ST/STM32CubeIDE_1.16.1/STM32CubeIDE/plugins/com.st.stm32cube.ide.mcu.externaltools.gnu-tools-for-stm32.12.3.rel1.win32_1.0.200.202406191623/tools/bin/../lib/gcc/arm-none-eabi/12.3.1/thumb/v7-m/nofp/crtbegin.o

.rodata         0x08003144       0x24
                0x08003144                        . = ALIGN (0x4)
 *(.rodata)
 *(.rodata*)
 .rodata.AHBPrescTable
                0x08003144       0x10 ./Core/Src/system_stm32f1xx.o
                0x08003144                AHBPrescTable
 .rodata.aPLLMULFactorTable.1
                0x08003154       0x10 ./Drivers/STM32F1xx_HAL_Driver/Src/stm32f1xx_hal_rcc.o
 .rodata.aPredivFactorTable.0
                0x08003164        0x2 ./Drivers/STM32F1xx_HAL_Driver/Src/stm32f1xx_hal_rcc.o
                0x08003168                        . = ALIGN (0x4)
 *fill*         0x08003166        0x2 

.ARM.extab      0x08003168        0x0
                0x08003168                        . = ALIGN (0x4)
 *(.ARM.extab* .gnu.linkonce.armextab.*)
                0x08003168                        . = ALIGN (0x4)

.ARM            0x08003168        0x0
                0x08003168                        . = ALIGN (0x4)
                0x08003168                        __exidx_start = .
 *(.ARM.exidx*)
                0x08003168                        __exidx_end = .
                0x08003168                        . = ALIGN (0x4)

.preinit_array  0x08003168        0x0
                0x08003168                        . = ALIGN (0x4)
                0x08003168                        PROVIDE (__preinit_array_start = .)
 *(.preinit_array*)
                0x08003168                        PROVIDE (__preinit_array_end = .)
                0x08003168                        . = ALIGN (0x4)

.init_array     0x08003168        0x4
                0x08003168                        . = ALIGN (0x4)
                0x08003168                        PROVIDE (__init_array_start = .)
 *(SORT_BY_NAME(.init_array.*))
 *(.init_array*)
 .init_array    0x08003168        0x4 C:/ST/STM32CubeIDE_1.16.1/STM32CubeIDE/plugins/com.st.stm32cube.ide.mcu.externaltools.gnu-tools-for-stm32.12.3.rel1.win32_1.0.200.202406191623/tools/bin/../lib/gcc/arm-none-eabi/12.3.1/thumb/v7-m/nofp/crtbegin.o
                0x0800316c                        PROVIDE (__init_array_end = .)
                0x0800316c                        . = ALIGN (0x4)

.fini_array     0x0800316c        0x4
                0x0800316c                        . = ALIGN (0x4)
                [!provide]                        PROVIDE (__fini_array_start = .)
 *(SORT_BY_NAME(.fini_array.*))
 *(.fini_array*)
 .fini_array    0x0800316c        0x4 C:/ST/STM32CubeIDE_1.16.1/STM32CubeIDE/plugins/com.st.stm32cube.ide.mcu.externaltools.gnu-tools-for-stm32.12.3.rel1.win32_1.0.200.202406191623/tools/bin/../lib/gcc/arm-none-eabi/12.3.1/thumb/v7-m/nofp/crtbegin.o
                [!provide]                        PROVIDE (__fini_array_end = .)
                0x08003170                        . = ALIGN (0x4)
                0x08003170                        _sidata = LOADADDR (.data)

.rel.dyn        0x08003170        0x0
 .rel.iplt      0x08003170        0x0 C:/ST/STM32CubeIDE_1.16.1/STM32CubeIDE/plugins/com.st.stm32cube.ide.mcu.externaltools.gnu-tools-for-stm32.12.3.rel1.win32_1.0.200.202406191623/tools/bin/../lib/gcc/arm-none-eabi/12.3.1/thumb/v7-m/nofp/crtbegin.o

.data           0x20000000        0xc load address 0x08003170
                0x20000000                        . = ALIGN (0x4)
                0x20000000                        _sdata = .
 *(.data)
 *(.data*)
 .data.SystemCoreClock
                0x20000000        0x4 ./Core/Src/system_stm32f1xx.o
                0x20000000                SystemCoreClock
 .data.uwTickPrio
                0x20000004        0x4 ./Drivers/STM32F1xx_HAL_Driver/Src/stm32f1xx_hal.o
                0x20000004                uwTickPrio
 .data.uwTickFreq
                0x20000008        0x1 ./Drivers/STM32F1xx_HAL_Driver/Src/stm32f1xx_hal.o
                0x20000008                uwTickFreq
 *(.RamFunc)
 *(.RamFunc*)
                0x2000000c                        . = ALIGN (0x4)
 *fill*         0x20000009        0x3 
                0x2000000c                        _edata = .

.igot.plt       0x2000000c        0x0 load address 0x0800317c
 .igot.plt      0x2000000c        0x0 C:/ST/STM32CubeIDE_1.16.1/STM32CubeIDE/plugins/com.st.stm32cube.ide.mcu.externaltools.gnu-tools-for-stm32.12.3.rel1.win32_1.0.200.202406191623/tools/bin/../lib/gcc/arm-none-eabi/12.3.1/thumb/v7-m/nofp/crtbegin.o
                0x2000000c                        . = ALIGN (0x4)

.bss            0x2000000c      0x154 load address 0x0800317c
                0x2000000c                        _sbss = .
                0x2000000c                        __bss_start__ = _sbss
 *(.bss)
 .bss           0x2000000c       0x1c C:/ST/STM32CubeIDE_1.16.1/STM32CubeIDE/plugins/com.st.stm32cube.ide.mcu.externaltools.gnu-tools-for-stm32.12.3.rel1.win32_1.0.200.202406191623/tools/bin/../lib/gcc/arm-none-eabi/12.3.1/thumb/v7-m/nofp/crtbegin.o
 *(.bss*)
 .bss.hservo    0x20000028       0x14 ./Core/Src/main.o
                0x20000028                hservo
 .bss.htim1     0x2000003c       0x48 ./Core/Src/tim.o
                0x2000003c                htim1
 .bss.htim2     0x20000084       0x48 ./Core/Src/tim.o
                0x20000084                htim2
 .bss.htim3     0x200000cc       0x48 ./Core/Src/tim.o
                0x200000cc                htim3
 .bss.htim4     0x20000114       0x48 ./Core/Src/tim.o
                0x20000114                htim4
 .bss.uwTick    0x2000015c        0x4 ./Drivers/STM32F1xx_HAL_Driver/Src/stm32f1xx_hal.o
                0x2000015c                uwTick
 *(COMMON)
                0x20000160                        . = ALIGN (0x4)
                0x20000160                        _ebss = .
                0x20000160                        __bss_end__ = _ebss

._user_heap_stack
                0x20000160      0x600 load address 0x0800317c
                0x20000160                        . = ALIGN (0x8)
                [!provide]                        PROVIDE (end = .)
                0x20000160                        PROVIDE (_end = .)
                0x20000360                        . = (. + _Min_Heap_Size)
 *fill*         0x20000160      0x200 
                0x20000760                        . = (. + _Min_Stack_Size)
 *fill*         0x20000360      0x400 
                0x20000760                        . = ALIGN (0x8)

/DISCARD/
 libc.a(*)
 libm.a(*)
 libgcc.a(*)

.ARM.attributes
                0x00000000       0x29
 *(.ARM.attributes)
 .ARM.attributes
                0x00000000       0x1d C:/ST/STM32CubeIDE_1.16.1/STM32CubeIDE/plugins/com.st.stm32cube.ide.mcu.externaltools.gnu-tools-for-stm32.12.3.rel1.win32_1.0.200.202406191623/tools/bin/../lib/gcc/arm-none-eabi/12.3.1/thumb/v7-m/nofp/crti.o
 .ARM.attributes
                0x0000001d       0x2d C:/ST/STM32CubeIDE_1.16.1/STM32CubeIDE/plugins/com.st.stm32cube.ide.mcu.externaltools.gnu-tools-for-stm32.12.3.rel1.win32_1.0.200.202406191623/tools/bin/../lib/gcc/arm-none-eabi/12.3.1/thumb/v7-m/nofp/crtbegin.o
 .ARM.attributes
                0x0000004a       0x2d ./Core/Src/gpio.o
 .ARM.attributes
                0x00000077       0x2d ./Core/Src/main.o
 .ARM.attributes
                0x000000a4       0x2d ./Core/Src/servo.o
 .ARM.attributes
                0x000000d1       0x2d ./Core/Src/stm32f1xx_hal_msp.o
 .ARM.attributes
                0x000000fe       0x2d ./Core/Src/stm32f1xx_it.o
 .ARM.attributes
                0x0000012b       0x2d ./Core/Src/system_stm32f1xx.o
 .ARM.attributes
                0x00000158       0x2d ./Core/Src/tim.o
 .ARM.attributes
                0x00000185       0x21 ./Core/Startup/startup_stm32f103c8tx.o
 .ARM.attributes
                0x000001a6       0x2d ./Drivers/STM32F1xx_HAL_Driver/Src/stm32f1xx_hal.o
 .ARM.attributes
                0x000001d3       0x2d ./Drivers/STM32F1xx_HAL_Driver/Src/stm32f1xx_hal_cortex.o
 .ARM.attributes
                0x00000200       0x2d ./Drivers/STM32F1xx_HAL_Driver/Src/stm32f1xx_hal_gpio.o
 .ARM.attributes
                0x0000022d       0x2d ./Drivers/STM32F1xx_HAL_Driver/Src/stm32f1xx_hal_rcc.o
 .ARM.attributes
                0x0000025a       0x2d ./Drivers/STM32F1xx_HAL_Driver/Src/stm32f1xx_hal_tim.o
 .ARM.attributes
                0x00000287       0x2d ./Drivers/STM32F1xx_HAL_Driver/Src/stm32f1xx_hal_tim_ex.o
 .ARM.attributes
                0x000002b4       0x2d C:/ST/STM32CubeIDE_1.16.1/STM32CubeIDE/plugins/com.st.stm32cube.ide.mcu.externaltools.gnu-tools-for-stm32.12.3.rel1.win32_1.0.200.202406191623/tools/bin/../lib/gcc/arm-none-eabi/12.3.1/../../../../arm-none-eabi/lib/thumb/v7-m/nofp\libc_nano.a(libc_a-memset.o)
 .ARM.attributes
                0x000002e1       0x2d C:/ST/STM32CubeIDE_1.16.1/STM32CubeIDE/plugins/com.st.stm32cube.ide.mcu.externaltools.gnu-tools-for-stm32.12.3.rel1.win32_1.0.200.202406191623/tools/bin/../lib/gcc/arm-none-eabi/12.3.1/../../../../arm-none-eabi/lib/thumb/v7-m/nofp\libc_nano.a(libc_a-init.o)
 .ARM.attributes
                0x0000030e       0x1d C:/ST/STM32CubeIDE_1.16.1/STM32CubeIDE/plugins/com.st.stm32cube.ide.mcu.externaltools.gnu-tools-for-stm32.12.3.rel1.win32_1.0.200.202406191623/tools/bin/../lib/gcc/arm-none-eabi/12.3.1/thumb/v7-m/nofp\libgcc.a(_arm_addsubdf3.o)
 .ARM.attributes
                0x0000032b       0x1d C:/ST/STM32CubeIDE_1.16.1/STM32CubeIDE/plugins/com.st.stm32cube.ide.mcu.externaltools.gnu-tools-for-stm32.12.3.rel1.win32_1.0.200.202406191623/tools/bin/../lib/gcc/arm-none-eabi/12.3.1/thumb/v7-m/nofp\libgcc.a(_arm_truncdfsf2.o)
 .ARM.attributes
                0x00000348       0x1d C:/ST/STM32CubeIDE_1.16.1/STM32CubeIDE/plugins/com.st.stm32cube.ide.mcu.externaltools.gnu-tools-for-stm32.12.3.rel1.win32_1.0.200.202406191623/tools/bin/../lib/gcc/arm-none-eabi/12.3.1/thumb/v7-m/nofp\libgcc.a(_arm_addsubsf3.o)
 .ARM.attributes
                0x00000365       0x1d C:/ST/STM32CubeIDE_1.16.1/STM32CubeIDE/plugins/com.st.stm32cube.ide.mcu.externaltools.gnu-tools-for-stm32.12.3.rel1.win32_1.0.200.202406191623/tools/bin/../lib/gcc/arm-none-eabi/12.3.1/thumb/v7-m/nofp\libgcc.a(_arm_muldivsf3.o)
 .ARM.attributes
                0x00000382       0x1d C:/ST/STM32CubeIDE_1.16.1/STM32CubeIDE/plugins/com.st.stm32cube.ide.mcu.externaltools.gnu-tools-for-stm32.12.3.rel1.win32_1.0.200.202406191623/tools/bin/../lib/gcc/arm-none-eabi/12.3.1/thumb/v7-m/nofp\libgcc.a(_arm_cmpsf2.o)
 .ARM.attributes
                0x0000039f       0x1d C:/ST/STM32CubeIDE_1.16.1/STM32CubeIDE/plugins/com.st.stm32cube.ide.mcu.externaltools.gnu-tools-for-stm32.12.3.rel1.win32_1.0.200.202406191623/tools/bin/../lib/gcc/arm-none-eabi/12.3.1/thumb/v7-m/nofp\libgcc.a(_arm_fixunssfsi.o)
 .ARM.attributes
                0x000003bc       0x1d C:/ST/STM32CubeIDE_1.16.1/STM32CubeIDE/plugins/com.st.stm32cube.ide.mcu.externaltools.gnu-tools-for-stm32.12.3.rel1.win32_1.0.200.202406191623/tools/bin/../lib/gcc/arm-none-eabi/12.3.1/thumb/v7-m/nofp/crtn.o
OUTPUT(CE437-Project-ActuatorNode.elf elf32-littlearm)
LOAD linker stubs
LOAD C:/ST/STM32CubeIDE_1.16.1/STM32CubeIDE/plugins/com.st.stm32cube.ide.mcu.externaltools.gnu-tools-for-stm32.12.3.rel1.win32_1.0.200.202406191623/tools/bin/../lib/gcc/arm-none-eabi/12.3.1/../../../../arm-none-eabi/lib/thumb/v7-m/nofp\libc.a
LOAD C:/ST/STM32CubeIDE_1.16.1/STM32CubeIDE/plugins/com.st.stm32cube.ide.mcu.externaltools.gnu-tools-for-stm32.12.3.rel1.win32_1.0.200.202406191623/tools/bin/../lib/gcc/arm-none-eabi/12.3.1/../../../../arm-none-eabi/lib/thumb/v7-m/nofp\libm.a
LOAD C:/ST/STM32CubeIDE_1.16.1/STM32CubeIDE/plugins/com.st.stm32cube.ide.mcu.externaltools.gnu-tools-for-stm32.12.3.rel1.win32_1.0.200.202406191623/tools/bin/../lib/gcc/arm-none-eabi/12.3.1/thumb/v7-m/nofp\libgcc.a

.debug_info     0x00000000     0x8c6f
 .debug_info    0x00000000      0x2b7 ./Core/Src/gpio.o
 .debug_info    0x000002b7      0xa62 ./Core/Src/main.o
 .debug_info    0x00000d19      0x830 ./Core/Src/servo.o
 .debug_info    0x00001549      0x1f1 ./Core/Src/stm32f1xx_hal_msp.o
 .debug_info    0x0000173a      0x6a1 ./Core/Src/stm32f1xx_it.o
 .debug_info    0x00001ddb      0x222 ./Core/Src/system_stm32f1xx.o
 .debug_info    0x00001ffd      0xf43 ./Core/Src/tim.o
 .debug_info    0x00002f40       0x30 ./Core/Startup/startup_stm32f103c8tx.o
 .debug_info    0x00002f70      0x704 ./Drivers/STM32F1xx_HAL_Driver/Src/stm32f1xx_hal.o
 .debug_info    0x00003674      0xa87 ./Drivers/STM32F1xx_HAL_Driver/Src/stm32f1xx_hal_cortex.o
 .debug_info    0x000040fb      0x5ab ./Drivers/STM32F1xx_HAL_Driver/Src/stm32f1xx_hal_gpio.o
 .debug_info    0x000046a6      0x7d5 ./Drivers/STM32F1xx_HAL_Driver/Src/stm32f1xx_hal_rcc.o
 .debug_info    0x00004e7b     0x2959 ./Drivers/STM32F1xx_HAL_Driver/Src/stm32f1xx_hal_tim.o
 .debug_info    0x000077d4     0x149b ./Drivers/STM32F1xx_HAL_Driver/Src/stm32f1xx_hal_tim_ex.o

.debug_abbrev   0x00000000     0x1a8e
 .debug_abbrev  0x00000000      0x13f ./Core/Src/gpio.o
 .debug_abbrev  0x0000013f      0x274 ./Core/Src/main.o
 .debug_abbrev  0x000003b3      0x1f9 ./Core/Src/servo.o
 .debug_abbrev  0x000005ac       0xdb ./Core/Src/stm32f1xx_hal_msp.o
 .debug_abbrev  0x00000687      0x191 ./Core/Src/stm32f1xx_it.o
 .debug_abbrev  0x00000818      0x13f ./Core/Src/system_stm32f1xx.o
 .debug_abbrev  0x00000957      0x2a4 ./Core/Src/tim.o
 .debug_abbrev  0x00000bfb       0x24 ./Core/Startup/startup_stm32f103c8tx.o
 .debug_abbrev  0x00000c1f      0x201 ./Drivers/STM32F1xx_HAL_Driver/Src/stm32f1xx_hal.o
 .debug_abbrev  0x00000e20      0x2f8 ./Drivers/STM32F1xx_HAL_Driver/Src/stm32f1xx_hal_cortex.o
 .debug_abbrev  0x00001118      0x1ca ./Drivers/STM32F1xx_HAL_Driver/Src/stm32f1xx_hal_gpio.o
 .debug_abbrev  0x000012e2      0x2b3 ./Drivers/STM32F1xx_HAL_Driver/Src/stm32f1xx_hal_rcc.o
 .debug_abbrev  0x00001595      0x277 ./Drivers/STM32F1xx_HAL_Driver/Src/stm32f1xx_hal_tim.o
 .debug_abbrev  0x0000180c      0x282 ./Drivers/STM32F1xx_HAL_Driver/Src/stm32f1xx_hal_tim_ex.o

.debug_aranges  0x00000000      0x9e0
 .debug_aranges
                0x00000000       0x20 ./Core/Src/gpio.o
 .debug_aranges
                0x00000020       0x38 ./Core/Src/main.o
 .debug_aranges
                0x00000058       0x48 ./Core/Src/servo.o
 .debug_aranges
                0x000000a0       0x20 ./Core/Src/stm32f1xx_hal_msp.o
 .debug_aranges
                0x000000c0       0x68 ./Core/Src/stm32f1xx_it.o
 .debug_aranges
                0x00000128       0x28 ./Core/Src/system_stm32f1xx.o
 .debug_aranges
                0x00000150       0x68 ./Core/Src/tim.o
 .debug_aranges
                0x000001b8       0x28 ./Core/Startup/startup_stm32f103c8tx.o
 .debug_aranges
                0x000001e0       0xe0 ./Drivers/STM32F1xx_HAL_Driver/Src/stm32f1xx_hal.o
 .debug_aranges
                0x000002c0      0x100 ./Drivers/STM32F1xx_HAL_Driver/Src/stm32f1xx_hal_cortex.o
 .debug_aranges
                0x000003c0       0x58 ./Drivers/STM32F1xx_HAL_Driver/Src/stm32f1xx_hal_gpio.o
 .debug_aranges
                0x00000418       0x90 ./Drivers/STM32F1xx_HAL_Driver/Src/stm32f1xx_hal_rcc.o
 .debug_aranges
                0x000004a8      0x3d0 ./Drivers/STM32F1xx_HAL_Driver/Src/stm32f1xx_hal_tim.o
 .debug_aranges
                0x00000878      0x168 ./Drivers/STM32F1xx_HAL_Driver/Src/stm32f1xx_hal_tim_ex.o

.debug_rnglists
                0x00000000      0x793
 .debug_rnglists
                0x00000000       0x14 ./Core/Src/gpio.o
 .debug_rnglists
                0x00000014       0x27 ./Core/Src/main.o
 .debug_rnglists
                0x0000003b       0x32 ./Core/Src/servo.o
 .debug_rnglists
                0x0000006d       0x13 ./Core/Src/stm32f1xx_hal_msp.o
 .debug_rnglists
                0x00000080       0x49 ./Core/Src/stm32f1xx_it.o
 .debug_rnglists
                0x000000c9       0x1a ./Core/Src/system_stm32f1xx.o
 .debug_rnglists
                0x000000e3       0x4f ./Core/Src/tim.o
 .debug_rnglists
                0x00000132       0x19 ./Core/Startup/startup_stm32f103c8tx.o
 .debug_rnglists
                0x0000014b       0xa3 ./Drivers/STM32F1xx_HAL_Driver/Src/stm32f1xx_hal.o
 .debug_rnglists
                0x000001ee       0xbb ./Drivers/STM32F1xx_HAL_Driver/Src/stm32f1xx_hal_cortex.o
 .debug_rnglists
                0x000002a9       0x3f ./Drivers/STM32F1xx_HAL_Driver/Src/stm32f1xx_hal_gpio.o
 .debug_rnglists
                0x000002e8       0x6c ./Drivers/STM32F1xx_HAL_Driver/Src/stm32f1xx_hal_rcc.o
 .debug_rnglists
                0x00000354      0x31a ./Drivers/STM32F1xx_HAL_Driver/Src/stm32f1xx_hal_tim.o
 .debug_rnglists
                0x0000066e      0x125 ./Drivers/STM32F1xx_HAL_Driver/Src/stm32f1xx_hal_tim_ex.o

.debug_macro    0x00000000    0x16bed
 .debug_macro   0x00000000      0x1b2 ./Core/Src/gpio.o
 .debug_macro   0x000001b2      0xaa8 ./Core/Src/gpio.o
 .debug_macro   0x00000c5a      0x215 ./Core/Src/gpio.o
 .debug_macro   0x00000e6f       0x2e ./Core/Src/gpio.o
 .debug_macro   0x00000e9d       0x22 ./Core/Src/gpio.o
 .debug_macro   0x00000ebf       0x22 ./Core/Src/gpio.o
 .debug_macro   0x00000ee1       0x8e ./Core/Src/gpio.o
 .debug_macro   0x00000f6f       0x51 ./Core/Src/gpio.o
 .debug_macro   0x00000fc0      0x103 ./Core/Src/gpio.o
 .debug_macro   0x000010c3       0x6a ./Core/Src/gpio.o
 .debug_macro   0x0000112d      0x1df ./Core/Src/gpio.o
 .debug_macro   0x0000130c       0x1c ./Core/Src/gpio.o
 .debug_macro   0x00001328       0x22 ./Core/Src/gpio.o
 .debug_macro   0x0000134a       0xbd ./Core/Src/gpio.o
 .debug_macro   0x00001407      0xd23 ./Core/Src/gpio.o
 .debug_macro   0x0000212a     0xe09e ./Core/Src/gpio.o
 .debug_macro   0x000101c8       0x6d ./Core/Src/gpio.o
 .debug_macro   0x00010235     0x34a2 ./Core/Src/gpio.o
 .debug_macro   0x000136d7      0x189 ./Core/Src/gpio.o
 .debug_macro   0x00013860       0x5c ./Core/Src/gpio.o
 .debug_macro   0x000138bc      0x5bc ./Core/Src/gpio.o
 .debug_macro   0x00013e78      0x289 ./Core/Src/gpio.o
 .debug_macro   0x00014101      0x1cb ./Core/Src/gpio.o
 .debug_macro   0x000142cc      0x114 ./Core/Src/gpio.o
 .debug_macro   0x000143e0      0x1b2 ./Core/Src/gpio.o
 .debug_macro   0x00014592       0x27 ./Core/Src/gpio.o
 .debug_macro   0x000145b9      0x136 ./Core/Src/gpio.o
 .debug_macro   0x000146ef      0x1bc ./Core/Src/gpio.o
 .debug_macro   0x000148ab       0x34 ./Core/Src/gpio.o
 .debug_macro   0x000148df       0x3c ./Core/Src/gpio.o
 .debug_macro   0x0001491b       0x57 ./Core/Src/gpio.o
 .debug_macro   0x00014972       0x87 ./Core/Src/gpio.o
 .debug_macro   0x000149f9      0x240 ./Core/Src/gpio.o
 .debug_macro   0x00014c39      0x140 ./Core/Src/gpio.o
 .debug_macro   0x00014d79      0x8ed ./Core/Src/gpio.o
 .debug_macro   0x00015666       0x83 ./Core/Src/gpio.o
 .debug_macro   0x000156e9       0x52 ./Core/Src/gpio.o
 .debug_macro   0x0001573b      0x1d2 ./Core/Src/main.o
 .debug_macro   0x0001590d       0x10 ./Core/Src/main.o
 .debug_macro   0x0001591d       0x1c ./Core/Src/main.o
 .debug_macro   0x00015939      0x1c1 ./Core/Src/servo.o
 .debug_macro   0x00015afa       0x16 ./Core/Src/servo.o
 .debug_macro   0x00015b10      0x1a8 ./Core/Src/stm32f1xx_hal_msp.o
 .debug_macro   0x00015cb8      0x1b2 ./Core/Src/stm32f1xx_it.o
 .debug_macro   0x00015e6a      0x199 ./Core/Src/system_stm32f1xx.o
 .debug_macro   0x00016003      0x1b2 ./Core/Src/tim.o
 .debug_macro   0x000161b5      0x1bd ./Drivers/STM32F1xx_HAL_Driver/Src/stm32f1xx_hal.o
 .debug_macro   0x00016372      0x199 ./Drivers/STM32F1xx_HAL_Driver/Src/stm32f1xx_hal_cortex.o
 .debug_macro   0x0001650b      0x204 ./Drivers/STM32F1xx_HAL_Driver/Src/stm32f1xx_hal_gpio.o
 .debug_macro   0x0001670f      0x1ab ./Drivers/STM32F1xx_HAL_Driver/Src/stm32f1xx_hal_rcc.o
 .debug_macro   0x000168ba      0x19a ./Drivers/STM32F1xx_HAL_Driver/Src/stm32f1xx_hal_tim.o
 .debug_macro   0x00016a54      0x199 ./Drivers/STM32F1xx_HAL_Driver/Src/stm32f1xx_hal_tim_ex.o

.debug_line     0x00000000     0xb19e
 .debug_line    0x00000000      0x6fb ./Core/Src/gpio.o
 .debug_line    0x000006fb      0x7bb ./Core/Src/main.o
 .debug_line    0x00000eb6      0x7f7 ./Core/Src/servo.o
 .debug_line    0x000016ad      0x6ee ./Core/Src/stm32f1xx_hal_msp.o
 .debug_line    0x00001d9b      0x7c7 ./Core/Src/stm32f1xx_it.o
 .debug_line    0x00002562      0x76b ./Core/Src/system_stm32f1xx.o
 .debug_line    0x00002ccd      0x9c7 ./Core/Src/tim.o
 .debug_line    0x00003694       0x78 ./Core/Startup/startup_stm32f103c8tx.o
 .debug_line    0x0000370c      0x998 ./Drivers/STM32F1xx_HAL_Driver/Src/stm32f1xx_hal.o
 .debug_line    0x000040a4      0xb84 ./Drivers/STM32F1xx_HAL_Driver/Src/stm32f1xx_hal_cortex.o
 .debug_line    0x00004c28      0xa31 ./Drivers/STM32F1xx_HAL_Driver/Src/stm32f1xx_hal_gpio.o
 .debug_line    0x00005659      0xda1 ./Drivers/STM32F1xx_HAL_Driver/Src/stm32f1xx_hal_rcc.o
 .debug_line    0x000063fa     0x34bd ./Drivers/STM32F1xx_HAL_Driver/Src/stm32f1xx_hal_tim.o
 .debug_line    0x000098b7     0x18e7 ./Drivers/STM32F1xx_HAL_Driver/Src/stm32f1xx_hal_tim_ex.o

.debug_str      0x00000000    0x8458d
 .debug_str     0x00000000    0x81915 ./Core/Src/gpio.o
                              0x81c41 (size before relaxing)
 .debug_str     0x00081915      0x796 ./Core/Src/main.o
                              0x823c3 (size before relaxing)
 .debug_str     0x000820ab       0x97 ./Core/Src/servo.o
                              0x821e1 (size before relaxing)
 .debug_str     0x00082142       0x5a ./Core/Src/stm32f1xx_hal_msp.o
                              0x81bc9 (size before relaxing)
 .debug_str     0x0008219c       0xf2 ./Core/Src/stm32f1xx_it.o
                              0x820cf (size before relaxing)
 .debug_str     0x0008228e       0x88 ./Core/Src/system_stm32f1xx.o
                              0x81ad8 (size before relaxing)
 .debug_str     0x00082316      0x5d3 ./Core/Src/tim.o
                              0x827b1 (size before relaxing)
 .debug_str     0x000828e9       0x90 ./Core/Startup/startup_stm32f103c8tx.o
 .debug_str     0x00082979      0x384 ./Drivers/STM32F1xx_HAL_Driver/Src/stm32f1xx_hal.o
                              0x82212 (size before relaxing)
 .debug_str     0x00082cfd      0x294 ./Drivers/STM32F1xx_HAL_Driver/Src/stm32f1xx_hal_cortex.o
                              0x8215e (size before relaxing)
 .debug_str     0x00082f91      0x2e6 ./Drivers/STM32F1xx_HAL_Driver/Src/stm32f1xx_hal_gpio.o
                              0x81e65 (size before relaxing)
 .debug_str     0x00083277      0x229 ./Drivers/STM32F1xx_HAL_Driver/Src/stm32f1xx_hal_rcc.o
                              0x81f0e (size before relaxing)
 .debug_str     0x000834a0      0xd0c ./Drivers/STM32F1xx_HAL_Driver/Src/stm32f1xx_hal_tim.o
                              0x82f10 (size before relaxing)
 .debug_str     0x000841ac      0x3e1 ./Drivers/STM32F1xx_HAL_Driver/Src/stm32f1xx_hal_tim_ex.o
                              0x8271c (size before relaxing)

.comment        0x00000000       0x43
 .comment       0x00000000       0x43 ./Core/Src/gpio.o
                                 0x44 (size before relaxing)
 .comment       0x00000043       0x44 ./Core/Src/main.o
 .comment       0x00000043       0x44 ./Core/Src/servo.o
 .comment       0x00000043       0x44 ./Core/Src/stm32f1xx_hal_msp.o
 .comment       0x00000043       0x44 ./Core/Src/stm32f1xx_it.o
 .comment       0x00000043       0x44 ./Core/Src/system_stm32f1xx.o
 .comment       0x00000043       0x44 ./Core/Src/tim.o
 .comment       0x00000043       0x44 ./Drivers/STM32F1xx_HAL_Driver/Src/stm32f1xx_hal.o
 .comment       0x00000043       0x44 ./Drivers/STM32F1xx_HAL_Driver/Src/stm32f1xx_hal_cortex.o
 .comment       0x00000043       0x44 ./Drivers/STM32F1xx_HAL_Driver/Src/stm32f1xx_hal_gpio.o
 .comment       0x00000043       0x44 ./Drivers/STM32F1xx_HAL_Driver/Src/stm32f1xx_hal_rcc.o
 .comment       0x00000043       0x44 ./Drivers/STM32F1xx_HAL_Driver/Src/stm32f1xx_hal_tim.o
 .comment       0x00000043       0x44 ./Drivers/STM32F1xx_HAL_Driver/Src/stm32f1xx_hal_tim_ex.o

.debug_frame    0x00000000     0x2a1c
 .debug_frame   0x00000000       0x34 ./Core/Src/gpio.o
 .debug_frame   0x00000034       0x94 ./Core/Src/main.o
 .debug_frame   0x000000c8       0xf0 ./Core/Src/servo.o
 .debug_frame   0x000001b8       0x38 ./Core/Src/stm32f1xx_hal_msp.o
 .debug_frame   0x000001f0      0x120 ./Core/Src/stm32f1xx_it.o
 .debug_frame   0x00000310       0x58 ./Core/Src/system_stm32f1xx.o
 .debug_frame   0x00000368      0x178 ./Core/Src/tim.o
 .debug_frame   0x000004e0      0x334 ./Drivers/STM32F1xx_HAL_Driver/Src/stm32f1xx_hal.o
 .debug_frame   0x00000814      0x428 ./Drivers/STM32F1xx_HAL_Driver/Src/stm32f1xx_hal_cortex.o
 .debug_frame   0x00000c3c      0x14c ./Drivers/STM32F1xx_HAL_Driver/Src/stm32f1xx_hal_gpio.o
 .debug_frame   0x00000d88      0x218 ./Drivers/STM32F1xx_HAL_Driver/Src/stm32f1xx_hal_rcc.o
 .debug_frame   0x00000fa0     0x11b8 ./Drivers/STM32F1xx_HAL_Driver/Src/stm32f1xx_hal_tim.o
 .debug_frame   0x00002158      0x638 ./Drivers/STM32F1xx_HAL_Driver/Src/stm32f1xx_hal_tim_ex.o
 .debug_frame   0x00002790       0x20 C:/ST/STM32CubeIDE_1.16.1/STM32CubeIDE/plugins/com.st.stm32cube.ide.mcu.externaltools.gnu-tools-for-stm32.12.3.rel1.win32_1.0.200.202406191623/tools/bin/../lib/gcc/arm-none-eabi/12.3.1/../../../../arm-none-eabi/lib/thumb/v7-m/nofp\libc_nano.a(libc_a-memset.o)
 .debug_frame   0x000027b0       0x2c C:/ST/STM32CubeIDE_1.16.1/STM32CubeIDE/plugins/com.st.stm32cube.ide.mcu.externaltools.gnu-tools-for-stm32.12.3.rel1.win32_1.0.200.202406191623/tools/bin/../lib/gcc/arm-none-eabi/12.3.1/../../../../arm-none-eabi/lib/thumb/v7-m/nofp\libc_nano.a(libc_a-init.o)
 .debug_frame   0x000027dc       0xac C:/ST/STM32CubeIDE_1.16.1/STM32CubeIDE/plugins/com.st.stm32cube.ide.mcu.externaltools.gnu-tools-for-stm32.12.3.rel1.win32_1.0.200.202406191623/tools/bin/../lib/gcc/arm-none-eabi/12.3.1/thumb/v7-m/nofp\libgcc.a(_arm_addsubdf3.o)
 .debug_frame   0x00002888       0x24 C:/ST/STM32CubeIDE_1.16.1/STM32CubeIDE/plugins/com.st.stm32cube.ide.mcu.externaltools.gnu-tools-for-stm32.12.3.rel1.win32_1.0.200.202406191623/tools/bin/../lib/gcc/arm-none-eabi/12.3.1/thumb/v7-m/nofp\libgcc.a(_arm_truncdfsf2.o)
 .debug_frame   0x000028ac       0x4c C:/ST/STM32CubeIDE_1.16.1/STM32CubeIDE/plugins/com.st.stm32cube.ide.mcu.externaltools.gnu-tools-for-stm32.12.3.rel1.win32_1.0.200.202406191623/tools/bin/../lib/gcc/arm-none-eabi/12.3.1/thumb/v7-m/nofp\libgcc.a(_arm_addsubsf3.o)
 .debug_frame   0x000028f8       0x38 C:/ST/STM32CubeIDE_1.16.1/STM32CubeIDE/plugins/com.st.stm32cube.ide.mcu.externaltools.gnu-tools-for-stm32.12.3.rel1.win32_1.0.200.202406191623/tools/bin/../lib/gcc/arm-none-eabi/12.3.1/thumb/v7-m/nofp\libgcc.a(_arm_muldivsf3.o)
 .debug_frame   0x00002930       0xc8 C:/ST/STM32CubeIDE_1.16.1/STM32CubeIDE/plugins/com.st.stm32cube.ide.mcu.externaltools.gnu-tools-for-stm32.12.3.rel1.win32_1.0.200.202406191623/tools/bin/../lib/gcc/arm-none-eabi/12.3.1/thumb/v7-m/nofp\libgcc.a(_arm_cmpsf2.o)
 .debug_frame   0x000029f8       0x24 C:/ST/STM32CubeIDE_1.16.1/STM32CubeIDE/plugins/com.st.stm32cube.ide.mcu.externaltools.gnu-tools-for-stm32.12.3.rel1.win32_1.0.200.202406191623/tools/bin/../lib/gcc/arm-none-eabi/12.3.1/thumb/v7-m/nofp\libgcc.a(_arm_fixunssfsi.o)

.debug_line_str
                0x00000000       0x74
 .debug_line_str
                0x00000000       0x74 ./Core/Startup/startup_stm32f103c8tx.o
