Archive member included to satisfy reference by file (symbol)

C:/ST/STM32CubeIDE_1.16.1/STM32CubeIDE/plugins/com.st.stm32cube.ide.mcu.externaltools.gnu-tools-for-stm32.12.3.rel1.win32_1.0.200.202406191623/tools/bin/../lib/gcc/arm-none-eabi/12.3.1/../../../../arm-none-eabi/lib/thumb/v7e-m+fp/hard\libc_nano.a(libc_a-exit.o)
                              C:/ST/STM32CubeIDE_1.16.1/STM32CubeIDE/plugins/com.st.stm32cube.ide.mcu.externaltools.gnu-tools-for-stm32.12.3.rel1.win32_1.0.200.202406191623/tools/bin/../lib/gcc/arm-none-eabi/12.3.1/../../../../arm-none-eabi/lib/thumb/v7e-m+fp/hard/crt0.o (exit)
C:/ST/STM32CubeIDE_1.16.1/STM32CubeIDE/plugins/com.st.stm32cube.ide.mcu.externaltools.gnu-tools-for-stm32.12.3.rel1.win32_1.0.200.202406191623/tools/bin/../lib/gcc/arm-none-eabi/12.3.1/../../../../arm-none-eabi/lib/thumb/v7e-m+fp/hard\libc_nano.a(libc_a-findfp.o)
                              C:/ST/STM32CubeIDE_1.16.1/STM32CubeIDE/plugins/com.st.stm32cube.ide.mcu.externaltools.gnu-tools-for-stm32.12.3.rel1.win32_1.0.200.202406191623/tools/bin/../lib/gcc/arm-none-eabi/12.3.1/../../../../arm-none-eabi/lib/thumb/v7e-m+fp/hard\libc_nano.a(libc_a-exit.o) (__stdio_exit_handler)
C:/ST/STM32CubeIDE_1.16.1/STM32CubeIDE/plugins/com.st.stm32cube.ide.mcu.externaltools.gnu-tools-for-stm32.12.3.rel1.win32_1.0.200.202406191623/tools/bin/../lib/gcc/arm-none-eabi/12.3.1/../../../../arm-none-eabi/lib/thumb/v7e-m+fp/hard\libc_nano.a(libc_a-fwalk.o)
                              C:/ST/STM32CubeIDE_1.16.1/STM32CubeIDE/plugins/com.st.stm32cube.ide.mcu.externaltools.gnu-tools-for-stm32.12.3.rel1.win32_1.0.200.202406191623/tools/bin/../lib/gcc/arm-none-eabi/12.3.1/../../../../arm-none-eabi/lib/thumb/v7e-m+fp/hard\libc_nano.a(libc_a-findfp.o) (_fwalk_sglue)
C:/ST/STM32CubeIDE_1.16.1/STM32CubeIDE/plugins/com.st.stm32cube.ide.mcu.externaltools.gnu-tools-for-stm32.12.3.rel1.win32_1.0.200.202406191623/tools/bin/../lib/gcc/arm-none-eabi/12.3.1/../../../../arm-none-eabi/lib/thumb/v7e-m+fp/hard\libc_nano.a(libc_a-sprintf.o)
                              ./Core/Src/main.o (sprintf)
C:/ST/STM32CubeIDE_1.16.1/STM32CubeIDE/plugins/com.st.stm32cube.ide.mcu.externaltools.gnu-tools-for-stm32.12.3.rel1.win32_1.0.200.202406191623/tools/bin/../lib/gcc/arm-none-eabi/12.3.1/../../../../arm-none-eabi/lib/thumb/v7e-m+fp/hard\libc_nano.a(libc_a-stdio.o)
                              C:/ST/STM32CubeIDE_1.16.1/STM32CubeIDE/plugins/com.st.stm32cube.ide.mcu.externaltools.gnu-tools-for-stm32.12.3.rel1.win32_1.0.200.202406191623/tools/bin/../lib/gcc/arm-none-eabi/12.3.1/../../../../arm-none-eabi/lib/thumb/v7e-m+fp/hard\libc_nano.a(libc_a-findfp.o) (__sread)
C:/ST/STM32CubeIDE_1.16.1/STM32CubeIDE/plugins/com.st.stm32cube.ide.mcu.externaltools.gnu-tools-for-stm32.12.3.rel1.win32_1.0.200.202406191623/tools/bin/../lib/gcc/arm-none-eabi/12.3.1/../../../../arm-none-eabi/lib/thumb/v7e-m+fp/hard\libc_nano.a(libc_a-memset.o)
                              C:/ST/STM32CubeIDE_1.16.1/STM32CubeIDE/plugins/com.st.stm32cube.ide.mcu.externaltools.gnu-tools-for-stm32.12.3.rel1.win32_1.0.200.202406191623/tools/bin/../lib/gcc/arm-none-eabi/12.3.1/../../../../arm-none-eabi/lib/thumb/v7e-m+fp/hard/crt0.o (memset)
C:/ST/STM32CubeIDE_1.16.1/STM32CubeIDE/plugins/com.st.stm32cube.ide.mcu.externaltools.gnu-tools-for-stm32.12.3.rel1.win32_1.0.200.202406191623/tools/bin/../lib/gcc/arm-none-eabi/12.3.1/../../../../arm-none-eabi/lib/thumb/v7e-m+fp/hard\libc_nano.a(libc_a-closer.o)
                              C:/ST/STM32CubeIDE_1.16.1/STM32CubeIDE/plugins/com.st.stm32cube.ide.mcu.externaltools.gnu-tools-for-stm32.12.3.rel1.win32_1.0.200.202406191623/tools/bin/../lib/gcc/arm-none-eabi/12.3.1/../../../../arm-none-eabi/lib/thumb/v7e-m+fp/hard\libc_nano.a(libc_a-stdio.o) (_close_r)
C:/ST/STM32CubeIDE_1.16.1/STM32CubeIDE/plugins/com.st.stm32cube.ide.mcu.externaltools.gnu-tools-for-stm32.12.3.rel1.win32_1.0.200.202406191623/tools/bin/../lib/gcc/arm-none-eabi/12.3.1/../../../../arm-none-eabi/lib/thumb/v7e-m+fp/hard\libc_nano.a(libc_a-reent.o)
                              C:/ST/STM32CubeIDE_1.16.1/STM32CubeIDE/plugins/com.st.stm32cube.ide.mcu.externaltools.gnu-tools-for-stm32.12.3.rel1.win32_1.0.200.202406191623/tools/bin/../lib/gcc/arm-none-eabi/12.3.1/../../../../arm-none-eabi/lib/thumb/v7e-m+fp/hard\libc_nano.a(libc_a-closer.o) (errno)
C:/ST/STM32CubeIDE_1.16.1/STM32CubeIDE/plugins/com.st.stm32cube.ide.mcu.externaltools.gnu-tools-for-stm32.12.3.rel1.win32_1.0.200.202406191623/tools/bin/../lib/gcc/arm-none-eabi/12.3.1/../../../../arm-none-eabi/lib/thumb/v7e-m+fp/hard\libc_nano.a(libc_a-impure.o)
                              C:/ST/STM32CubeIDE_1.16.1/STM32CubeIDE/plugins/com.st.stm32cube.ide.mcu.externaltools.gnu-tools-for-stm32.12.3.rel1.win32_1.0.200.202406191623/tools/bin/../lib/gcc/arm-none-eabi/12.3.1/../../../../arm-none-eabi/lib/thumb/v7e-m+fp/hard\libc_nano.a(libc_a-sprintf.o) (_impure_ptr)
[...]
Memory Configuration

Name             Origin             Length             Attributes
CCMRAM           0x10000000         0x00010000         xrw
RAM              0x20000000         0x00030000         xrw
FLASH            0x08000000         0x00200000         xr
*default*        0x00000000         0xffffffff

Linker script and memory map

LOAD C:/ST/STM32CubeIDE_1.16.1/STM32CubeIDE/plugins/com.st.stm32cube.ide.mcu.externaltools.gnu-tools-for-stm32.12.3.rel1.win32_1.0.200.202406191623/tools/bin/../lib/gcc/arm-none-eabi/12.3.1/thumb/v7e-m+fp/hard/crti.o
LOAD C:/ST/STM32CubeIDE_1.16.1/STM32CubeIDE/plugins/com.st.stm32cube.ide.mcu.externaltools.gnu-tools-for-stm32.12.3.rel1.win32_1.0.200.202406191623/tools/bin/../lib/gcc/arm-none-eabi/12.3.1/thumb/v7e-m+fp/hard/crtbegin.o
LOAD C:/ST/STM32CubeIDE_1.16.1/STM32CubeIDE/plugins/com.st.stm32cube.ide.mcu.externaltools.gnu-tools-for-stm32.12.3.rel1.win32_1.0.200.202406191623/tools/bin/../lib/gcc/arm-none-eabi/12.3.1/../../../../arm-none-eabi/lib/thumb/v7e-m+fp/hard/crt0.o
LOAD ./Core/Src/clock_cfg.o
LOAD ./Core/Src/drawing.o
LOAD ./Core/Src/ds1307_for_stm32_hal.o
LOAD ./Core/Src/flash_mem.o
LOAD ./Core/Src/gpio.o
LOAD ./Core/Src/gpio_cfg.o
LOAD ./Core/Src/i2c.o
LOAD ./Core/Src/ili9341.o
LOAD ./Core/Src/ltdc_cfg.o
LOAD ./Core/Src/main.o
LOAD ./Core/Src/rc522.o
LOAD ./Core/Src/sdram_cfg.o
LOAD ./Core/Src/spi.o
LOAD ./Core/Src/spi_cfg.o
LOAD ./Core/Src/stm32f4xx_hal_msp.o
LOAD ./Core/Src/stm32f4xx_it.o
LOAD ./Core/Src/syscalls.o
LOAD ./Core/Src/sysmem.o
LOAD ./Core/Src/system_stm32f4xx.o
LOAD ./Core/Src/usart.o
LOAD ./Core/Startup/startup_stm32f429zitx.o
LOAD ./Drivers/STM32F4xx_HAL_Driver/Src/stm32f4xx_hal.o
LOAD ./Drivers/STM32F4xx_HAL_Driver/Src/stm32f4xx_hal_cortex.o
LOAD ./Drivers/STM32F4xx_HAL_Driver/Src/stm32f4xx_hal_dma.o
LOAD ./Drivers/STM32F4xx_HAL_Driver/Src/stm32f4xx_hal_dma_ex.o
LOAD ./Drivers/STM32F4xx_HAL_Driver/Src/stm32f4xx_hal_exti.o
LOAD ./Drivers/STM32F4xx_HAL_Driver/Src/stm32f4xx_hal_flash.o
LOAD ./Drivers/STM32F4xx_HAL_Driver/Src/stm32f4xx_hal_flash_ex.o
LOAD ./Drivers/STM32F4xx_HAL_Driver/Src/stm32f4xx_hal_flash_ramfunc.o
LOAD ./Drivers/STM32F4xx_HAL_Driver/Src/stm32f4xx_hal_gpio.o
LOAD ./Drivers/STM32F4xx_HAL_Driver/Src/stm32f4xx_hal_i2c.o
LOAD ./Drivers/STM32F4xx_HAL_Driver/Src/stm32f4xx_hal_i2c_ex.o
LOAD ./Drivers/STM32F4xx_HAL_Driver/Src/stm32f4xx_hal_pwr.o
LOAD ./Drivers/STM32F4xx_HAL_Driver/Src/stm32f4xx_hal_pwr_ex.o
LOAD ./Drivers/STM32F4xx_HAL_Driver/Src/stm32f4xx_hal_rcc.o
LOAD ./Drivers/STM32F4xx_HAL_Driver/Src/stm32f4xx_hal_rcc_ex.o
LOAD ./Drivers/STM32F4xx_HAL_Driver/Src/stm32f4xx_hal_spi.o
LOAD ./Drivers/STM32F4xx_HAL_Driver/Src/stm32f4xx_hal_tim.o
LOAD ./Drivers/STM32F4xx_HAL_Driver/Src/stm32f4xx_hal_tim_ex.o
LOAD ./Drivers/STM32F4xx_HAL_Driver/Src/stm32f4xx_hal_uart.o
START GROUP
LOAD C:/ST/STM32CubeIDE_1.16.1/STM32CubeIDE/plugins/com.st.stm32cube.ide.mcu.externaltools.gnu-tools-for-stm32.12.3.rel1.win32_1.0.200.202406191623/tools/bin/../lib/gcc/arm-none-eabi/12.3.1/../../../../arm-none-eabi/lib/thumb/v7e-m+fp/hard\libc_nano.a
LOAD C:/ST/STM32CubeIDE_1.16.1/STM32CubeIDE/plugins/com.st.stm32cube.ide.mcu.externaltools.gnu-tools-for-stm32.12.3.rel1.win32_1.0.200.202406191623/tools/bin/../lib/gcc/arm-none-eabi/12.3.1/../../../../arm-none-eabi/lib/thumb/v7e-m+fp/hard\libm.a
END GROUP
START GROUP
LOAD C:/ST/STM32CubeIDE_1.16.1/STM32CubeIDE/plugins/com.st.stm32cube.ide.mcu.externaltools.gnu-tools-for-stm32.12.3.rel1.win32_1.0.200.202406191623/tools/bin/../lib/gcc/arm-none-eabi/12.3.1/thumb/v7e-m+fp/hard\libgcc.a
LOAD C:/ST/STM32CubeIDE_1.16.1/STM32CubeIDE/plugins/com.st.stm32cube.ide.mcu.externaltools.gnu-tools-for-stm32.12.3.rel1.win32_1.0.200.202406191623/tools/bin/../lib/gcc/arm-none-eabi/12.3.1/../../../../arm-none-eabi/lib/thumb/v7e-m+fp/hard\libc_nano.a
END GROUP
START GROUP
LOAD C:/ST/STM32CubeIDE_1.16.1/STM32CubeIDE/plugins/com.st.stm32cube.ide.mcu.externaltools.gnu-tools-for-stm32.12.3.rel1.win32_1.0.200.202406191623/tools/bin/../lib/gcc/arm-none-eabi/12.3.1/thumb/v7e-m+fp/hard\libgcc.a
LOAD C:/ST/STM32CubeIDE_1.16.1/STM32CubeIDE/plugins/com.st.stm32cube.ide.mcu.externaltools.gnu-tools-for-stm32.12.3.rel1.win32_1.0.200.202406191623/tools/bin/../lib/gcc/arm-none-eabi/12.3.1/../../../../arm-none-eabi/lib/thumb/v7e-m+fp/hard\libc_nano.a
LOAD C:/ST/STM32CubeIDE_1.16.1/STM32CubeIDE/plugins/com.st.stm32cube.ide.mcu.externaltools.gnu-tools-for-stm32.12.3.rel1.win32_1.0.200.202406191623/tools/bin/../lib/gcc/arm-none-eabi/12.3.1/../../../../arm-none-eabi/lib/thumb/v7e-m+fp/hard\libnosys.a
END GROUP
START GROUP
LOAD C:/ST/STM32CubeIDE_1.16.1/STM32CubeIDE/plugins/com.st.stm32cube.ide.mcu.externaltools.gnu-tools-for-stm32.12.3.rel1.win32_1.0.200.202406191623/tools/bin/../lib/gcc/arm-none-eabi/12.3.1/thumb/v7e-m+fp/hard\libgcc.a
LOAD C:/ST/STM32CubeIDE_1.16.1/STM32CubeIDE/plugins/com.st.stm32cube.ide.mcu.externaltools.gnu-tools-for-stm32.12.3.rel1.win32_1.0.200.202406191623/tools/bin/../lib/gcc/arm-none-eabi/12.3.1/../../../../arm-none-eabi/lib/thumb/v7e-m+fp/hard\libc_nano.a
LOAD C:/ST/STM32CubeIDE_1.16.1/STM32CubeIDE/plugins/com.st.stm32cube.ide.mcu.externaltools.gnu-tools-for-stm32.12.3.rel1.win32_1.0.200.202406191623/tools/bin/../lib/gcc/arm-none-eabi/12.3.1/../../../../arm-none-eabi/lib/thumb/v7e-m+fp/hard\libnosys.a
END GROUP
LOAD C:/ST/STM32CubeIDE_1.16.1/STM32CubeIDE/plugins/com.st.stm32cube.ide.mcu.externaltools.gnu-tools-for-stm32.12.3.rel1.win32_1.0.200.202406191623/tools/bin/../lib/gcc/arm-none-eabi/12.3.1/thumb/v7e-m+fp/hard/crtend.o
LOAD C:/ST/STM32CubeIDE_1.16.1/STM32CubeIDE/plugins/com.st.stm32cube.ide.mcu.externaltools.gnu-tools-for-stm32.12.3.rel1.win32_1.0.200.202406191623/tools/bin/../lib/gcc/arm-none-eabi/12.3.1/thumb/v7e-m+fp/hard/crtn.o
                0x20030000                        _estack = (ORIGIN (RAM) + LENGTH (RAM))
                0x00000200                        _Min_Heap_Size = 0x200
                0x00000400                        _Min_Stack_Size = 0x400

.isr_vector     0x08000000      0x1ac
                0x08000000                        . = ALIGN (0x4)
 *(.isr_vector)
 .isr_vector    0x08000000      0x1ac ./Core/Startup/startup_stm32f429zitx.o
                0x08000000                g_pfnVectors
                0x080001ac                        . = ALIGN (0x4)

.text           0x080001b0     0x6c00
                0x080001b0                        . = ALIGN (0x4)
 *(.text)
 .text          0x080001b0       0x40 C:/ST/STM32CubeIDE_1.16.1/STM32CubeIDE/plugins/com.st.stm32cube.ide.mcu.externaltools.gnu-tools-for-stm32.12.3.rel1.win32_1.0.200.202406191623/tools/bin/../lib/gcc/arm-none-eabi/12.3.1/thumb/v7e-m+fp/hard/crtbegin.o
 .text          0x080001f0       0x14 C:/ST/STM32CubeIDE_1.16.1/STM32CubeIDE/plugins/com.st.stm32cube.ide.mcu.externaltools.gnu-tools-for-stm32.12.3.rel1.win32_1.0.200.202406191623/tools/bin/../lib/gcc/arm-none-eabi/12.3.1/../../../../arm-none-eabi/lib/thumb/v7e-m+fp/hard\libc_nano.a(libc_a-strcmp.o)
                0x080001f0                strcmp
 .text          0x08000204       0x10 C:/ST/STM32CubeIDE_1.16.1/STM32CubeIDE/plugins/com.st.stm32cube.ide.mcu.externaltools.gnu-tools-for-stm32.12.3.rel1.win32_1.0.200.202406191623/tools/bin/../lib/gcc/arm-none-eabi/12.3.1/../../../../arm-none-eabi/lib/thumb/v7e-m+fp/hard\libc_nano.a(libc_a-strlen.o)
                0x08000204                strlen
 *fill*         0x08000214        0xc 
 .text          0x08000220       0xa0 C:/ST/STM32CubeIDE_1.16.1/STM32CubeIDE/plugins/com.st.stm32cube.ide.mcu.externaltools.gnu-tools-for-stm32.12.3.rel1.win32_1.0.200.202406191623/tools/bin/../lib/gcc/arm-none-eabi/12.3.1/../../../../arm-none-eabi/lib/thumb/v7e-m+fp/hard\libc_nano.a(libc_a-memchr.o)
                0x08000220                memchr
 .text          0x080002c0       0x30 C:/ST/STM32CubeIDE_1.16.1/STM32CubeIDE/plugins/com.st.stm32cube.ide.mcu.externaltools.gnu-tools-for-stm32.12.3.rel1.win32_1.0.200.202406191623/tools/bin/../lib/gcc/arm-none-eabi/12.3.1/thumb/v7e-m+fp/hard\libgcc.a(_aeabi_uldivmod.o)
                0x080002c0                __aeabi_uldivmod
 .text          0x080002f0      0x2bc C:/ST/STM32CubeIDE_1.16.1/STM32CubeIDE/plugins/com.st.stm32cube.ide.mcu.externaltools.gnu-tools-for-stm32.12.3.rel1.win32_1.0.200.202406191623/tools/bin/../lib/gcc/arm-none-eabi/12.3.1/thumb/v7e-m+fp/hard\libgcc.a(_udivmoddi4.o)
                0x080002f0                __udivmoddi4
 .text          0x080005ac        0x4 C:/ST/STM32CubeIDE_1.16.1/STM32CubeIDE/plugins/com.st.stm32cube.ide.mcu.externaltools.gnu-tools-for-stm32.12.3.rel1.win32_1.0.200.202406191623/tools/bin/../lib/gcc/arm-none-eabi/12.3.1/thumb/v7e-m+fp/hard\libgcc.a(_dvmd_tls.o)
                0x080005ac                __aeabi_idiv0
                0x080005ac                __aeabi_ldiv0
 *(.text*)
 .text.PLLSAI_Init
                0x080005b0       0x4c ./Core/Src/clock_cfg.o
                0x080005b0                PLLSAI_Init
 .text.Draw_Pixel
                0x080005fc       0x48 ./Core/Src/drawing.o
                0x080005fc                Draw_Pixel
 .text.Draw_Char
                0x08000644       0xc4 ./Core/Src/drawing.o
                0x08000644                Draw_Char
 .text.Draw_String
                0x08000708       0x4a ./Core/Src/drawing.o
                0x08000708                Draw_String
 .text.Fill_Black
                0x08000752       0x5c ./Core/Src/drawing.o
                0x08000752                Fill_Black
 *fill*         0x080007ae        0x2 
 .text.DS1307_Init
                0x080007b0       0x20 ./Core/Src/ds1307_for_stm32_hal.o
                0x080007b0                DS1307_Init
 .text.DS1307_SetClockHalt
                0x080007d0       0x42 ./Core/Src/ds1307_for_stm32_hal.o
                0x080007d0                DS1307_SetClockHalt
 *fill*         0x08000812        0x2 
 .text.DS1307_SetRegByte
                0x08000814       0x3c ./Core/Src/ds1307_for_stm32_hal.o
                0x08000814                DS1307_SetRegByte
 .text.DS1307_GetRegByte
                0x08000850       0x44 ./Core/Src/ds1307_for_stm32_hal.o
                0x08000850                DS1307_GetRegByte
 .text.DS1307_GetDayOfWeek
                0x08000894       0x18 ./Core/Src/ds1307_for_stm32_hal.o
                0x08000894                DS1307_GetDayOfWeek
 .text.DS1307_GetDate
                0x080008ac       0x18 ./Core/Src/ds1307_for_stm32_hal.o
                0x080008ac                DS1307_GetDate
 .text.DS1307_GetMonth
                0x080008c4       0x18 ./Core/Src/ds1307_for_stm32_hal.o
                0x080008c4                DS1307_GetMonth
 .text.DS1307_GetYear
                0x080008dc       0x42 ./Core/Src/ds1307_for_stm32_hal.o
                0x080008dc                DS1307_GetYear
 .text.DS1307_GetHour
                0x0800091e       0x1e ./Core/Src/ds1307_for_stm32_hal.o
                0x0800091e                DS1307_GetHour
 .text.DS1307_GetMinute
                0x0800093c       0x18 ./Core/Src/ds1307_for_stm32_hal.o
                0x0800093c                DS1307_GetMinute
 .text.DS1307_GetSecond
                0x08000954       0x1e ./Core/Src/ds1307_for_stm32_hal.o
                0x08000954                DS1307_GetSecond
 .text.DS1307_DecodeBCD
                0x08000972       0x32 ./Core/Src/ds1307_for_stm32_hal.o
                0x08000972                DS1307_DecodeBCD
 .text.Flash_Write_CharArr
                0x080009a4       0xa2 ./Core/Src/flash_mem.o
                0x080009a4                Flash_Write_CharArr
 .text.Flash_Read_Byte
                0x08000a46       0x18 ./Core/Src/flash_mem.o
                0x08000a46                Flash_Read_Byte
 .text.Flash_Read_CharArr
                0x08000a5e       0x50 ./Core/Src/flash_mem.o
                0x08000a5e                Flash_Read_CharArr
 .text.Flash_Erase_Sector11
                0x08000aae       0x42 ./Core/Src/flash_mem.o
                0x08000aae                Flash_Erase_Sector11
 .text.MX_GPIO_Init
                0x08000af0      0x1ec ./Core/Src/gpio.o
                0x08000af0                MX_GPIO_Init
 .text.Pin_Cfg  0x08000cdc      0x100 ./Core/Src/gpio_cfg.o
                0x08000cdc                Pin_Cfg
 .text.MX_I2C3_Init
                0x08000ddc       0x80 ./Core/Src/i2c.o
                0x08000ddc                MX_I2C3_Init
 .text.HAL_I2C_MspInit
                0x08000e5c       0xd4 ./Core/Src/i2c.o
                0x08000e5c                HAL_I2C_MspInit
 .text.ili9341_IO_Init
                0x08000f30       0x54 ./Core/Src/ili9341.o
                0x08000f30                ili9341_IO_Init
 .text.ili9341_Init
                0x08000f84      0x290 ./Core/Src/ili9341.o
                0x08000f84                ili9341_Init
 .text.ili9341_NCS_High
                0x08001214       0x18 ./Core/Src/ili9341.o
                0x08001214                ili9341_NCS_High
 .text.ili9341_NCS_Low
                0x0800122c       0x1c ./Core/Src/ili9341.o
                0x0800122c                ili9341_NCS_Low
 .text.ili9341_WRX_High
                0x08001248       0x1c ./Core/Src/ili9341.o
                0x08001248                ili9341_WRX_High
 .text.ili9341_WRX_Low
                0x08001264       0x1c ./Core/Src/ili9341.o
                0x08001264                ili9341_WRX_Low
 .text.ili9341_Write_Cmd
                0x08001280       0x2c ./Core/Src/ili9341.o
                0x08001280                ili9341_Write_Cmd
 .text.ili9341_Write_Data
                0x080012ac       0x2c ./Core/Src/ili9341.o
                0x080012ac                ili9341_Write_Data
 .text.LTDC_IO_Init
                0x080012d8      0x244 ./Core/Src/ltdc_cfg.o
                0x080012d8                LTDC_IO_Init
 .text.LTDC_Core_Init
                0x0800151c       0x9c ./Core/Src/ltdc_cfg.o
                0x0800151c                LTDC_Core_Init
 .text.__NVIC_SetPriority
                0x080015b8       0x54 ./Core/Src/main.o
 .text.SysTick_Config
                0x0800160c       0x44 ./Core/Src/main.o
 .text.HAL_GPIO_EXTI_Callback
                0x08001650       0x90 ./Core/Src/main.o
                0x08001650                HAL_GPIO_EXTI_Callback
 .text.UI_Init  0x080016e0      0x128 ./Core/Src/main.o
                0x080016e0                UI_Init
 .text.printStudent
                0x08001808      0x150 ./Core/Src/main.o
                0x08001808                printStudent
 .text.Print_Students_InPg
                0x08001958       0x3c ./Core/Src/main.o
                0x08001958                Print_Students_InPg
 .text.Get_Time
                0x08001994       0x80 ./Core/Src/main.o
                0x08001994                Get_Time
 .text.Address_Init
                0x08001a14       0x98 ./Core/Src/main.o
                0x08001a14                Address_Init
 .text.New_SS   0x08001aac       0x38 ./Core/Src/main.o
                0x08001aac                New_SS
 .text.isDuplicateID
                0x08001ae4       0x92 ./Core/Src/main.o
                0x08001ae4                isDuplicateID
 *fill*         0x08001b76        0x2 
 .text.main     0x08001b78      0x7ec ./Core/Src/main.o
                0x08001b78                main
 .text.SystemClock_Config
                0x08002364       0xc0 ./Core/Src/main.o
                0x08002364                SystemClock_Config
 .text.Error_Handler
                0x08002424        0xc ./Core/Src/main.o
                0x08002424                Error_Handler
 .text.RC522_SPI_Transfer
                0x08002430       0x2c ./Core/Src/rc522.o
                0x08002430                RC522_SPI_Transfer
 .text.Write_MFRC522
                0x0800245c       0x4c ./Core/Src/rc522.o
                0x0800245c                Write_MFRC522
 .text.Read_MFRC522
                0x080024a8       0x50 ./Core/Src/rc522.o
                0x080024a8                Read_MFRC522
 .text.SetBitMask
                0x080024f8       0x36 ./Core/Src/rc522.o
                0x080024f8                SetBitMask
 .text.ClearBitMask
                0x0800252e       0x40 ./Core/Src/rc522.o
                0x0800252e                ClearBitMask
 .text.AntennaOn
                0x0800256e       0x16 ./Core/Src/rc522.o
                0x0800256e                AntennaOn
 .text.MFRC522_Reset
                0x08002584       0x10 ./Core/Src/rc522.o
                0x08002584                MFRC522_Reset
 .text.MFRC522_Init
                0x08002594       0x58 ./Core/Src/rc522.o
                0x08002594                MFRC522_Init
 .text.MFRC522_ToCard
                0x080025ec      0x192 ./Core/Src/rc522.o
                0x080025ec                MFRC522_ToCard
 .text.MFRC522_Request
                0x0800277e       0x4a ./Core/Src/rc522.o
                0x0800277e                MFRC522_Request
 .text.MFRC522_Anticoll
                0x080027c8       0x7a ./Core/Src/rc522.o
                0x080027c8                MFRC522_Anticoll
 *fill*         0x08002842        0x2 
 .text.SDRAM_IO_Init
                0x08002844      0x3d4 ./Core/Src/sdram_cfg.o
                0x08002844                SDRAM_IO_Init
 .text.SDRAM_Init
                0x08002c18       0xe4 ./Core/Src/sdram_cfg.o
                0x08002c18                SDRAM_Init
 .text.MX_SPI4_Init
                0x08002cfc       0x6c ./Core/Src/spi.o
                0x08002cfc                MX_SPI4_Init
 .text.HAL_SPI_MspInit
                0x08002d68       0x90 ./Core/Src/spi.o
                0x08002d68                HAL_SPI_MspInit
 .text.SPI5_IO_Init
                0x08002df8       0x50 ./Core/Src/spi_cfg.o
                0x08002df8                SPI5_IO_Init
 .text.SPI5_Core_Init
                0x08002e48       0x38 ./Core/Src/spi_cfg.o
                0x08002e48                SPI5_Core_Init
 .text.SPI_Write_Byte
                0x08002e80       0x4c ./Core/Src/spi_cfg.o
                0x08002e80                SPI_Write_Byte
 .text.HAL_MspInit
                0x08002ecc       0x50 ./Core/Src/stm32f4xx_hal_msp.o
                0x08002ecc                HAL_MspInit
 .text.NMI_Handler
                0x08002f1c        0x8 ./Core/Src/stm32f4xx_it.o
                0x08002f1c                NMI_Handler
 .text.HardFault_Handler
                0x08002f24        0x8 ./Core/Src/stm32f4xx_it.o
                0x08002f24                HardFault_Handler
 .text.MemManage_Handler
                0x08002f2c        0x8 ./Core/Src/stm32f4xx_it.o
                0x08002f2c                MemManage_Handler
 .text.BusFault_Handler
                0x08002f34        0x8 ./Core/Src/stm32f4xx_it.o
                0x08002f34                BusFault_Handler
 .text.UsageFault_Handler
                0x08002f3c        0x8 ./Core/Src/stm32f4xx_it.o
                0x08002f3c                UsageFault_Handler
 .text.SVC_Handler
                0x08002f44        0xe ./Core/Src/stm32f4xx_it.o
                0x08002f44                SVC_Handler
 .text.DebugMon_Handler
                0x08002f52        0xe ./Core/Src/stm32f4xx_it.o
                0x08002f52                DebugMon_Handler
 .text.PendSV_Handler
                0x08002f60        0xe ./Core/Src/stm32f4xx_it.o
                0x08002f60                PendSV_Handler
 .text.SysTick_Handler
                0x08002f6e        0xc ./Core/Src/stm32f4xx_it.o
                0x08002f6e                SysTick_Handler
 .text.EXTI0_IRQHandler
                0x08002f7a        0xe ./Core/Src/stm32f4xx_it.o
                0x08002f7a                EXTI0_IRQHandler
 .text.EXTI2_IRQHandler
                0x08002f88        0xe ./Core/Src/stm32f4xx_it.o
                0x08002f88                EXTI2_IRQHandler
 .text.EXTI15_10_IRQHandler
                0x08002f96       0x10 ./Core/Src/stm32f4xx_it.o
                0x08002f96                EXTI15_10_IRQHandler
 *fill*         0x08002fa6        0x2 
 .text._sbrk    0x08002fa8       0x6c ./Core/Src/sysmem.o
                0x08002fa8                _sbrk
 .text.SystemInit
                0x08003014       0x24 ./Core/Src/system_stm32f4xx.o
                0x08003014                SystemInit
 .text.MX_USART1_UART_Init
                0x08003038       0x54 ./Core/Src/usart.o
                0x08003038                MX_USART1_UART_Init
 .text.HAL_UART_MspInit
                0x0800308c       0x90 ./Core/Src/usart.o
                0x0800308c                HAL_UART_MspInit
 .text.Reset_Handler
                0x0800311c       0x50 ./Core/Startup/startup_stm32f429zitx.o
                0x0800311c                Reset_Handler
 .text.Default_Handler
                0x0800316c        0x2 ./Core/Startup/startup_stm32f429zitx.o
                0x0800316c                RTC_Alarm_IRQHandler
                0x0800316c                HASH_RNG_IRQHandler
                0x0800316c                TIM8_CC_IRQHandler
                0x0800316c                UART8_IRQHandler
                0x0800316c                SPI4_IRQHandler
                0x0800316c                TIM1_CC_IRQHandler
                0x0800316c                DMA2_Stream5_IRQHandler
                0x0800316c                DMA1_Stream5_IRQHandler
                0x0800316c                PVD_IRQHandler
                0x0800316c                SDIO_IRQHandler
                0x0800316c                TAMP_STAMP_IRQHandler
                0x0800316c                CAN2_RX1_IRQHandler
                0x0800316c                EXTI3_IRQHandler
                0x0800316c                TIM8_TRG_COM_TIM14_IRQHandler
                0x0800316c                TIM1_UP_TIM10_IRQHandler
                0x0800316c                TIM8_UP_TIM13_IRQHandler
                0x0800316c                I2C3_ER_IRQHandler
                0x0800316c                I2C2_EV_IRQHandler
                0x0800316c                DMA1_Stream2_IRQHandler
                0x0800316c                CAN1_RX0_IRQHandler
                0x0800316c                FPU_IRQHandler
                0x0800316c                OTG_HS_WKUP_IRQHandler
                0x0800316c                LTDC_ER_IRQHandler
                0x0800316c                CAN2_SCE_IRQHandler
                0x0800316c                DMA2_Stream2_IRQHandler
                0x0800316c                SPI1_IRQHandler
                0x0800316c                TIM6_DAC_IRQHandler
                0x0800316c                TIM1_BRK_TIM9_IRQHandler
                0x0800316c                DCMI_IRQHandler
                0x0800316c                CAN2_RX0_IRQHandler
                0x0800316c                DMA2_Stream3_IRQHandler
                0x0800316c                USART6_IRQHandler
                0x0800316c                USART3_IRQHandler
                0x0800316c                CAN1_RX1_IRQHandler
                0x0800316c                UART5_IRQHandler
                0x0800316c                DMA2_Stream0_IRQHandler
                0x0800316c                TIM4_IRQHandler
                0x0800316c                I2C1_EV_IRQHandler
                0x0800316c                DMA1_Stream6_IRQHandler
                0x0800316c                DMA1_Stream1_IRQHandler
                0x0800316c                UART4_IRQHandler
                0x0800316c                TIM3_IRQHandler
                0x0800316c                RCC_IRQHandler
                0x0800316c                TIM8_BRK_TIM12_IRQHandler
                0x0800316c                Default_Handler
                0x0800316c                ADC_IRQHandler
                0x0800316c                DMA1_Stream7_IRQHandler
                0x0800316c                SPI5_IRQHandler
                0x0800316c                TIM7_IRQHandler
                0x0800316c                CAN2_TX_IRQHandler
                0x0800316c                TIM5_IRQHandler
                0x0800316c                DMA2_Stream7_IRQHandler
                0x0800316c                I2C3_EV_IRQHandler
                0x0800316c                EXTI9_5_IRQHandler
                0x0800316c                RTC_WKUP_IRQHandler
                0x0800316c                LTDC_IRQHandler
                0x0800316c                ETH_WKUP_IRQHandler
                0x0800316c                SPI2_IRQHandler
                0x0800316c                OTG_HS_EP1_IN_IRQHandler
                0x0800316c                DMA1_Stream0_IRQHandler
                0x0800316c                CAN1_TX_IRQHandler
                0x0800316c                EXTI4_IRQHandler
                0x0800316c                ETH_IRQHandler
                0x0800316c                OTG_HS_EP1_OUT_IRQHandler
                0x0800316c                WWDG_IRQHandler
                0x0800316c                SPI6_IRQHandler
                0x0800316c                TIM2_IRQHandler
                0x0800316c                OTG_FS_WKUP_IRQHandler
                0x0800316c                TIM1_TRG_COM_TIM11_IRQHandler
                0x0800316c                OTG_HS_IRQHandler
                0x0800316c                DMA2D_IRQHandler
                0x0800316c                EXTI1_IRQHandler
                0x0800316c                UART7_IRQHandler
                0x0800316c                USART2_IRQHandler
                0x0800316c                I2C2_ER_IRQHandler
                0x0800316c                DMA2_Stream1_IRQHandler
                0x0800316c                CAN1_SCE_IRQHandler
                0x0800316c                FLASH_IRQHandler
                0x0800316c                DMA2_Stream4_IRQHandler
                0x0800316c                USART1_IRQHandler
                0x0800316c                OTG_FS_IRQHandler
                0x0800316c                SPI3_IRQHandler
                0x0800316c                DMA1_Stream4_IRQHandler
                0x0800316c                I2C1_ER_IRQHandler
                0x0800316c                FMC_IRQHandler
                0x0800316c                DMA2_Stream6_IRQHandler
                0x0800316c                SAI1_IRQHandler
                0x0800316c                DMA1_Stream3_IRQHandler
 *fill*         0x0800316e        0x2 
 .text.HAL_Init
                0x08003170       0x44 ./Drivers/STM32F4xx_HAL_Driver/Src/stm32f4xx_hal.o
                0x08003170                HAL_Init
 .text.HAL_InitTick
                0x080031b4       0x60 ./Drivers/STM32F4xx_HAL_Driver/Src/stm32f4xx_hal.o
                0x080031b4                HAL_InitTick
 .text.HAL_IncTick
                0x08003214       0x28 ./Drivers/STM32F4xx_HAL_Driver/Src/stm32f4xx_hal.o
                0x08003214                HAL_IncTick
 .text.HAL_GetTick
                0x0800323c       0x18 ./Drivers/STM32F4xx_HAL_Driver/Src/stm32f4xx_hal.o
                0x0800323c                HAL_GetTick
 .text.HAL_Delay
                0x08003254       0x48 ./Drivers/STM32F4xx_HAL_Driver/Src/stm32f4xx_hal.o
                0x08003254                HAL_Delay
 .text.__NVIC_SetPriorityGrouping
                0x0800329c       0x48 ./Drivers/STM32F4xx_HAL_Driver/Src/stm32f4xx_hal_cortex.o
 .text.__NVIC_GetPriorityGrouping
                0x080032e4       0x1c ./Drivers/STM32F4xx_HAL_Driver/Src/stm32f4xx_hal_cortex.o
 .text.__NVIC_EnableIRQ
                0x08003300       0x3c ./Drivers/STM32F4xx_HAL_Driver/Src/stm32f4xx_hal_cortex.o
 .text.__NVIC_SetPriority
                0x0800333c       0x54 ./Drivers/STM32F4xx_HAL_Driver/Src/stm32f4xx_hal_cortex.o
 .text.NVIC_EncodePriority
                0x08003390       0x66 ./Drivers/STM32F4xx_HAL_Driver/Src/stm32f4xx_hal_cortex.o
 *fill*         0x080033f6        0x2 
 .text.SysTick_Config
                0x080033f8       0x44 ./Drivers/STM32F4xx_HAL_Driver/Src/stm32f4xx_hal_cortex.o
 .text.HAL_NVIC_SetPriorityGrouping
                0x0800343c       0x16 ./Drivers/STM32F4xx_HAL_Driver/Src/stm32f4xx_hal_cortex.o
                0x0800343c                HAL_NVIC_SetPriorityGrouping
 .text.HAL_NVIC_SetPriority
                0x08003452       0x38 ./Drivers/STM32F4xx_HAL_Driver/Src/stm32f4xx_hal_cortex.o
                0x08003452                HAL_NVIC_SetPriority
 .text.HAL_NVIC_EnableIRQ
                0x0800348a       0x1c ./Drivers/STM32F4xx_HAL_Driver/Src/stm32f4xx_hal_cortex.o
                0x0800348a                HAL_NVIC_EnableIRQ
 .text.HAL_SYSTICK_Config
                0x080034a6       0x18 ./Drivers/STM32F4xx_HAL_Driver/Src/stm32f4xx_hal_cortex.o
                0x080034a6                HAL_SYSTICK_Config
 *fill*         0x080034be        0x2 
 .text.HAL_FLASH_Program
                0x080034c0       0xa8 ./Drivers/STM32F4xx_HAL_Driver/Src/stm32f4xx_hal_flash.o
                0x080034c0                HAL_FLASH_Program
 .text.HAL_FLASH_Unlock
                0x08003568       0x44 ./Drivers/STM32F4xx_HAL_Driver/Src/stm32f4xx_hal_flash.o
                0x08003568                HAL_FLASH_Unlock
 .text.HAL_FLASH_Lock
                0x080035ac       0x20 ./Drivers/STM32F4xx_HAL_Driver/Src/stm32f4xx_hal_flash.o
                0x080035ac                HAL_FLASH_Lock
 .text.FLASH_WaitForLastOperation
                0x080035cc       0x80 ./Drivers/STM32F4xx_HAL_Driver/Src/stm32f4xx_hal_flash.o
                0x080035cc                FLASH_WaitForLastOperation
 .text.FLASH_Program_DoubleWord
                0x0800364c       0x64 ./Drivers/STM32F4xx_HAL_Driver/Src/stm32f4xx_hal_flash.o
 .text.FLASH_Program_Word
                0x080036b0       0x44 ./Drivers/STM32F4xx_HAL_Driver/Src/stm32f4xx_hal_flash.o
 .text.FLASH_Program_HalfWord
                0x080036f4       0x48 ./Drivers/STM32F4xx_HAL_Driver/Src/stm32f4xx_hal_flash.o
 .text.FLASH_Program_Byte
                0x0800373c       0x44 ./Drivers/STM32F4xx_HAL_Driver/Src/stm32f4xx_hal_flash.o
 .text.FLASH_SetErrorCode
                0x08003780       0xcc ./Drivers/STM32F4xx_HAL_Driver/Src/stm32f4xx_hal_flash.o
 .text.HAL_FLASHEx_Erase
                0x0800384c       0xe4 ./Drivers/STM32F4xx_HAL_Driver/Src/stm32f4xx_hal_flash_ex.o
                0x0800384c                HAL_FLASHEx_Erase
 .text.FLASH_MassErase
                0x08003930       0x74 ./Drivers/STM32F4xx_HAL_Driver/Src/stm32f4xx_hal_flash_ex.o
 .text.FLASH_Erase_Sector
                0x080039a4       0x9c ./Drivers/STM32F4xx_HAL_Driver/Src/stm32f4xx_hal_flash_ex.o
                0x080039a4                FLASH_Erase_Sector
 .text.FLASH_FlushCaches
                0x08003a40       0x8c ./Drivers/STM32F4xx_HAL_Driver/Src/stm32f4xx_hal_flash_ex.o
                0x08003a40                FLASH_FlushCaches
 .text.HAL_GPIO_Init
                0x08003acc      0x358 ./Drivers/STM32F4xx_HAL_Driver/Src/stm32f4xx_hal_gpio.o
                0x08003acc                HAL_GPIO_Init
 .text.HAL_GPIO_WritePin
                0x08003e24       0x32 ./Drivers/STM32F4xx_HAL_Driver/Src/stm32f4xx_hal_gpio.o
                0x08003e24                HAL_GPIO_WritePin
 *fill*         0x08003e56        0x2 
 .text.HAL_GPIO_EXTI_IRQHandler
                0x08003e58       0x30 ./Drivers/STM32F4xx_HAL_Driver/Src/stm32f4xx_hal_gpio.o
                0x08003e58                HAL_GPIO_EXTI_IRQHandler
 .text.HAL_I2C_Init
                0x08003e88      0x288 ./Drivers/STM32F4xx_HAL_Driver/Src/stm32f4xx_hal_i2c.o
                0x08003e88                HAL_I2C_Init
 .text.HAL_I2C_Master_Transmit
                0x08004110      0x1fc ./Drivers/STM32F4xx_HAL_Driver/Src/stm32f4xx_hal_i2c.o
                0x08004110                HAL_I2C_Master_Transmit
 .text.HAL_I2C_Master_Receive
                0x0800430c      0x464 ./Drivers/STM32F4xx_HAL_Driver/Src/stm32f4xx_hal_i2c.o
                0x0800430c                HAL_I2C_Master_Receive
 .text.I2C_MasterRequestWrite
                0x08004770      0x104 ./Drivers/STM32F4xx_HAL_Driver/Src/stm32f4xx_hal_i2c.o
 .text.I2C_MasterRequestRead
                0x08004874      0x19c ./Drivers/STM32F4xx_HAL_Driver/Src/stm32f4xx_hal_i2c.o
 .text.I2C_WaitOnFlagUntilTimeout
                0x08004a10       0xf4 ./Drivers/STM32F4xx_HAL_Driver/Src/stm32f4xx_hal_i2c.o
 .text.I2C_WaitOnMasterAddressFlagUntilTimeout
                0x08004b04      0x140 ./Drivers/STM32F4xx_HAL_Driver/Src/stm32f4xx_hal_i2c.o
 .text.I2C_WaitOnTXEFlagUntilTimeout
                0x08004c44       0x90 ./Drivers/STM32F4xx_HAL_Driver/Src/stm32f4xx_hal_i2c.o
 .text.I2C_WaitOnBTFFlagUntilTimeout
                0x08004cd4       0x90 ./Drivers/STM32F4xx_HAL_Driver/Src/stm32f4xx_hal_i2c.o
 .text.I2C_WaitOnRXNEFlagUntilTimeout
                0x08004d64       0xba ./Drivers/STM32F4xx_HAL_Driver/Src/stm32f4xx_hal_i2c.o
 .text.I2C_IsAcknowledgeFailed
                0x08004e1e       0x5e ./Drivers/STM32F4xx_HAL_Driver/Src/stm32f4xx_hal_i2c.o
 .text.HAL_I2CEx_ConfigAnalogFilter
                0x08004e7c       0x78 ./Drivers/STM32F4xx_HAL_Driver/Src/stm32f4xx_hal_i2c_ex.o
                0x08004e7c                HAL_I2CEx_ConfigAnalogFilter
 .text.HAL_I2CEx_ConfigDigitalFilter
                0x08004ef4       0x7e ./Drivers/STM32F4xx_HAL_Driver/Src/stm32f4xx_hal_i2c_ex.o
                0x08004ef4                HAL_I2CEx_ConfigDigitalFilter
 *fill*         0x08004f72        0x2 
 .text.HAL_RCC_OscConfig
                0x08004f74      0x4f0 ./Drivers/STM32F4xx_HAL_Driver/Src/stm32f4xx_hal_rcc.o
                0x08004f74                HAL_RCC_OscConfig
 .text.HAL_RCC_ClockConfig
                0x08005464      0x1cc ./Drivers/STM32F4xx_HAL_Driver/Src/stm32f4xx_hal_rcc.o
                0x08005464                HAL_RCC_ClockConfig
 .text.HAL_RCC_GetSysClockFreq
                0x08005630      0x20c ./Drivers/STM32F4xx_HAL_Driver/Src/stm32f4xx_hal_rcc.o
                0x08005630                HAL_RCC_GetSysClockFreq
 .text.HAL_RCC_GetHCLKFreq
                0x0800583c       0x18 ./Drivers/STM32F4xx_HAL_Driver/Src/stm32f4xx_hal_rcc.o
                0x0800583c                HAL_RCC_GetHCLKFreq
 .text.HAL_RCC_GetPCLK1Freq
                0x08005854       0x28 ./Drivers/STM32F4xx_HAL_Driver/Src/stm32f4xx_hal_rcc.o
                0x08005854                HAL_RCC_GetPCLK1Freq
 .text.HAL_RCC_GetPCLK2Freq
                0x0800587c       0x28 ./Drivers/STM32F4xx_HAL_Driver/Src/stm32f4xx_hal_rcc.o
                0x0800587c                HAL_RCC_GetPCLK2Freq
 .text.HAL_SPI_Init
                0x080058a4      0x112 ./Drivers/STM32F4xx_HAL_Driver/Src/stm32f4xx_hal_spi.o
                0x080058a4                HAL_SPI_Init
 .text.HAL_SPI_TransmitReceive
                0x080059b6      0x352 ./Drivers/STM32F4xx_HAL_Driver/Src/stm32f4xx_hal_spi.o
                0x080059b6                HAL_SPI_TransmitReceive
 .text.SPI_WaitFlagStateUntilTimeout
                0x08005d08      0x110 ./Drivers/STM32F4xx_HAL_Driver/Src/stm32f4xx_hal_spi.o
 .text.SPI_EndRxTxTransaction
                0x08005e18       0xa8 ./Drivers/STM32F4xx_HAL_Driver/Src/stm32f4xx_hal_spi.o
 .text.HAL_UART_Init
                0x08005ec0       0xa0 ./Drivers/STM32F4xx_HAL_Driver/Src/stm32f4xx_hal_uart.o
                0x08005ec0                HAL_UART_Init
 .text.UART_SetConfig
                0x08005f60      0x4e8 ./Drivers/STM32F4xx_HAL_Driver/Src/stm32f4xx_hal_uart.o
 .text.sprintf  0x08006448       0x40 C:/ST/STM32CubeIDE_1.16.1/STM32CubeIDE/plugins/com.st.stm32cube.ide.mcu.externaltools.gnu-tools-for-stm32.12.3.rel1.win32_1.0.200.202406191623/tools/bin/../lib/gcc/arm-none-eabi/12.3.1/../../../../arm-none-eabi/lib/thumb/v7e-m+fp/hard\libc_nano.a(libc_a-sprintf.o)
                0x08006448                siprintf
                0x08006448                sprintf
 .text.memset   0x08006488       0x10 C:/ST/STM32CubeIDE_1.16.1/STM32CubeIDE/plugins/com.st.stm32cube.ide.mcu.externaltools.gnu-tools-for-stm32.12.3.rel1.win32_1.0.200.202406191623/tools/bin/../lib/gcc/arm-none-eabi/12.3.1/../../../../arm-none-eabi/lib/thumb/v7e-m+fp/hard\libc_nano.a(libc_a-memset.o)
                0x08006488                memset
 .text.__errno  0x08006498        0xc C:/ST/STM32CubeIDE_1.16.1/STM32CubeIDE/plugins/com.st.stm32cube.ide.mcu.externaltools.gnu-tools-for-stm32.12.3.rel1.win32_1.0.200.202406191623/tools/bin/../lib/gcc/arm-none-eabi/12.3.1/../../../../arm-none-eabi/lib/thumb/v7e-m+fp/hard\libc_nano.a(libc_a-errno.o)
                0x08006498                __errno
 .text.__libc_init_array
                0x080064a4       0x48 C:/ST/STM32CubeIDE_1.16.1/STM32CubeIDE/plugins/com.st.stm32cube.ide.mcu.externaltools.gnu-tools-for-stm32.12.3.rel1.win32_1.0.200.202406191623/tools/bin/../lib/gcc/arm-none-eabi/12.3.1/../../../../arm-none-eabi/lib/thumb/v7e-m+fp/hard\libc_nano.a(libc_a-init.o)
                0x080064a4                __libc_init_array
 .text.__retarget_lock_acquire_recursive
                0x080064ec        0x2 C:/ST/STM32CubeIDE_1.16.1/STM32CubeIDE/plugins/com.st.stm32cube.ide.mcu.externaltools.gnu-tools-for-stm32.12.3.rel1.win32_1.0.200.202406191623/tools/bin/../lib/gcc/arm-none-eabi/12.3.1/../../../../arm-none-eabi/lib/thumb/v7e-m+fp/hard\libc_nano.a(libc_a-lock.o)
                0x080064ec                __retarget_lock_acquire_recursive
 .text.__retarget_lock_release_recursive
                0x080064ee        0x2 C:/ST/STM32CubeIDE_1.16.1/STM32CubeIDE/plugins/com.st.stm32cube.ide.mcu.externaltools.gnu-tools-for-stm32.12.3.rel1.win32_1.0.200.202406191623/tools/bin/../lib/gcc/arm-none-eabi/12.3.1/../../../../arm-none-eabi/lib/thumb/v7e-m+fp/hard\libc_nano.a(libc_a-lock.o)
                0x080064ee                __retarget_lock_release_recursive
 .text.strcpy   0x080064f0       0x10 C:/ST/STM32CubeIDE_1.16.1/STM32CubeIDE/plugins/com.st.stm32cube.ide.mcu.externaltools.gnu-tools-for-stm32.12.3.rel1.win32_1.0.200.202406191623/tools/bin/../lib/gcc/arm-none-eabi/12.3.1/../../../../arm-none-eabi/lib/thumb/v7e-m+fp/hard\libc_nano.a(libc_a-strcpy.o)
                0x080064f0                strcpy
 .text._free_r  0x08006500       0x94 C:/ST/STM32CubeIDE_1.16.1/STM32CubeIDE/plugins/com.st.stm32cube.ide.mcu.externaltools.gnu-tools-for-stm32.12.3.rel1.win32_1.0.200.202406191623/tools/bin/../lib/gcc/arm-none-eabi/12.3.1/../../../../arm-none-eabi/lib/thumb/v7e-m+fp/hard\libc_nano.a(libc_a-freer.o)
                0x08006500                _free_r
 .text.sbrk_aligned
                0x08006594       0x44 C:/ST/STM32CubeIDE_1.16.1/STM32CubeIDE/plugins/com.st.stm32cube.ide.mcu.externaltools.gnu-tools-for-stm32.12.3.rel1.win32_1.0.200.202406191623/tools/bin/../lib/gcc/arm-none-eabi/12.3.1/../../../../arm-none-eabi/lib/thumb/v7e-m+fp/hard\libc_nano.a(libc_a-mallocr.o)
 .text._malloc_r
                0x080065d8      0x100 C:/ST/STM32CubeIDE_1.16.1/STM32CubeIDE/plugins/com.st.stm32cube.ide.mcu.externaltools.gnu-tools-for-stm32.12.3.rel1.win32_1.0.200.202406191623/tools/bin/../lib/gcc/arm-none-eabi/12.3.1/../../../../arm-none-eabi/lib/thumb/v7e-m+fp/hard\libc_nano.a(libc_a-mallocr.o)
                0x080065d8                _malloc_r
 .text.__malloc_lock
                0x080066d8        0xc C:/ST/STM32CubeIDE_1.16.1/STM32CubeIDE/plugins/com.st.stm32cube.ide.mcu.externaltools.gnu-tools-for-stm32.12.3.rel1.win32_1.0.200.202406191623/tools/bin/../lib/gcc/arm-none-eabi/12.3.1/../../../../arm-none-eabi/lib/thumb/v7e-m+fp/hard\libc_nano.a(libc_a-mlock.o)
                0x080066d8                __malloc_lock
 .text.__malloc_unlock
                0x080066e4        0xc C:/ST/STM32CubeIDE_1.16.1/STM32CubeIDE/plugins/com.st.stm32cube.ide.mcu.externaltools.gnu-tools-for-stm32.12.3.rel1.win32_1.0.200.202406191623/tools/bin/../lib/gcc/arm-none-eabi/12.3.1/../../../../arm-none-eabi/lib/thumb/v7e-m+fp/hard\libc_nano.a(libc_a-mlock.o)
                0x080066e4                __malloc_unlock
 .text.__ssputs_r
                0x080066f0       0xb6 C:/ST/STM32CubeIDE_1.16.1/STM32CubeIDE/plugins/com.st.stm32cube.ide.mcu.externaltools.gnu-tools-for-stm32.12.3.rel1.win32_1.0.200.202406191623/tools/bin/../lib/gcc/arm-none-eabi/12.3.1/../../../../arm-none-eabi/lib/thumb/v7e-m+fp/hard\libc_nano.a(libc_a-nano-svfprintf.o)
                0x080066f0                __ssputs_r
 *fill*         0x080067a6        0x2 
 .text._svfprintf_r
                0x080067a8      0x1f8 C:/ST/STM32CubeIDE_1.16.1/STM32CubeIDE/plugins/com.st.stm32cube.ide.mcu.externaltools.gnu-tools-for-stm32.12.3.rel1.win32_1.0.200.202406191623/tools/bin/../lib/gcc/arm-none-eabi/12.3.1/../../../../arm-none-eabi/lib/thumb/v7e-m+fp/hard\libc_nano.a(libc_a-nano-svfprintf.o)
                0x080067a8                _svfiprintf_r
                0x080067a8                _svfprintf_r
 .text._printf_common
                0x080069a0       0xda C:/ST/STM32CubeIDE_1.16.1/STM32CubeIDE/plugins/com.st.stm32cube.ide.mcu.externaltools.gnu-tools-for-stm32.12.3.rel1.win32_1.0.200.202406191623/tools/bin/../lib/gcc/arm-none-eabi/12.3.1/../../../../arm-none-eabi/lib/thumb/v7e-m+fp/hard\libc_nano.a(libc_a-nano-vfprintf_i.o)
                0x080069a0                _printf_common
 *fill*         0x08006a7a        0x2 
 .text._printf_i
                0x08006a7c      0x240 C:/ST/STM32CubeIDE_1.16.1/STM32CubeIDE/plugins/com.st.stm32cube.ide.mcu.externaltools.gnu-tools-for-stm32.12.3.rel1.win32_1.0.200.202406191623/tools/bin/../lib/gcc/arm-none-eabi/12.3.1/../../../../arm-none-eabi/lib/thumb/v7e-m+fp/hard\libc_nano.a(libc_a-nano-vfprintf_i.o)
                0x08006a7c                _printf_i
 .text.memmove  0x08006cbc       0x34 C:/ST/STM32CubeIDE_1.16.1/STM32CubeIDE/plugins/com.st.stm32cube.ide.mcu.externaltools.gnu-tools-for-stm32.12.3.rel1.win32_1.0.200.202406191623/tools/bin/../lib/gcc/arm-none-eabi/12.3.1/../../../../arm-none-eabi/lib/thumb/v7e-m+fp/hard\libc_nano.a(libc_a-memmove.o)
                0x08006cbc                memmove
 .text._sbrk_r  0x08006cf0       0x20 C:/ST/STM32CubeIDE_1.16.1/STM32CubeIDE/plugins/com.st.stm32cube.ide.mcu.externaltools.gnu-tools-for-stm32.12.3.rel1.win32_1.0.200.202406191623/tools/bin/../lib/gcc/arm-none-eabi/12.3.1/../../../../arm-none-eabi/lib/thumb/v7e-m+fp/hard\libc_nano.a(libc_a-sbrkr.o)
                0x08006cf0                _sbrk_r
 .text.memcpy   0x08006d10       0x1c C:/ST/STM32CubeIDE_1.16.1/STM32CubeIDE/plugins/com.st.stm32cube.ide.mcu.externaltools.gnu-tools-for-stm32.12.3.rel1.win32_1.0.200.202406191623/tools/bin/../lib/gcc/arm-none-eabi/12.3.1/../../../../arm-none-eabi/lib/thumb/v7e-m+fp/hard\libc_nano.a(libc_a-memcpy-stub.o)
                0x08006d10                memcpy
 .text._realloc_r
                0x08006d2c       0x5c C:/ST/STM32CubeIDE_1.16.1/STM32CubeIDE/plugins/com.st.stm32cube.ide.mcu.externaltools.gnu-tools-for-stm32.12.3.rel1.win32_1.0.200.202406191623/tools/bin/../lib/gcc/arm-none-eabi/12.3.1/../../../../arm-none-eabi/lib/thumb/v7e-m+fp/hard\libc_nano.a(libc_a-reallocr.o)
                0x08006d2c                _realloc_r
 .text._malloc_usable_size_r
                0x08006d88       0x10 C:/ST/STM32CubeIDE_1.16.1/STM32CubeIDE/plugins/com.st.stm32cube.ide.mcu.externaltools.gnu-tools-for-stm32.12.3.rel1.win32_1.0.200.202406191623/tools/bin/../lib/gcc/arm-none-eabi/12.3.1/../../../../arm-none-eabi/lib/thumb/v7e-m+fp/hard\libc_nano.a(libc_a-msizer.o)
                0x08006d88                _malloc_usable_size_r
 *(.glue_7)
 .glue_7        0x08006d98        0x0 linker stubs
 *(.glue_7t)
 .glue_7t       0x08006d98        0x0 linker stubs
 *(.eh_frame)
 .eh_frame      0x08006d98        0x0 C:/ST/STM32CubeIDE_1.16.1/STM32CubeIDE/plugins/com.st.stm32cube.ide.mcu.externaltools.gnu-tools-for-stm32.12.3.rel1.win32_1.0.200.202406191623/tools/bin/../lib/gcc/arm-none-eabi/12.3.1/thumb/v7e-m+fp/hard/crtbegin.o
 *(.init)
 .init          0x08006d98        0x4 C:/ST/STM32CubeIDE_1.16.1/STM32CubeIDE/plugins/com.st.stm32cube.ide.mcu.externaltools.gnu-tools-for-stm32.12.3.rel1.win32_1.0.200.202406191623/tools/bin/../lib/gcc/arm-none-eabi/12.3.1/thumb/v7e-m+fp/hard/crti.o
                0x08006d98                _init
 .init          0x08006d9c        0x8 C:/ST/STM32CubeIDE_1.16.1/STM32CubeIDE/plugins/com.st.stm32cube.ide.mcu.externaltools.gnu-tools-for-stm32.12.3.rel1.win32_1.0.200.202406191623/tools/bin/../lib/gcc/arm-none-eabi/12.3.1/thumb/v7e-m+fp/hard/crtn.o
 *(.fini)
 .fini          0x08006da4        0x4 C:/ST/STM32CubeIDE_1.16.1/STM32CubeIDE/plugins/com.st.stm32cube.ide.mcu.externaltools.gnu-tools-for-stm32.12.3.rel1.win32_1.0.200.202406191623/tools/bin/../lib/gcc/arm-none-eabi/12.3.1/thumb/v7e-m+fp/hard/crti.o
                0x08006da4                _fini
 .fini          0x08006da8        0x8 C:/ST/STM32CubeIDE_1.16.1/STM32CubeIDE/plugins/com.st.stm32cube.ide.mcu.externaltools.gnu-tools-for-stm32.12.3.rel1.win32_1.0.200.202406191623/tools/bin/../lib/gcc/arm-none-eabi/12.3.1/thumb/v7e-m+fp/hard/crtn.o
                0x08006db0                        . = ALIGN (0x4)
                0x08006db0                        _etext = .

.vfp11_veneer   0x08006db0        0x0
 .vfp11_veneer  0x08006db0        0x0 linker stubs

.v4_bx          0x08006db0        0x0
 .v4_bx         0x08006db0        0x0 linker stubs

.iplt           0x08006db0        0x0
 .iplt          0x08006db0        0x0 C:/ST/STM32CubeIDE_1.16.1/STM32CubeIDE/plugins/com.st.stm32cube.ide.mcu.externaltools.gnu-tools-for-stm32.12.3.rel1.win32_1.0.200.202406191623/tools/bin/../lib/gcc/arm-none-eabi/12.3.1/thumb/v7e-m+fp/hard/crtbegin.o

.rodata         0x08006db0      0x218
                0x08006db0                        . = ALIGN (0x4)
 *(.rodata)
 .rodata        0x08006db0       0xa1 ./Core/Src/main.o
 *(.rodata*)
 *fill*         0x08006e51        0x3 
 .rodata.Font   0x08006e54      0x127 ./Core/Src/main.o
                0x08006e54                Font
 *fill*         0x08006f7b        0x1 
 .rodata.AHBPrescTable
                0x08006f7c       0x10 ./Core/Src/system_stm32f4xx.o
                0x08006f7c                AHBPrescTable
 .rodata.APBPrescTable
                0x08006f8c        0x8 ./Core/Src/system_stm32f4xx.o
                0x08006f8c                APBPrescTable
 .rodata._svfprintf_r.str1.1
                0x08006f94       0x11 C:/ST/STM32CubeIDE_1.16.1/STM32CubeIDE/plugins/com.st.stm32cube.ide.mcu.externaltools.gnu-tools-for-stm32.12.3.rel1.win32_1.0.200.202406191623/tools/bin/../lib/gcc/arm-none-eabi/12.3.1/../../../../arm-none-eabi/lib/thumb/v7e-m+fp/hard\libc_nano.a(libc_a-nano-svfprintf.o)
 .rodata._printf_i.str1.1
                0x08006fa5       0x22 C:/ST/STM32CubeIDE_1.16.1/STM32CubeIDE/plugins/com.st.stm32cube.ide.mcu.externaltools.gnu-tools-for-stm32.12.3.rel1.win32_1.0.200.202406191623/tools/bin/../lib/gcc/arm-none-eabi/12.3.1/../../../../arm-none-eabi/lib/thumb/v7e-m+fp/hard\libc_nano.a(libc_a-nano-vfprintf_i.o)
                0x08006fc8                        . = ALIGN (0x4)
 *fill*         0x08006fc7        0x1 

.ARM.extab      0x08006fc8        0x0
                0x08006fc8                        . = ALIGN (0x4)
 *(.ARM.extab* .gnu.linkonce.armextab.*)
                0x08006fc8                        . = ALIGN (0x4)

.ARM            0x08006fc8        0x8
                0x08006fc8                        . = ALIGN (0x4)
                0x08006fc8                        __exidx_start = .
 *(.ARM.exidx*)
 .ARM.exidx     0x08006fc8        0x8 C:/ST/STM32CubeIDE_1.16.1/STM32CubeIDE/plugins/com.st.stm32cube.ide.mcu.externaltools.gnu-tools-for-stm32.12.3.rel1.win32_1.0.200.202406191623/tools/bin/../lib/gcc/arm-none-eabi/12.3.1/../../../../arm-none-eabi/lib/thumb/v7e-m+fp/hard\libc_nano.a(libc_a-strcmp.o)
 .ARM.exidx     0x08006fd0        0x0 C:/ST/STM32CubeIDE_1.16.1/STM32CubeIDE/plugins/com.st.stm32cube.ide.mcu.externaltools.gnu-tools-for-stm32.12.3.rel1.win32_1.0.200.202406191623/tools/bin/../lib/gcc/arm-none-eabi/12.3.1/../../../../arm-none-eabi/lib/thumb/v7e-m+fp/hard\libc_nano.a(libc_a-strlen.o)
                                  0x8 (size before relaxing)
 .ARM.exidx     0x08006fd0        0x0 C:/ST/STM32CubeIDE_1.16.1/STM32CubeIDE/plugins/com.st.stm32cube.ide.mcu.externaltools.gnu-tools-for-stm32.12.3.rel1.win32_1.0.200.202406191623/tools/bin/../lib/gcc/arm-none-eabi/12.3.1/../../../../arm-none-eabi/lib/thumb/v7e-m+fp/hard\libc_nano.a(libc_a-memchr.o)
                                  0x8 (size before relaxing)
 .ARM.exidx     0x08006fd0        0x0 C:/ST/STM32CubeIDE_1.16.1/STM32CubeIDE/plugins/com.st.stm32cube.ide.mcu.externaltools.gnu-tools-for-stm32.12.3.rel1.win32_1.0.200.202406191623/tools/bin/../lib/gcc/arm-none-eabi/12.3.1/thumb/v7e-m+fp/hard\libgcc.a(_udivmoddi4.o)
                                  0x8 (size before relaxing)
                0x08006fd0                        __exidx_end = .
                0x08006fd0                        . = ALIGN (0x4)

.preinit_array  0x08006fd0        0x0
                0x08006fd0                        . = ALIGN (0x4)
                0x08006fd0                        PROVIDE (__preinit_array_start = .)
 *(.preinit_array*)
                0x08006fd0                        PROVIDE (__preinit_array_end = .)
                0x08006fd0                        . = ALIGN (0x4)

.init_array     0x08006fd0        0x4
                0x08006fd0                        . = ALIGN (0x4)
                0x08006fd0                        PROVIDE (__init_array_start = .)
 *(SORT_BY_NAME(.init_array.*))
 *(.init_array*)
 .init_array    0x08006fd0        0x4 C:/ST/STM32CubeIDE_1.16.1/STM32CubeIDE/plugins/com.st.stm32cube.ide.mcu.externaltools.gnu-tools-for-stm32.12.3.rel1.win32_1.0.200.202406191623/tools/bin/../lib/gcc/arm-none-eabi/12.3.1/thumb/v7e-m+fp/hard/crtbegin.o
                0x08006fd4                        PROVIDE (__init_array_end = .)
                0x08006fd4                        . = ALIGN (0x4)

.fini_array     0x08006fd4        0x4
                0x08006fd4                        . = ALIGN (0x4)
                [!provide]                        PROVIDE (__fini_array_start = .)
 *(SORT_BY_NAME(.fini_array.*))
 *(.fini_array*)
 .fini_array    0x08006fd4        0x4 C:/ST/STM32CubeIDE_1.16.1/STM32CubeIDE/plugins/com.st.stm32cube.ide.mcu.externaltools.gnu-tools-for-stm32.12.3.rel1.win32_1.0.200.202406191623/tools/bin/../lib/gcc/arm-none-eabi/12.3.1/thumb/v7e-m+fp/hard/crtbegin.o
                [!provide]                        PROVIDE (__fini_array_end = .)
                0x08006fd8                        . = ALIGN (0x4)
                0x08006fd8                        _sidata = LOADADDR (.data)

.rel.dyn        0x08006fd8        0x0
 .rel.iplt      0x08006fd8        0x0 C:/ST/STM32CubeIDE_1.16.1/STM32CubeIDE/plugins/com.st.stm32cube.ide.mcu.externaltools.gnu-tools-for-stm32.12.3.rel1.win32_1.0.200.202406191623/tools/bin/../lib/gcc/arm-none-eabi/12.3.1/thumb/v7e-m+fp/hard/crtbegin.o

.data           0x20000000       0x7c load address 0x08006fd8
                0x20000000                        . = ALIGN (0x4)
                0x20000000                        _sdata = .
 *(.data)
 *(.data*)
 .data.state    0x20000000        0x4 ./Core/Src/main.o
                0x20000000                state
 .data.DAYS_OF_WEEK
                0x20000004       0x1c ./Core/Src/main.o
                0x20000004                DAYS_OF_WEEK
 .data.SystemCoreClock
                0x20000020        0x4 ./Core/Src/system_stm32f4xx.o
                0x20000020                SystemCoreClock
 .data.uwTickPrio
                0x20000024        0x4 ./Drivers/STM32F4xx_HAL_Driver/Src/stm32f4xx_hal.o
                0x20000024                uwTickPrio
 .data.uwTickFreq
                0x20000028        0x1 ./Drivers/STM32F4xx_HAL_Driver/Src/stm32f4xx_hal.o
                0x20000028                uwTickFreq
 *fill*         0x20000029        0x3 
 .data._impure_ptr
                0x2000002c        0x4 C:/ST/STM32CubeIDE_1.16.1/STM32CubeIDE/plugins/com.st.stm32cube.ide.mcu.externaltools.gnu-tools-for-stm32.12.3.rel1.win32_1.0.200.202406191623/tools/bin/../lib/gcc/arm-none-eabi/12.3.1/../../../../arm-none-eabi/lib/thumb/v7e-m+fp/hard\libc_nano.a(libc_a-impure.o)
                0x2000002c                _impure_ptr
 .data._impure_data
                0x20000030       0x4c C:/ST/STM32CubeIDE_1.16.1/STM32CubeIDE/plugins/com.st.stm32cube.ide.mcu.externaltools.gnu-tools-for-stm32.12.3.rel1.win32_1.0.200.202406191623/tools/bin/../lib/gcc/arm-none-eabi/12.3.1/../../../../arm-none-eabi/lib/thumb/v7e-m+fp/hard\libc_nano.a(libc_a-impure.o)
                0x20000030                _impure_data
 *(.RamFunc)
 *(.RamFunc*)
                0x2000007c                        . = ALIGN (0x4)
                0x2000007c                        _edata = .
                0x08007054                        _siccmram = LOADADDR (.ccmram)

.igot.plt       0x2000007c        0x0 load address 0x08007054
 .igot.plt      0x2000007c        0x0 C:/ST/STM32CubeIDE_1.16.1/STM32CubeIDE/plugins/com.st.stm32cube.ide.mcu.externaltools.gnu-tools-for-stm32.12.3.rel1.win32_1.0.200.202406191623/tools/bin/../lib/gcc/arm-none-eabi/12.3.1/thumb/v7e-m+fp/hard/crtbegin.o

.ccmram         0x10000000        0x0 load address 0x08007054
                0x10000000                        . = ALIGN (0x4)
                0x10000000                        _sccmram = .
 *(.ccmram)
 *(.ccmram*)
                0x10000000                        . = ALIGN (0x4)
                0x10000000                        _eccmram = .
                0x10000000                        . = ALIGN (0x4)

.bss            0x2000007c      0x2a4
                0x2000007c                        _sbss = .
                0x2000007c                        __bss_start__ = _sbss
 *(.bss)
 .bss           0x2000007c       0x1c C:/ST/STM32CubeIDE_1.16.1/STM32CubeIDE/plugins/com.st.stm32cube.ide.mcu.externaltools.gnu-tools-for-stm32.12.3.rel1.win32_1.0.200.202406191623/tools/bin/../lib/gcc/arm-none-eabi/12.3.1/thumb/v7e-m+fp/hard/crtbegin.o
 *(.bss*)
 .bss._ds1307_ui2c
                0x20000098        0x4 ./Core/Src/ds1307_for_stm32_hal.o
                0x20000098                _ds1307_ui2c
 .bss.hi2c3     0x2000009c       0x54 ./Core/Src/i2c.o
                0x2000009c                hi2c3
 .bss.status    0x200000f0        0x1 ./Core/Src/main.o
                0x200000f0                status
 *fill*         0x200000f1        0x3 
 .bss.str       0x200000f4       0x10 ./Core/Src/main.o
                0x200000f4                str
 .bss.Npage     0x20000104        0x4 ./Core/Src/main.o
                0x20000104                Npage
 .bss.Ppage     0x20000108        0x4 ./Core/Src/main.o
                0x20000108                Ppage
 .bss.keyG      0x2000010c        0x1 ./Core/Src/main.o
                0x2000010c                keyG
 .bss.keyB      0x2000010d        0x1 ./Core/Src/main.o
                0x2000010d                keyB
 .bss.keyY      0x2000010e        0x1 ./Core/Src/main.o
                0x2000010e                keyY
 *fill*         0x2000010f        0x1 
 .bss.hspi4     0x20000110       0x58 ./Core/Src/spi.o
                0x20000110                hspi4
 .bss.__sbrk_heap_end
                0x20000168        0x4 ./Core/Src/sysmem.o
 .bss.huart1    0x2000016c       0x48 ./Core/Src/usart.o
                0x2000016c                huart1
 .bss.uwTick    0x200001b4        0x4 ./Drivers/STM32F4xx_HAL_Driver/Src/stm32f4xx_hal.o
                0x200001b4                uwTick
 .bss.pFlash    0x200001b8       0x20 ./Drivers/STM32F4xx_HAL_Driver/Src/stm32f4xx_hal_flash.o
                0x200001b8                pFlash
 .bss.__sf      0x200001d8      0x138 C:/ST/STM32CubeIDE_1.16.1/STM32CubeIDE/plugins/com.st.stm32cube.ide.mcu.externaltools.gnu-tools-for-stm32.12.3.rel1.win32_1.0.200.202406191623/tools/bin/../lib/gcc/arm-none-eabi/12.3.1/../../../../arm-none-eabi/lib/thumb/v7e-m+fp/hard\libc_nano.a(libc_a-findfp.o)
                0x200001d8                __sf
 .bss.errno     0x20000310        0x4 C:/ST/STM32CubeIDE_1.16.1/STM32CubeIDE/plugins/com.st.stm32cube.ide.mcu.externaltools.gnu-tools-for-stm32.12.3.rel1.win32_1.0.200.202406191623/tools/bin/../lib/gcc/arm-none-eabi/12.3.1/../../../../arm-none-eabi/lib/thumb/v7e-m+fp/hard\libc_nano.a(libc_a-reent.o)
                0x20000310                errno
 .bss.__lock___malloc_recursive_mutex
                0x20000314        0x1 C:/ST/STM32CubeIDE_1.16.1/STM32CubeIDE/plugins/com.st.stm32cube.ide.mcu.externaltools.gnu-tools-for-stm32.12.3.rel1.win32_1.0.200.202406191623/tools/bin/../lib/gcc/arm-none-eabi/12.3.1/../../../../arm-none-eabi/lib/thumb/v7e-m+fp/hard\libc_nano.a(libc_a-lock.o)
                0x20000314                __lock___malloc_recursive_mutex
 *fill*         0x20000315        0x3 
 .bss.__malloc_sbrk_start
                0x20000318        0x4 C:/ST/STM32CubeIDE_1.16.1/STM32CubeIDE/plugins/com.st.stm32cube.ide.mcu.externaltools.gnu-tools-for-stm32.12.3.rel1.win32_1.0.200.202406191623/tools/bin/../lib/gcc/arm-none-eabi/12.3.1/../../../../arm-none-eabi/lib/thumb/v7e-m+fp/hard\libc_nano.a(libc_a-mallocr.o)
                0x20000318                __malloc_sbrk_start
 .bss.__malloc_free_list
                0x2000031c        0x4 C:/ST/STM32CubeIDE_1.16.1/STM32CubeIDE/plugins/com.st.stm32cube.ide.mcu.externaltools.gnu-tools-for-stm32.12.3.rel1.win32_1.0.200.202406191623/tools/bin/../lib/gcc/arm-none-eabi/12.3.1/../../../../arm-none-eabi/lib/thumb/v7e-m+fp/hard\libc_nano.a(libc_a-mallocr.o)
                0x2000031c                __malloc_free_list
 *(COMMON)
                0x20000320                        . = ALIGN (0x4)
                0x20000320                        _ebss = .
                0x20000320                        __bss_end__ = _ebss

._user_heap_stack
                0x20000320      0x600
                0x20000320                        . = ALIGN (0x8)
                [!provide]                        PROVIDE (end = .)
                0x20000320                        PROVIDE (_end = .)
                0x20000520                        . = (. + _Min_Heap_Size)
 *fill*         0x20000320      0x200 
                0x20000920                        . = (. + _Min_Stack_Size)
 *fill*         0x20000520      0x400 
                0x20000920                        . = ALIGN (0x8)

/DISCARD/
 libc.a(*)
 libm.a(*)
 libgcc.a(*)

.ARM.attributes
                0x00000000       0x30
 *(.ARM.attributes)
 .ARM.attributes
                0x00000000       0x22 C:/ST/STM32CubeIDE_1.16.1/STM32CubeIDE/plugins/com.st.stm32cube.ide.mcu.externaltools.gnu-tools-for-stm32.12.3.rel1.win32_1.0.200.202406191623/tools/bin/../lib/gcc/arm-none-eabi/12.3.1/thumb/v7e-m+fp/hard/crti.o
 .ARM.attributes
                0x00000022       0x34 C:/ST/STM32CubeIDE_1.16.1/STM32CubeIDE/plugins/com.st.stm32cube.ide.mcu.externaltools.gnu-tools-for-stm32.12.3.rel1.win32_1.0.200.202406191623/tools/bin/../lib/gcc/arm-none-eabi/12.3.1/thumb/v7e-m+fp/hard/crtbegin.o
 .ARM.attributes
                0x00000056       0x34 ./Core/Src/clock_cfg.o
 .ARM.attributes
                0x0000008a       0x34 ./Core/Src/drawing.o
 .ARM.attributes
                0x000000be       0x34 ./Core/Src/ds1307_for_stm32_hal.o
 .ARM.attributes
                0x000000f2       0x34 ./Core/Src/flash_mem.o
 .ARM.attributes
                0x00000126       0x34 ./Core/Src/gpio.o
 .ARM.attributes
                0x0000015a       0x34 ./Core/Src/gpio_cfg.o
 .ARM.attributes
                0x0000018e       0x34 ./Core/Src/i2c.o
 .ARM.attributes
                0x000001c2       0x34 ./Core/Src/ili9341.o
 .ARM.attributes
                0x000001f6       0x34 ./Core/Src/ltdc_cfg.o
 .ARM.attributes
                0x0000022a       0x34 ./Core/Src/main.o
 .ARM.attributes
                0x0000025e       0x34 ./Core/Src/rc522.o
 .ARM.attributes
                0x00000292       0x34 ./Core/Src/sdram_cfg.o
 .ARM.attributes
                0x000002c6       0x34 ./Core/Src/spi.o
 .ARM.attributes
                0x000002fa       0x34 ./Core/Src/spi_cfg.o
 .ARM.attributes
                0x0000032e       0x34 ./Core/Src/stm32f4xx_hal_msp.o
 .ARM.attributes
                0x00000362       0x34 ./Core/Src/stm32f4xx_it.o
 .ARM.attributes
                0x00000396       0x34 ./Core/Src/sysmem.o
 .ARM.attributes
                0x000003ca       0x34 ./Core/Src/system_stm32f4xx.o
 .ARM.attributes
                0x000003fe       0x34 ./Core/Src/usart.o
 .ARM.attributes
                0x00000432       0x21 ./Core/Startup/startup_stm32f429zitx.o
 .ARM.attributes
                0x00000453       0x34 ./Drivers/STM32F4xx_HAL_Driver/Src/stm32f4xx_hal.o
 .ARM.attributes
                0x00000487       0x34 ./Drivers/STM32F4xx_HAL_Driver/Src/stm32f4xx_hal_cortex.o
 .ARM.attributes
                0x000004bb       0x34 ./Drivers/STM32F4xx_HAL_Driver/Src/stm32f4xx_hal_flash.o
 .ARM.attributes
                0x000004ef       0x34 ./Drivers/STM32F4xx_HAL_Driver/Src/stm32f4xx_hal_flash_ex.o
 .ARM.attributes
                0x00000523       0x34 ./Drivers/STM32F4xx_HAL_Driver/Src/stm32f4xx_hal_gpio.o
 .ARM.attributes
                0x00000557       0x34 ./Drivers/STM32F4xx_HAL_Driver/Src/stm32f4xx_hal_i2c.o
 .ARM.attributes
                0x0000058b       0x34 ./Drivers/STM32F4xx_HAL_Driver/Src/stm32f4xx_hal_i2c_ex.o
 .ARM.attributes
                0x000005bf       0x34 ./Drivers/STM32F4xx_HAL_Driver/Src/stm32f4xx_hal_rcc.o
 .ARM.attributes
                0x000005f3       0x34 ./Drivers/STM32F4xx_HAL_Driver/Src/stm32f4xx_hal_spi.o
 .ARM.attributes
                0x00000627       0x34 ./Drivers/STM32F4xx_HAL_Driver/Src/stm32f4xx_hal_uart.o
 .ARM.attributes
                0x0000065b       0x34 C:/ST/STM32CubeIDE_1.16.1/STM32CubeIDE/plugins/com.st.stm32cube.ide.mcu.externaltools.gnu-tools-for-stm32.12.3.rel1.win32_1.0.200.202406191623/tools/bin/../lib/gcc/arm-none-eabi/12.3.1/../../../../arm-none-eabi/lib/thumb/v7e-m+fp/hard\libc_nano.a(libc_a-findfp.o)
 .ARM.attributes
                0x0000068f       0x34 C:/ST/STM32CubeIDE_1.16.1/STM32CubeIDE/plugins/com.st.stm32cube.ide.mcu.externaltools.gnu-tools-for-stm32.12.3.rel1.win32_1.0.200.202406191623/tools/bin/../lib/gcc/arm-none-eabi/12.3.1/../../../../arm-none-eabi/lib/thumb/v7e-m+fp/hard\libc_nano.a(libc_a-sprintf.o)
 .ARM.attributes
                0x000006c3       0x34 C:/ST/STM32CubeIDE_1.16.1/STM32CubeIDE/plugins/com.st.stm32cube.ide.mcu.externaltools.gnu-tools-for-stm32.12.3.rel1.win32_1.0.200.202406191623/tools/bin/../lib/gcc/arm-none-eabi/12.3.1/../../../../arm-none-eabi/lib/thumb/v7e-m+fp/hard\libc_nano.a(libc_a-memset.o)
 .ARM.attributes
                0x000006f7       0x34 C:/ST/STM32CubeIDE_1.16.1/STM32CubeIDE/plugins/com.st.stm32cube.ide.mcu.externaltools.gnu-tools-for-stm32.12.3.rel1.win32_1.0.200.202406191623/tools/bin/../lib/gcc/arm-none-eabi/12.3.1/../../../../arm-none-eabi/lib/thumb/v7e-m+fp/hard\libc_nano.a(libc_a-reent.o)
 .ARM.attributes
                0x0000072b       0x34 C:/ST/STM32CubeIDE_1.16.1/STM32CubeIDE/plugins/com.st.stm32cube.ide.mcu.externaltools.gnu-tools-for-stm32.12.3.rel1.win32_1.0.200.202406191623/tools/bin/../lib/gcc/arm-none-eabi/12.3.1/../../../../arm-none-eabi/lib/thumb/v7e-m+fp/hard\libc_nano.a(libc_a-impure.o)
 .ARM.attributes
                0x0000075f       0x34 C:/ST/STM32CubeIDE_1.16.1/STM32CubeIDE/plugins/com.st.stm32cube.ide.mcu.externaltools.gnu-tools-for-stm32.12.3.rel1.win32_1.0.200.202406191623/tools/bin/../lib/gcc/arm-none-eabi/12.3.1/../../../../arm-none-eabi/lib/thumb/v7e-m+fp/hard\libc_nano.a(libc_a-errno.o)
 .ARM.attributes
                0x00000793       0x34 C:/ST/STM32CubeIDE_1.16.1/STM32CubeIDE/plugins/com.st.stm32cube.ide.mcu.externaltools.gnu-tools-for-stm32.12.3.rel1.win32_1.0.200.202406191623/tools/bin/../lib/gcc/arm-none-eabi/12.3.1/../../../../arm-none-eabi/lib/thumb/v7e-m+fp/hard\libc_nano.a(libc_a-init.o)
 .ARM.attributes
                0x000007c7       0x34 C:/ST/STM32CubeIDE_1.16.1/STM32CubeIDE/plugins/com.st.stm32cube.ide.mcu.externaltools.gnu-tools-for-stm32.12.3.rel1.win32_1.0.200.202406191623/tools/bin/../lib/gcc/arm-none-eabi/12.3.1/../../../../arm-none-eabi/lib/thumb/v7e-m+fp/hard\libc_nano.a(libc_a-lock.o)
 .ARM.attributes
                0x000007fb       0x20 C:/ST/STM32CubeIDE_1.16.1/STM32CubeIDE/plugins/com.st.stm32cube.ide.mcu.externaltools.gnu-tools-for-stm32.12.3.rel1.win32_1.0.200.202406191623/tools/bin/../lib/gcc/arm-none-eabi/12.3.1/../../../../arm-none-eabi/lib/thumb/v7e-m+fp/hard\libc_nano.a(libc_a-strcmp.o)
 .ARM.attributes
                0x0000081b       0x34 C:/ST/STM32CubeIDE_1.16.1/STM32CubeIDE/plugins/com.st.stm32cube.ide.mcu.externaltools.gnu-tools-for-stm32.12.3.rel1.win32_1.0.200.202406191623/tools/bin/../lib/gcc/arm-none-eabi/12.3.1/../../../../arm-none-eabi/lib/thumb/v7e-m+fp/hard\libc_nano.a(libc_a-strcpy.o)
 .ARM.attributes
                0x0000084f       0x17 C:/ST/STM32CubeIDE_1.16.1/STM32CubeIDE/plugins/com.st.stm32cube.ide.mcu.externaltools.gnu-tools-for-stm32.12.3.rel1.win32_1.0.200.202406191623/tools/bin/../lib/gcc/arm-none-eabi/12.3.1/../../../../arm-none-eabi/lib/thumb/v7e-m+fp/hard\libc_nano.a(libc_a-strlen.o)
 .ARM.attributes
                0x00000866       0x34 C:/ST/STM32CubeIDE_1.16.1/STM32CubeIDE/plugins/com.st.stm32cube.ide.mcu.externaltools.gnu-tools-for-stm32.12.3.rel1.win32_1.0.200.202406191623/tools/bin/../lib/gcc/arm-none-eabi/12.3.1/../../../../arm-none-eabi/lib/thumb/v7e-m+fp/hard\libc_nano.a(libc_a-freer.o)
 .ARM.attributes
                0x0000089a       0x34 C:/ST/STM32CubeIDE_1.16.1/STM32CubeIDE/plugins/com.st.stm32cube.ide.mcu.externaltools.gnu-tools-for-stm32.12.3.rel1.win32_1.0.200.202406191623/tools/bin/../lib/gcc/arm-none-eabi/12.3.1/../../../../arm-none-eabi/lib/thumb/v7e-m+fp/hard\libc_nano.a(libc_a-mallocr.o)
 .ARM.attributes
                0x000008ce       0x34 C:/ST/STM32CubeIDE_1.16.1/STM32CubeIDE/plugins/com.st.stm32cube.ide.mcu.externaltools.gnu-tools-for-stm32.12.3.rel1.win32_1.0.200.202406191623/tools/bin/../lib/gcc/arm-none-eabi/12.3.1/../../../../arm-none-eabi/lib/thumb/v7e-m+fp/hard\libc_nano.a(libc_a-mlock.o)
 .ARM.attributes
                0x00000902       0x34 C:/ST/STM32CubeIDE_1.16.1/STM32CubeIDE/plugins/com.st.stm32cube.ide.mcu.externaltools.gnu-tools-for-stm32.12.3.rel1.win32_1.0.200.202406191623/tools/bin/../lib/gcc/arm-none-eabi/12.3.1/../../../../arm-none-eabi/lib/thumb/v7e-m+fp/hard\libc_nano.a(libc_a-nano-svfprintf.o)
 .ARM.attributes
                0x00000936       0x34 C:/ST/STM32CubeIDE_1.16.1/STM32CubeIDE/plugins/com.st.stm32cube.ide.mcu.externaltools.gnu-tools-for-stm32.12.3.rel1.win32_1.0.200.202406191623/tools/bin/../lib/gcc/arm-none-eabi/12.3.1/../../../../arm-none-eabi/lib/thumb/v7e-m+fp/hard\libc_nano.a(libc_a-nano-vfprintf_i.o)
 .ARM.attributes
                0x0000096a       0x34 C:/ST/STM32CubeIDE_1.16.1/STM32CubeIDE/plugins/com.st.stm32cube.ide.mcu.externaltools.gnu-tools-for-stm32.12.3.rel1.win32_1.0.200.202406191623/tools/bin/../lib/gcc/arm-none-eabi/12.3.1/../../../../arm-none-eabi/lib/thumb/v7e-m+fp/hard\libc_nano.a(libc_a-memmove.o)
 .ARM.attributes
                0x0000099e       0x34 C:/ST/STM32CubeIDE_1.16.1/STM32CubeIDE/plugins/com.st.stm32cube.ide.mcu.externaltools.gnu-tools-for-stm32.12.3.rel1.win32_1.0.200.202406191623/tools/bin/../lib/gcc/arm-none-eabi/12.3.1/../../../../arm-none-eabi/lib/thumb/v7e-m+fp/hard\libc_nano.a(libc_a-sbrkr.o)
 .ARM.attributes
                0x000009d2       0x1c C:/ST/STM32CubeIDE_1.16.1/STM32CubeIDE/plugins/com.st.stm32cube.ide.mcu.externaltools.gnu-tools-for-stm32.12.3.rel1.win32_1.0.200.202406191623/tools/bin/../lib/gcc/arm-none-eabi/12.3.1/../../../../arm-none-eabi/lib/thumb/v7e-m+fp/hard\libc_nano.a(libc_a-memchr.o)
 .ARM.attributes
                0x000009ee       0x34 C:/ST/STM32CubeIDE_1.16.1/STM32CubeIDE/plugins/com.st.stm32cube.ide.mcu.externaltools.gnu-tools-for-stm32.12.3.rel1.win32_1.0.200.202406191623/tools/bin/../lib/gcc/arm-none-eabi/12.3.1/../../../../arm-none-eabi/lib/thumb/v7e-m+fp/hard\libc_nano.a(libc_a-memcpy-stub.o)
 .ARM.attributes
                0x00000a22       0x34 C:/ST/STM32CubeIDE_1.16.1/STM32CubeIDE/plugins/com.st.stm32cube.ide.mcu.externaltools.gnu-tools-for-stm32.12.3.rel1.win32_1.0.200.202406191623/tools/bin/../lib/gcc/arm-none-eabi/12.3.1/../../../../arm-none-eabi/lib/thumb/v7e-m+fp/hard\libc_nano.a(libc_a-reallocr.o)
 .ARM.attributes
                0x00000a56       0x34 C:/ST/STM32CubeIDE_1.16.1/STM32CubeIDE/plugins/com.st.stm32cube.ide.mcu.externaltools.gnu-tools-for-stm32.12.3.rel1.win32_1.0.200.202406191623/tools/bin/../lib/gcc/arm-none-eabi/12.3.1/../../../../arm-none-eabi/lib/thumb/v7e-m+fp/hard\libc_nano.a(libc_a-msizer.o)
 .ARM.attributes
                0x00000a8a       0x22 C:/ST/STM32CubeIDE_1.16.1/STM32CubeIDE/plugins/com.st.stm32cube.ide.mcu.externaltools.gnu-tools-for-stm32.12.3.rel1.win32_1.0.200.202406191623/tools/bin/../lib/gcc/arm-none-eabi/12.3.1/thumb/v7e-m+fp/hard\libgcc.a(_aeabi_uldivmod.o)
 .ARM.attributes
                0x00000aac       0x34 C:/ST/STM32CubeIDE_1.16.1/STM32CubeIDE/plugins/com.st.stm32cube.ide.mcu.externaltools.gnu-tools-for-stm32.12.3.rel1.win32_1.0.200.202406191623/tools/bin/../lib/gcc/arm-none-eabi/12.3.1/thumb/v7e-m+fp/hard\libgcc.a(_udivmoddi4.o)
 .ARM.attributes
                0x00000ae0       0x22 C:/ST/STM32CubeIDE_1.16.1/STM32CubeIDE/plugins/com.st.stm32cube.ide.mcu.externaltools.gnu-tools-for-stm32.12.3.rel1.win32_1.0.200.202406191623/tools/bin/../lib/gcc/arm-none-eabi/12.3.1/thumb/v7e-m+fp/hard\libgcc.a(_dvmd_tls.o)
 .ARM.attributes
                0x00000b02       0x22 C:/ST/STM32CubeIDE_1.16.1/STM32CubeIDE/plugins/com.st.stm32cube.ide.mcu.externaltools.gnu-tools-for-stm32.12.3.rel1.win32_1.0.200.202406191623/tools/bin/../lib/gcc/arm-none-eabi/12.3.1/thumb/v7e-m+fp/hard/crtn.o
OUTPUT(project.elf elf32-littlearm)
LOAD linker stubs
LOAD C:/ST/STM32CubeIDE_1.16.1/STM32CubeIDE/plugins/com.st.stm32cube.ide.mcu.externaltools.gnu-tools-for-stm32.12.3.rel1.win32_1.0.200.202406191623/tools/bin/../lib/gcc/arm-none-eabi/12.3.1/../../../../arm-none-eabi/lib/thumb/v7e-m+fp/hard\libc.a
LOAD C:/ST/STM32CubeIDE_1.16.1/STM32CubeIDE/plugins/com.st.stm32cube.ide.mcu.externaltools.gnu-tools-for-stm32.12.3.rel1.win32_1.0.200.202406191623/tools/bin/../lib/gcc/arm-none-eabi/12.3.1/../../../../arm-none-eabi/lib/thumb/v7e-m+fp/hard\libm.a
LOAD C:/ST/STM32CubeIDE_1.16.1/STM32CubeIDE/plugins/com.st.stm32cube.ide.mcu.externaltools.gnu-tools-for-stm32.12.3.rel1.win32_1.0.200.202406191623/tools/bin/../lib/gcc/arm-none-eabi/12.3.1/thumb/v7e-m+fp/hard\libgcc.a

.debug_info     0x00000000    0x12598
 .debug_info    0x00000000      0x323 ./Core/Src/clock_cfg.o
 .debug_info    0x00000323      0x31a ./Core/Src/drawing.o
 .debug_info    0x0000063d      0xa8b ./Core/Src/ds1307_for_stm32_hal.o
 .debug_info    0x000010c8      0x34f ./Core/Src/flash_mem.o
 .debug_info    0x00001417      0x704 ./Core/Src/gpio.o
 .debug_info    0x00001b1b      0x2e4 ./Core/Src/gpio_cfg.o
 .debug_info    0x00001dff      0x9da ./Core/Src/i2c.o
 .debug_info    0x000027d9      0x58e ./Core/Src/ili9341.o
 .debug_info    0x00002d67      0x621 ./Core/Src/ltdc_cfg.o
 .debug_info    0x00003388     0x1a10 ./Core/Src/main.o
 .debug_info    0x00004d98      0xc4a ./Core/Src/rc522.o
 .debug_info    0x000059e2      0x4e2 ./Core/Src/sdram_cfg.o
 .debug_info    0x00005ec4      0x965 ./Core/Src/spi.o
 .debug_info    0x00006829      0x55a ./Core/Src/spi_cfg.o
 .debug_info    0x00006d83      0x281 ./Core/Src/stm32f4xx_hal_msp.o
 .debug_info    0x00007004      0x16a ./Core/Src/stm32f4xx_it.o
 .debug_info    0x0000716e      0x168 ./Core/Src/sysmem.o
 .debug_info    0x000072d6      0x52e ./Core/Src/system_stm32f4xx.o
 .debug_info    0x00007804      0x935 ./Core/Src/usart.o
 .debug_info    0x00008139       0x30 ./Core/Startup/startup_stm32f429zitx.o
 .debug_info    0x00008169      0x9ba ./Drivers/STM32F4xx_HAL_Driver/Src/stm32f4xx_hal.o
 .debug_info    0x00008b23      0xdc2 ./Drivers/STM32F4xx_HAL_Driver/Src/stm32f4xx_hal_cortex.o
 .debug_info    0x000098e5      0x57d ./Drivers/STM32F4xx_HAL_Driver/Src/stm32f4xx_hal_flash.o
 .debug_info    0x00009e62      0x88d ./Drivers/STM32F4xx_HAL_Driver/Src/stm32f4xx_hal_flash_ex.o
 .debug_info    0x0000a6ef      0x6db ./Drivers/STM32F4xx_HAL_Driver/Src/stm32f4xx_hal_gpio.o
 .debug_info    0x0000adca     0x2421 ./Drivers/STM32F4xx_HAL_Driver/Src/stm32f4xx_hal_i2c.o
 .debug_info    0x0000d1eb      0x672 ./Drivers/STM32F4xx_HAL_Driver/Src/stm32f4xx_hal_i2c_ex.o
 .debug_info    0x0000d85d      0x8c7 ./Drivers/STM32F4xx_HAL_Driver/Src/stm32f4xx_hal_rcc.o
 .debug_info    0x0000e124     0x1525 ./Drivers/STM32F4xx_HAL_Driver/Src/stm32f4xx_hal_spi.o
 .debug_info    0x0000f649     0x2f4f ./Drivers/STM32F4xx_HAL_Driver/Src/stm32f4xx_hal_uart.o

.debug_abbrev   0x00000000     0x3533
 .debug_abbrev  0x00000000      0x106 ./Core/Src/clock_cfg.o
 .debug_abbrev  0x00000106       0xf4 ./Core/Src/drawing.o
 .debug_abbrev  0x000001fa      0x23a ./Core/Src/ds1307_for_stm32_hal.o
 .debug_abbrev  0x00000434      0x16c ./Core/Src/flash_mem.o
 .debug_abbrev  0x000005a0      0x174 ./Core/Src/gpio.o
 .debug_abbrev  0x00000714      0x102 ./Core/Src/gpio_cfg.o
 .debug_abbrev  0x00000816      0x20a ./Core/Src/i2c.o
 .debug_abbrev  0x00000a20      0x149 ./Core/Src/ili9341.o
 .debug_abbrev  0x00000b69      0x113 ./Core/Src/ltdc_cfg.o
 .debug_abbrev  0x00000c7c      0x3ce ./Core/Src/main.o
 .debug_abbrev  0x0000104a      0x2a3 ./Core/Src/rc522.o
 .debug_abbrev  0x000012ed      0x131 ./Core/Src/sdram_cfg.o
 .debug_abbrev  0x0000141e      0x1fa ./Core/Src/spi.o
 .debug_abbrev  0x00001618      0x155 ./Core/Src/spi_cfg.o
 .debug_abbrev  0x0000176d       0xd8 ./Core/Src/stm32f4xx_hal_msp.o
 .debug_abbrev  0x00001845       0xa0 ./Core/Src/stm32f4xx_it.o
 .debug_abbrev  0x000018e5       0xbc ./Core/Src/sysmem.o
 .debug_abbrev  0x000019a1      0x11a ./Core/Src/system_stm32f4xx.o
 .debug_abbrev  0x00001abb      0x1f9 ./Core/Src/usart.o
 .debug_abbrev  0x00001cb4       0x24 ./Core/Startup/startup_stm32f429zitx.o
 .debug_abbrev  0x00001cd8      0x214 ./Drivers/STM32F4xx_HAL_Driver/Src/stm32f4xx_hal.o
 .debug_abbrev  0x00001eec      0x31d ./Drivers/STM32F4xx_HAL_Driver/Src/stm32f4xx_hal_cortex.o
 .debug_abbrev  0x00002209      0x28c ./Drivers/STM32F4xx_HAL_Driver/Src/stm32f4xx_hal_flash.o
 .debug_abbrev  0x00002495      0x287 ./Drivers/STM32F4xx_HAL_Driver/Src/stm32f4xx_hal_flash_ex.o
 .debug_abbrev  0x0000271c      0x1d4 ./Drivers/STM32F4xx_HAL_Driver/Src/stm32f4xx_hal_gpio.o
 .debug_abbrev  0x000028f0      0x2ad ./Drivers/STM32F4xx_HAL_Driver/Src/stm32f4xx_hal_i2c.o
 .debug_abbrev  0x00002b9d      0x157 ./Drivers/STM32F4xx_HAL_Driver/Src/stm32f4xx_hal_i2c_ex.o
 .debug_abbrev  0x00002cf4      0x2b7 ./Drivers/STM32F4xx_HAL_Driver/Src/stm32f4xx_hal_rcc.o
 .debug_abbrev  0x00002fab      0x27a ./Drivers/STM32F4xx_HAL_Driver/Src/stm32f4xx_hal_spi.o
 .debug_abbrev  0x00003225      0x30e ./Drivers/STM32F4xx_HAL_Driver/Src/stm32f4xx_hal_uart.o

.debug_aranges  0x00000000     0x10b0
 .debug_aranges
                0x00000000       0x28 ./Core/Src/clock_cfg.o
 .debug_aranges
                0x00000028       0x40 ./Core/Src/drawing.o
 .debug_aranges
                0x00000068       0xe8 ./Core/Src/ds1307_for_stm32_hal.o
 .debug_aranges
                0x00000150       0x40 ./Core/Src/flash_mem.o
 .debug_aranges
                0x00000190       0x20 ./Core/Src/gpio.o
 .debug_aranges
                0x000001b0       0x20 ./Core/Src/gpio_cfg.o
 .debug_aranges
                0x000001d0       0x30 ./Core/Src/i2c.o
 .debug_aranges
                0x00000200       0x58 ./Core/Src/ili9341.o
 .debug_aranges
                0x00000258       0x28 ./Core/Src/ltdc_cfg.o
 .debug_aranges
                0x00000280       0x90 ./Core/Src/main.o
 .debug_aranges
                0x00000310       0xa8 ./Core/Src/rc522.o
 .debug_aranges
                0x000003b8       0x28 ./Core/Src/sdram_cfg.o
 .debug_aranges
                0x000003e0       0x30 ./Core/Src/spi.o
 .debug_aranges
                0x00000410       0x38 ./Core/Src/spi_cfg.o
 .debug_aranges
                0x00000448       0x20 ./Core/Src/stm32f4xx_hal_msp.o
 .debug_aranges
                0x00000468       0x78 ./Core/Src/stm32f4xx_it.o
 .debug_aranges
                0x000004e0       0x20 ./Core/Src/sysmem.o
 .debug_aranges
                0x00000500       0x28 ./Core/Src/system_stm32f4xx.o
 .debug_aranges
                0x00000528       0x30 ./Core/Src/usart.o
 .debug_aranges
                0x00000558       0x28 ./Core/Startup/startup_stm32f429zitx.o
 .debug_aranges
                0x00000580      0x100 ./Drivers/STM32F4xx_HAL_Driver/Src/stm32f4xx_hal.o
 .debug_aranges
                0x00000680      0x130 ./Drivers/STM32F4xx_HAL_Driver/Src/stm32f4xx_hal_cortex.o
 .debug_aranges
                0x000007b0       0xa0 ./Drivers/STM32F4xx_HAL_Driver/Src/stm32f4xx_hal_flash.o
 .debug_aranges
                0x00000850       0xd8 ./Drivers/STM32F4xx_HAL_Driver/Src/stm32f4xx_hal_flash_ex.o
 .debug_aranges
                0x00000928       0x58 ./Drivers/STM32F4xx_HAL_Driver/Src/stm32f4xx_hal_gpio.o
 .debug_aranges
                0x00000980      0x2a8 ./Drivers/STM32F4xx_HAL_Driver/Src/stm32f4xx_hal_i2c.o
 .debug_aranges
                0x00000c28       0x28 ./Drivers/STM32F4xx_HAL_Driver/Src/stm32f4xx_hal_i2c_ex.o
 .debug_aranges
                0x00000c50       0x88 ./Drivers/STM32F4xx_HAL_Driver/Src/stm32f4xx_hal_rcc.o
 .debug_aranges
                0x00000cd8      0x1d0 ./Drivers/STM32F4xx_HAL_Driver/Src/stm32f4xx_hal_spi.o
 .debug_aranges
                0x00000ea8      0x208 ./Drivers/STM32F4xx_HAL_Driver/Src/stm32f4xx_hal_uart.o

.debug_rnglists
                0x00000000      0xcb8
 .debug_rnglists
                0x00000000       0x1a ./Core/Src/clock_cfg.o
 .debug_rnglists
                0x0000001a       0x2d ./Core/Src/drawing.o
 .debug_rnglists
                0x00000047       0xa9 ./Core/Src/ds1307_for_stm32_hal.o
 .debug_rnglists
                0x000000f0       0x2c ./Core/Src/flash_mem.o
 .debug_rnglists
                0x0000011c       0x14 ./Core/Src/gpio.o
 .debug_rnglists
                0x00000130       0x14 ./Core/Src/gpio_cfg.o
 .debug_rnglists
                0x00000144       0x21 ./Core/Src/i2c.o
 .debug_rnglists
                0x00000165       0x3e ./Core/Src/ili9341.o
 .debug_rnglists
                0x000001a3       0x1b ./Core/Src/ltdc_cfg.o
 .debug_rnglists
                0x000001be       0x70 ./Core/Src/main.o
 .debug_rnglists
                0x0000022e       0x7e ./Core/Src/rc522.o
 .debug_rnglists
                0x000002ac       0x1b ./Core/Src/sdram_cfg.o
 .debug_rnglists
                0x000002c7       0x20 ./Core/Src/spi.o
 .debug_rnglists
                0x000002e7       0x25 ./Core/Src/spi_cfg.o
 .debug_rnglists
                0x0000030c       0x13 ./Core/Src/stm32f4xx_hal_msp.o
 .debug_rnglists
                0x0000031f       0x55 ./Core/Src/stm32f4xx_it.o
 .debug_rnglists
                0x00000374       0x13 ./Core/Src/sysmem.o
 .debug_rnglists
                0x00000387       0x1a ./Core/Src/system_stm32f4xx.o
 .debug_rnglists
                0x000003a1       0x20 ./Core/Src/usart.o
 .debug_rnglists
                0x000003c1       0x19 ./Core/Startup/startup_stm32f429zitx.o
 .debug_rnglists
                0x000003da       0xbb ./Drivers/STM32F4xx_HAL_Driver/Src/stm32f4xx_hal.o
 .debug_rnglists
                0x00000495       0xe0 ./Drivers/STM32F4xx_HAL_Driver/Src/stm32f4xx_hal_cortex.o
 .debug_rnglists
                0x00000575       0x78 ./Drivers/STM32F4xx_HAL_Driver/Src/stm32f4xx_hal_flash.o
 .debug_rnglists
                0x000005ed       0xa6 ./Drivers/STM32F4xx_HAL_Driver/Src/stm32f4xx_hal_flash_ex.o
 .debug_rnglists
                0x00000693       0x3f ./Drivers/STM32F4xx_HAL_Driver/Src/stm32f4xx_hal_gpio.o
 .debug_rnglists
                0x000006d2      0x23c ./Drivers/STM32F4xx_HAL_Driver/Src/stm32f4xx_hal_i2c.o
 .debug_rnglists
                0x0000090e       0x19 ./Drivers/STM32F4xx_HAL_Driver/Src/stm32f4xx_hal_i2c_ex.o
 .debug_rnglists
                0x00000927       0x66 ./Drivers/STM32F4xx_HAL_Driver/Src/stm32f4xx_hal_rcc.o
 .debug_rnglists
                0x0000098d      0x16f ./Drivers/STM32F4xx_HAL_Driver/Src/stm32f4xx_hal_spi.o
 .debug_rnglists
                0x00000afc      0x1bc ./Drivers/STM32F4xx_HAL_Driver/Src/stm32f4xx_hal_uart.o

.debug_macro    0x00000000    0x258ca
 .debug_macro   0x00000000      0x1e6 ./Core/Src/clock_cfg.o
 .debug_macro   0x000001e6      0xab4 ./Core/Src/clock_cfg.o
 .debug_macro   0x00000c9a       0x2e ./Core/Src/clock_cfg.o
 .debug_macro   0x00000cc8       0x28 ./Core/Src/clock_cfg.o
 .debug_macro   0x00000cf0       0x22 ./Core/Src/clock_cfg.o
 .debug_macro   0x00000d12       0x8e ./Core/Src/clock_cfg.o
 .debug_macro   0x00000da0       0x51 ./Core/Src/clock_cfg.o
 .debug_macro   0x00000df1      0x103 ./Core/Src/clock_cfg.o
 .debug_macro   0x00000ef4       0x6a ./Core/Src/clock_cfg.o
 .debug_macro   0x00000f5e      0x1df ./Core/Src/clock_cfg.o
 .debug_macro   0x0000113d       0x1c ./Core/Src/clock_cfg.o
 .debug_macro   0x00001159       0x22 ./Core/Src/clock_cfg.o
 .debug_macro   0x0000117b       0xfb ./Core/Src/clock_cfg.o
 .debug_macro   0x00001276     0x1011 ./Core/Src/clock_cfg.o
 .debug_macro   0x00002287      0x11f ./Core/Src/clock_cfg.o
 .debug_macro   0x000023a6    0x17fd8 ./Core/Src/clock_cfg.o
 .debug_macro   0x0001a37e       0x6d ./Core/Src/clock_cfg.o
 .debug_macro   0x0001a3eb      0x2a1 ./Core/Src/clock_cfg.o
 .debug_macro   0x0001a68c     0x3711 ./Core/Src/clock_cfg.o
 .debug_macro   0x0001dd9d      0x189 ./Core/Src/clock_cfg.o
 .debug_macro   0x0001df26       0x5c ./Core/Src/clock_cfg.o
 .debug_macro   0x0001df82      0xcba ./Core/Src/clock_cfg.o
 .debug_macro   0x0001ec3c      0x9e9 ./Core/Src/clock_cfg.o
 .debug_macro   0x0001f625      0x115 ./Core/Src/clock_cfg.o
 .debug_macro   0x0001f73a      0x156 ./Core/Src/clock_cfg.o
 .debug_macro   0x0001f890       0xa5 ./Core/Src/clock_cfg.o
 .debug_macro   0x0001f935      0x182 ./Core/Src/clock_cfg.o
 .debug_macro   0x0001fab7      0x287 ./Core/Src/clock_cfg.o
 .debug_macro   0x0001fd3e       0x5f ./Core/Src/clock_cfg.o
 .debug_macro   0x0001fd9d      0x236 ./Core/Src/clock_cfg.o
 .debug_macro   0x0001ffd3      0x132 ./Core/Src/clock_cfg.o
 .debug_macro   0x00020105      0x41d ./Core/Src/clock_cfg.o
 .debug_macro   0x00020522       0x2e ./Core/Src/clock_cfg.o
 .debug_macro   0x00020550      0x1b5 ./Core/Src/clock_cfg.o
 .debug_macro   0x00020705       0x22 ./Core/Src/clock_cfg.o
 .debug_macro   0x00020727       0xd6 ./Core/Src/clock_cfg.o
 .debug_macro   0x000207fd      0x127 ./Core/Src/clock_cfg.o
 .debug_macro   0x00020924       0xe2 ./Core/Src/clock_cfg.o
 .debug_macro   0x00020a06       0x89 ./Core/Src/clock_cfg.o
 .debug_macro   0x00020a8f      0x225 ./Core/Src/clock_cfg.o
 .debug_macro   0x00020cb4      0x2aa ./Core/Src/clock_cfg.o
 .debug_macro   0x00020f5e      0x134 ./Core/Src/clock_cfg.o
 .debug_macro   0x00021092       0x3a ./Core/Src/clock_cfg.o
 .debug_macro   0x000210cc       0x81 ./Core/Src/drawing.o
 .debug_macro   0x0002114d       0x10 ./Core/Src/drawing.o
 .debug_macro   0x0002115d       0x3a ./Core/Src/drawing.o
 .debug_macro   0x00021197      0x1fa ./Core/Src/ds1307_for_stm32_hal.o
 .debug_macro   0x00021391       0x58 ./Core/Src/ds1307_for_stm32_hal.o
 .debug_macro   0x000213e9      0x2b5 ./Core/Src/flash_mem.o
 .debug_macro   0x0002169e       0x61 ./Core/Src/flash_mem.o
 .debug_macro   0x000216ff       0x2a ./Core/Src/flash_mem.o
 .debug_macro   0x00021729       0x43 ./Core/Src/flash_mem.o
 .debug_macro   0x0002176c       0x34 ./Core/Src/flash_mem.o
 .debug_macro   0x000217a0       0x16 ./Core/Src/flash_mem.o
 .debug_macro   0x000217b6       0x43 ./Core/Src/flash_mem.o
 .debug_macro   0x000217f9       0x34 ./Core/Src/flash_mem.o
 .debug_macro   0x0002182d       0x10 ./Core/Src/flash_mem.o
 .debug_macro   0x0002183d       0x58 ./Core/Src/flash_mem.o
 .debug_macro   0x00021895       0x8e ./Core/Src/flash_mem.o
 .debug_macro   0x00021923       0x1c ./Core/Src/flash_mem.o
 .debug_macro   0x0002193f      0x177 ./Core/Src/flash_mem.o
 .debug_macro   0x00021ab6      0x369 ./Core/Src/flash_mem.o
 .debug_macro   0x00021e1f       0x10 ./Core/Src/flash_mem.o
 .debug_macro   0x00021e2f       0x35 ./Core/Src/flash_mem.o
 .debug_macro   0x00021e64       0x20 ./Core/Src/flash_mem.o
 .debug_macro   0x00021e84      0x1f1 ./Core/Src/gpio.o
 .debug_macro   0x00022075      0x1e6 ./Core/Src/gpio_cfg.o
 .debug_macro   0x0002225b       0x22 ./Core/Src/gpio_cfg.o
 .debug_macro   0x0002227d      0x1f1 ./Core/Src/i2c.o
 .debug_macro   0x0002246e      0x1f3 ./Core/Src/ili9341.o
 .debug_macro   0x00022661      0x1fc ./Core/Src/ili9341.o
 .debug_macro   0x0002285d      0x1f8 ./Core/Src/ltdc_cfg.o
 .debug_macro   0x00022a55      0x38c ./Core/Src/main.o
 .debug_macro   0x00022de1       0x1c ./Core/Src/main.o
 .debug_macro   0x00022dfd       0x10 ./Core/Src/main.o
 .debug_macro   0x00022e0d       0x1c ./Core/Src/main.o
 .debug_macro   0x00022e29       0x16 ./Core/Src/main.o
 .debug_macro   0x00022e3f      0x146 ./Core/Src/main.o
 .debug_macro   0x00022f85       0x28 ./Core/Src/main.o
 .debug_macro   0x00022fad       0x5e ./Core/Src/main.o
 .debug_macro   0x0002300b      0x23e ./Core/Src/main.o
 .debug_macro   0x00023249      0x1e6 ./Core/Src/rc522.o
 .debug_macro   0x0002342f      0x249 ./Core/Src/sdram_cfg.o
 .debug_macro   0x00023678      0x1f1 ./Core/Src/spi.o
 .debug_macro   0x00023869      0x1ea ./Core/Src/spi_cfg.o
 .debug_macro   0x00023a53      0x1e7 ./Core/Src/stm32f4xx_hal_msp.o
 .debug_macro   0x00023c3a      0x1f1 ./Core/Src/stm32f4xx_it.o
 .debug_macro   0x00023e2b       0xff ./Core/Src/sysmem.o
 .debug_macro   0x00023f2a      0x23c ./Core/Src/sysmem.o
 .debug_macro   0x00024166      0x1dd ./Core/Src/system_stm32f4xx.o
 .debug_macro   0x00024343      0x1f1 ./Core/Src/usart.o
 .debug_macro   0x00024534      0x23d ./Drivers/STM32F4xx_HAL_Driver/Src/stm32f4xx_hal.o
 .debug_macro   0x00024771      0x1dd ./Drivers/STM32F4xx_HAL_Driver/Src/stm32f4xx_hal_cortex.o
 .debug_macro   0x0002494e      0x1e3 ./Drivers/STM32F4xx_HAL_Driver/Src/stm32f4xx_hal_flash.o
 .debug_macro   0x00024b31      0x1e3 ./Drivers/STM32F4xx_HAL_Driver/Src/stm32f4xx_hal_flash_ex.o
 .debug_macro   0x00024d14      0x1e3 ./Drivers/STM32F4xx_HAL_Driver/Src/stm32f4xx_hal_gpio.o
 .debug_macro   0x00024ef7      0x22b ./Drivers/STM32F4xx_HAL_Driver/Src/stm32f4xx_hal_i2c.o
 .debug_macro   0x00025122      0x1dd ./Drivers/STM32F4xx_HAL_Driver/Src/stm32f4xx_hal_i2c_ex.o
 .debug_macro   0x000252ff      0x201 ./Drivers/STM32F4xx_HAL_Driver/Src/stm32f4xx_hal_rcc.o
 .debug_macro   0x00025500      0x1ec ./Drivers/STM32F4xx_HAL_Driver/Src/stm32f4xx_hal_spi.o
 .debug_macro   0x000256ec      0x1de ./Drivers/STM32F4xx_HAL_Driver/Src/stm32f4xx_hal_uart.o

.debug_line     0x00000000    0x17924
 .debug_line    0x00000000      0x873 ./Core/Src/clock_cfg.o
 .debug_line    0x00000873      0x575 ./Core/Src/drawing.o
 .debug_line    0x00000de8      0xa51 ./Core/Src/ds1307_for_stm32_hal.o
 .debug_line    0x00001839      0xa06 ./Core/Src/flash_mem.o
 .debug_line    0x0000223f      0x7b8 ./Core/Src/gpio.o
 .debug_line    0x000029f7      0x814 ./Core/Src/gpio_cfg.o
 .debug_line    0x0000320b      0x7f3 ./Core/Src/i2c.o
 .debug_line    0x000039fe      0x8a1 ./Core/Src/ili9341.o
 .debug_line    0x0000429f      0x7fa ./Core/Src/ltdc_cfg.o
 .debug_line    0x00004a99      0xf46 ./Core/Src/main.o
 .debug_line    0x000059df      0xc61 ./Core/Src/rc522.o
 .debug_line    0x00006640      0x8a1 ./Core/Src/sdram_cfg.o
 .debug_line    0x00006ee1      0x7d7 ./Core/Src/spi.o
 .debug_line    0x000076b8      0x869 ./Core/Src/spi_cfg.o
 .debug_line    0x00007f21      0x766 ./Core/Src/stm32f4xx_hal_msp.o
 .debug_line    0x00008687      0x870 ./Core/Src/stm32f4xx_it.o
 .debug_line    0x00008ef7      0x583 ./Core/Src/sysmem.o
 .debug_line    0x0000947a      0x7ea ./Core/Src/system_stm32f4xx.o
 .debug_line    0x00009c64      0x7cf ./Core/Src/usart.o
 .debug_line    0x0000a433       0x7a ./Core/Startup/startup_stm32f429zitx.o
 .debug_line    0x0000a4ad      0xa89 ./Drivers/STM32F4xx_HAL_Driver/Src/stm32f4xx_hal.o
 .debug_line    0x0000af36      0xd45 ./Drivers/STM32F4xx_HAL_Driver/Src/stm32f4xx_hal_cortex.o
 .debug_line    0x0000bc7b      0xb14 ./Drivers/STM32F4xx_HAL_Driver/Src/stm32f4xx_hal_flash.o
 .debug_line    0x0000c78f      0xda1 ./Drivers/STM32F4xx_HAL_Driver/Src/stm32f4xx_hal_flash_ex.o
 .debug_line    0x0000d530      0xc07 ./Drivers/STM32F4xx_HAL_Driver/Src/stm32f4xx_hal_gpio.o
 .debug_line    0x0000e137     0x3b99 ./Drivers/STM32F4xx_HAL_Driver/Src/stm32f4xx_hal_i2c.o
 .debug_line    0x00011cd0      0x7e0 ./Drivers/STM32F4xx_HAL_Driver/Src/stm32f4xx_hal_i2c_ex.o
 .debug_line    0x000124b0      0xdde ./Drivers/STM32F4xx_HAL_Driver/Src/stm32f4xx_hal_rcc.o
 .debug_line    0x0001328e     0x1d71 ./Drivers/STM32F4xx_HAL_Driver/Src/stm32f4xx_hal_spi.o
 .debug_line    0x00014fff     0x2925 ./Drivers/STM32F4xx_HAL_Driver/Src/stm32f4xx_hal_uart.o

.debug_str      0x00000000    0xd7fe1
 .debug_str     0x00000000    0xcea0e ./Core/Src/clock_cfg.o
                              0xcec8f (size before relaxing)
 .debug_str     0x000cea0e      0x1a2 ./Core/Src/drawing.o
                               0x3ea5 (size before relaxing)
 .debug_str     0x000cebb0      0x910 ./Core/Src/ds1307_for_stm32_hal.o
                              0xcf43c (size before relaxing)
 .debug_str     0x000cf4c0     0x32bc ./Core/Src/flash_mem.o
                              0xd1dca (size before relaxing)
 .debug_str     0x000d277c      0x650 ./Core/Src/gpio.o
                              0xcf22d (size before relaxing)
 .debug_str     0x000d2dcc      0x269 ./Core/Src/gpio_cfg.o
                              0xced49 (size before relaxing)
 .debug_str     0x000d3035       0x87 ./Core/Src/i2c.o
                              0xcf218 (size before relaxing)
 .debug_str     0x000d30bc      0x699 ./Core/Src/ili9341.o
                              0xcf4d6 (size before relaxing)
 .debug_str     0x000d3755       0xc0 ./Core/Src/ltdc_cfg.o
                              0xcef77 (size before relaxing)
 .debug_str     0x000d3815     0x113c ./Core/Src/main.o
                              0xd43e0 (size before relaxing)
 .debug_str     0x000d4951      0x34a ./Core/Src/rc522.o
                              0xcf7f2 (size before relaxing)
 .debug_str     0x000d4c9b      0x180 ./Core/Src/sdram_cfg.o
                              0xceff6 (size before relaxing)
 .debug_str     0x000d4e1b       0x4b ./Core/Src/spi.o
                              0xcf135 (size before relaxing)
 .debug_str     0x000d4e66       0x24 ./Core/Src/spi_cfg.o
                              0xceea9 (size before relaxing)
 .debug_str     0x000d4e8a       0x2c ./Core/Src/stm32f4xx_hal_msp.o
                              0xcebde (size before relaxing)
 .debug_str     0x000d4eb6      0x119 ./Core/Src/stm32f4xx_it.o
                              0xcebb5 (size before relaxing)
 .debug_str     0x000d4fcf      0x4dc ./Core/Src/sysmem.o
                               0x60b7 (size before relaxing)
 .debug_str     0x000d54ab       0x87 ./Core/Src/system_stm32f4xx.o
                              0xcec8e (size before relaxing)
 .debug_str     0x000d5532      0x1e4 ./Core/Src/usart.o
                              0xcf166 (size before relaxing)
 .debug_str     0x000d5716       0x44 ./Core/Startup/startup_stm32f429zitx.o
                                 0x6a (size before relaxing)
 .debug_str     0x000d575a      0x603 ./Drivers/STM32F4xx_HAL_Driver/Src/stm32f4xx_hal.o
                              0xcf8b1 (size before relaxing)
 .debug_str     0x000d5d5d      0x32f ./Drivers/STM32F4xx_HAL_Driver/Src/stm32f4xx_hal_cortex.o
                              0xcf5df (size before relaxing)
 .debug_str     0x000d608c      0x28c ./Drivers/STM32F4xx_HAL_Driver/Src/stm32f4xx_hal_flash.o
                              0xcee6b (size before relaxing)
 .debug_str     0x000d6318      0x30f ./Drivers/STM32F4xx_HAL_Driver/Src/stm32f4xx_hal_flash_ex.o
                              0xceff2 (size before relaxing)
 .debug_str     0x000d6627       0xe8 ./Drivers/STM32F4xx_HAL_Driver/Src/stm32f4xx_hal_gpio.o
                              0xcee09 (size before relaxing)
 .debug_str     0x000d670f      0xb33 ./Drivers/STM32F4xx_HAL_Driver/Src/stm32f4xx_hal_i2c.o
                              0xcfc9e (size before relaxing)
 .debug_str     0x000d7242       0x3b ./Drivers/STM32F4xx_HAL_Driver/Src/stm32f4xx_hal_i2c_ex.o
                              0xcf05d (size before relaxing)
 .debug_str     0x000d727d      0x208 ./Drivers/STM32F4xx_HAL_Driver/Src/stm32f4xx_hal_rcc.o
                              0xcf0c2 (size before relaxing)
 .debug_str     0x000d7485      0x54d ./Drivers/STM32F4xx_HAL_Driver/Src/stm32f4xx_hal_spi.o
                              0xcf539 (size before relaxing)
 .debug_str     0x000d79d2      0x60f ./Drivers/STM32F4xx_HAL_Driver/Src/stm32f4xx_hal_uart.o
                              0xcf690 (size before relaxing)

.comment        0x00000000       0x43
 .comment       0x00000000       0x43 ./Core/Src/clock_cfg.o
                                 0x44 (size before relaxing)
 .comment       0x00000043       0x44 ./Core/Src/drawing.o
 .comment       0x00000043       0x44 ./Core/Src/ds1307_for_stm32_hal.o
 .comment       0x00000043       0x44 ./Core/Src/flash_mem.o
 .comment       0x00000043       0x44 ./Core/Src/gpio.o
 .comment       0x00000043       0x44 ./Core/Src/gpio_cfg.o
 .comment       0x00000043       0x44 ./Core/Src/i2c.o
 .comment       0x00000043       0x44 ./Core/Src/ili9341.o
 .comment       0x00000043       0x44 ./Core/Src/ltdc_cfg.o
 .comment       0x00000043       0x44 ./Core/Src/main.o
 .comment       0x00000043       0x44 ./Core/Src/rc522.o
 .comment       0x00000043       0x44 ./Core/Src/sdram_cfg.o
 .comment       0x00000043       0x44 ./Core/Src/spi.o
 .comment       0x00000043       0x44 ./Core/Src/spi_cfg.o
 .comment       0x00000043       0x44 ./Core/Src/stm32f4xx_hal_msp.o
 .comment       0x00000043       0x44 ./Core/Src/stm32f4xx_it.o
 .comment       0x00000043       0x44 ./Core/Src/sysmem.o
 .comment       0x00000043       0x44 ./Core/Src/system_stm32f4xx.o
 .comment       0x00000043       0x44 ./Core/Src/usart.o
 .comment       0x00000043       0x44 ./Drivers/STM32F4xx_HAL_Driver/Src/stm32f4xx_hal.o
 .comment       0x00000043       0x44 ./Drivers/STM32F4xx_HAL_Driver/Src/stm32f4xx_hal_cortex.o
 .comment       0x00000043       0x44 ./Drivers/STM32F4xx_HAL_Driver/Src/stm32f4xx_hal_flash.o
 .comment       0x00000043       0x44 ./Drivers/STM32F4xx_HAL_Driver/Src/stm32f4xx_hal_flash_ex.o
 .comment       0x00000043       0x44 ./Drivers/STM32F4xx_HAL_Driver/Src/stm32f4xx_hal_gpio.o
 .comment       0x00000043       0x44 ./Drivers/STM32F4xx_HAL_Driver/Src/stm32f4xx_hal_i2c.o
 .comment       0x00000043       0x44 ./Drivers/STM32F4xx_HAL_Driver/Src/stm32f4xx_hal_i2c_ex.o
 .comment       0x00000043       0x44 ./Drivers/STM32F4xx_HAL_Driver/Src/stm32f4xx_hal_rcc.o
 .comment       0x00000043       0x44 ./Drivers/STM32F4xx_HAL_Driver/Src/stm32f4xx_hal_spi.o
 .comment       0x00000043       0x44 ./Drivers/STM32F4xx_HAL_Driver/Src/stm32f4xx_hal_uart.o
