../Drivers/CMSIS/Include/core_cm4.h:1814:22:__NVIC_SetPriority	16	static
../Drivers/CMSIS/Include/core_cm4.h:2022:26:SysTick_Config	16	static
../Core/Src/main.c:151:6:HAL_GPIO_EXTI_Callback	16	static
../Core/Src/main.c:191:13:Get_Name	40	static
../Core/Src/main.c:209:6:Set_Time	8	static
../Core/Src/main.c:220:6:UI_Init	88	static
../Core/Src/main.c:244:6:New_Page_Init	88	static
../Core/Src/main.c:264:6:printStudent	80	static
../Core/Src/main.c:284:6:Print_Students_InPg	24	static
../Core/Src/main.c:289:6:Get_Time	64	static
../Core/Src/main.c:301:6:Address_Init	32	static
../Core/Src/main.c:313:6:New_SS	48	static
../Core/Src/main.c:318:9:isDuplicateID	32	static
../Core/Src/main.c:337:5:main	7304	static,ignoring_inline_asm
../Core/Src/main.c:550:6:SystemClock_Config	88	static
../Core/Src/main.c:595:6:Error_Handler	4	static,ignoring_inline_asm
